IQ-TREE multicore version 2.3.6 for Linux x86 64-bit built Aug  1 2024
Developed by Bui Quang Minh, Nguyen Lam Tung, Olga Chernomor, Heiko Schmidt,
Dominik Schrempf, Michael Woodhams, Ly Trong Nhan, Thomas Wong

Host:    07be82772fbe (AVX2, FMA3, 503 GB RAM)
Command: /workspaces/maximum_likelihood_vs_bayesian_20260908_230005_3f2f2099/code/bin/iqtree2 -s /workspaces/maximum_likelihood_vs_bayesian_20260908_230005_3f2f2099/datasets/ebov_westafrica_makona/analysis.fasta -m MFP --prefix results/ebov_westafrica_makona/ebov_westafrica_makona_mlrep5 -T 2 -redo --quiet -seed 777
Seed:    777 (Using SPRNG - Scalable Parallel Random Number Generator)
Time:    Wed Sep  9 00:24:58 2026
Kernel:  AVX+FMA - 2 threads (32 CPU cores detected)

Reading alignment file /workspaces/maximum_likelihood_vs_bayesian_20260908_230005_3f2f2099/datasets/ebov_westafrica_makona/analysis.fasta ... Fasta format detected
Reading fasta file: done in 0.0448821 secs using 45.92% CPU
Alignment most likely contains DNA/RNA sequences
WARNING: 1 sites contain only gaps or ambiguous characters.
Alignment has 150 sequences with 18979 columns, 1105 distinct patterns
205 parsimony-informative, 358 singleton sites, 18416 constant sites
          Gap/Ambiguity  Composition  p-value
Analyzing sequences: done in 0.000258591 secs using 214.2% CPU
   1  KP096421    0.12%    passed     99.79%
   2  KX000400    0.15%    passed     99.30%
   3  KY425654    0.34%    passed     99.72%
   4  KT013256    0.11%    passed     99.82%
   5  KY425648    0.36%    passed     99.86%
   6  KU978801    0.31%    passed     99.70%
   7  KR817189    0.24%    passed     99.58%
   8  KR817179    0.11%    passed     99.66%
   9  KR817180    0.25%    passed     99.49%
  10  KR817194    0.11%    passed     99.72%
  11  KR817190    0.22%    passed     99.72%
  12  KR817191    0.24%    passed     99.71%
  13  KR817205    0.11%    passed     99.50%
  14  KR817208    0.24%    passed     99.37%
  15  KR817209    0.11%    passed     99.41%
  16  KR817214    0.11%    passed     99.57%
  17  KR817216    0.11%    passed     99.65%
  18  KM233049    0.17%    passed     99.45%
  19  KM233035    0.35%    passed     99.86%
  20  KM233038    0.34%    passed     99.86%
  21  KR817220    0.24%    passed     99.70%
  22  KR817224    0.11%    passed     99.81%
  23  KM233064    0.93%    passed     99.94%
  24  KM233073    0.35%    passed     99.84%
  25  KM233097    0.14%    passed     99.74%
  26  KM233101    0.54%    passed    100.00%
  27  KM233105    0.34%    passed     99.88%
  28  KR817231    0.24%    passed     99.70%
  29  KR817232    0.11%    passed     99.86%
  30  KR817233    0.11%    passed     99.74%
  31  KT725320    1.50%    passed     99.71%
  32  KT725262    0.71%    passed     99.98%
  33  KT725336    2.99%    passed     88.87%
  34  KR817239    0.11%    passed     99.86%
  35  KU143821    0.11%    passed     99.88%
  36  KR817240    0.11%    passed     99.55%
  37  KR817115    0.26%    passed     99.83%
  38  KR105273    1.06%    passed     99.64%
  39  KR105274    0.60%    passed    100.00%
  40  KR534512    0.35%    passed     99.86%
  41  KR534513    0.11%    passed     99.65%
  42  KR105290    1.01%    passed     91.56%
  43  KR534514    0.13%    passed     99.73%
  44  KT725278    1.04%    passed     99.87%
  45  KR817128    0.11%    passed     99.69%
  46  KT725377    0.65%    passed     99.96%
  47  KR105298    0.27%    passed     99.91%
  48  KT725390    1.45%    passed     99.58%
  49  KR817130    0.11%    passed     99.66%
  50  KR534520    0.13%    passed     99.70%
  51  KR105309    3.44%    passed     60.07%
  52  KX009899    0.57%    passed     99.94%
  53  KR817072    0.17%    passed     99.73%
  54  KR817075    0.12%    passed     99.64%
  55  KR534527    0.14%    passed     99.76%
  56  KT725321    3.28%    passed     91.48%
  57  KR105339    0.72%    passed     99.86%
  58  KP759734    0.52%    passed     99.99%
  59  KR817082    0.11%    passed     99.95%
  60  KT725361    2.11%    passed     98.70%
  61  KP759717    0.52%    passed     99.99%
  62  KR817136    0.12%    passed     99.54%
  63  KX009904    0.67%    passed     99.99%
  64  KT633510    0.62%    passed     99.99%
  65  KP759750    0.52%    passed    100.00%
  66  KR817145    0.51%    passed    100.00%
  67  KR534571    0.12%    passed     99.32%
  68  KR006940    8.73%    passed     75.73%
  69  KP759614    0.90%    passed     99.95%
  70  KP759701    0.52%    passed    100.00%
  71  KR817156    0.91%    passed     99.74%
  72  KR006948    2.22%    passed     96.31%
  73  KR653271    0.28%    passed     99.49%
  74  KT725327    2.68%    passed     92.62%
  75  KR653259    0.34%    passed     99.89%
  76  KX009909    0.66%    passed     99.98%
  77  KR817160    1.19%    passed     99.82%
  78  KX009911    0.57%    passed     99.80%
  79  KR817162    0.11%    passed     99.93%
  80  KU296735    3.04%    passed     88.48%
  81  KR817177    0.11%    passed     99.68%
  82  KT633509    1.27%    passed     99.62%
  83  KU296606    0.50%    passed     99.99%
  84  KU220283    1.48%    passed     99.48%
  85  KR817097    0.48%    passed     99.97%
  86  KR817098    0.11%    passed     99.72%
  87  KU296387    0.50%    passed     99.83%
  88  KU296582    0.50%    passed     99.97%
  89  KT357825    3.07%    passed     99.42%
  90  KU220284    0.37%    passed     99.91%
  91  KR006960    3.63%    passed     94.97%
  92  KU296354    1.16%    passed     99.67%
  93  KR817103    0.30%    passed     99.81%
  94  KU296637    0.49%    passed     99.99%
  95  KT725384    0.66%    passed     99.98%
  96  LC152433    0.24%    passed     99.88%
  97  KU296336    1.23%    passed     99.74%
  98  KU296680    0.54%    passed     99.97%
  99  KU296451    0.50%    passed     99.85%
 100  LT630494    7.42%    passed     97.73%
 101  KT587343    3.18%    passed     88.57%
 102  LT630498    7.38%    passed     97.90%
 103  LT630499    7.50%    passed     98.13%
 104  LT630537    7.89%    passed     97.20%
 105  KU296768    0.50%    passed     99.84%
 106  KU296550    2.85%    passed     89.46%
 107  KY366416    0.71%    passed     99.95%
 108  KU296769    0.95%    passed     99.86%
 109  LT630509    7.38%    passed     96.61%
 110  LT630513    7.44%    passed     98.85%
 111  LT630521    7.60%    passed     98.72%
 112  LT630587    7.37%    passed     98.02%
 113  KU296322    0.56%    passed     99.96%
 114  LT630576    7.47%    passed     95.95%
 115  KU296793    0.52%    passed     99.96%
 116  LT630543    7.48%    passed     98.10%
 117  LT630544    7.41%    passed     95.03%
 118  LT630594    7.45%    passed     98.49%
 119  KU296618    0.56%    passed     99.94%
 120  KU296603    1.59%    passed     98.32%
 121  KU220269    0.24%    passed     99.49%
 122  KU220270    0.90%    passed     99.73%
 123  KR074997    0.11%    passed     99.77%
 124  KR074998    0.11%    passed     99.72%
 125  KR075000    0.11%    passed     99.89%
 126  KY426689    0.11%    passed     99.55%
 127  KY426707    0.11%    passed     99.93%
 128  KY426710    0.11%    passed     99.78%
 129  KY426717    0.11%    passed     99.98%
 130  KY426720    0.11%    passed     99.97%
 131  KU220271    0.37%    passed     99.89%
 132  LT630555    8.17%    passed     98.70%
 133  KU220272    0.29%    passed     99.81%
 134  KU220273    0.92%    passed     99.82%
 135  KU220274    1.53%    passed     99.88%
 136  KU220275    1.22%    passed     99.53%
 137  KU296357    0.51%    passed     99.90%
 138  KU296566    1.32%    passed     96.94%
 139  LT630559    7.47%    passed     96.56%
 140  KU296522    0.50%    passed     99.94%
 141  LT630598    7.40%    passed     97.65%
 142  LT630600    7.81%    passed     94.45%
 143  LT630601    7.58%    passed     98.24%
 144  LT630602    7.41%    passed     97.71%
 145  LT630604    8.57%    passed     98.57%
 146  LT630579    7.41%    passed     98.28%
 147  LT630563    7.65%    passed     97.60%
 148  KX121193    1.23%    passed     99.41%
 149  KX121194    0.87%    passed     99.97%
 150  KY007525    0.43%    passed     99.99%
****  TOTAL       1.70%  0 sequences failed composition chi2 test (p-value<5%; df=3)


Create initial parsimony tree by phylogenetic likelihood library (PLL)... 0.013 seconds
Perform fast likelihood tree search using GTR+I+G model...
Estimate model parameters (epsilon = 5.000)
Perform nearest neighbor interchange...
Estimate model parameters (epsilon = 1.000)
1. Initial log-likelihood: -31951.936
Optimal log-likelihood: -31951.626
Rate parameters:  A-C: 1.37220  A-G: 6.60113  A-T: 0.68046  C-G: 0.63242  C-T: 9.78173  G-T: 1.00000
Base frequencies:  A: 0.319  C: 0.214  G: 0.198  T: 0.268
Proportion of invariable sites: 0.486
Gamma shape alpha: 0.363
Parameters optimization took 1 rounds (0.172 sec)
Time for fast ML tree search: 1.826 seconds

NOTE: ModelFinder requires 54 MB RAM!
ModelFinder will test up to 484 DNA models (sample size: 18979 epsilon: 0.100) ...
 No. Model         -LnL         df  AIC          AICc         BIC
  1  GTR+F         32000.875    305 64611.751    64621.747    67006.333
  2  GTR+F+I       31954.972    306 64521.944    64532.007    66924.377
  3  GTR+F+G4      31957.781    306 64527.561    64537.624    66929.994
  4  GTR+F+I+G4    31951.600    307 64517.200    64527.329    66927.484
WARNING: Numerical underflow for lh-branch, use `-safe` option to avoid this warning
Pattern 141 likelihood is underflown
Pattern 704 likelihood is underflown
WARNING: Numerical underflow for lh-branch, use `-safe` option to avoid this warning
Pattern 141 likelihood is underflown
Pattern 704 likelihood is underflown
WARNING: Numerical underflow for lh-branch, use `-safe` option to avoid this warning
Pattern 141 likelihood is underflown
Pattern 704 likelihood is underflown
WARNING: Numerical underflow for lh-branch, use `-safe` option to avoid this warning
Pattern 141 likelihood is underflown
Pattern 704 likelihood is underflown
WARNING: Numerical underflow for lh-branch, use `-safe` option to avoid this warning
Pattern 141 likelihood is underflown
Pattern 704 likelihood is underflown
WARNING: Numerical underflow for lh-branch, use `-safe` option to avoid this warning
Pattern 141 likelihood is underflown
Pattern 704 likelihood is underflown
WARNING: Numerical underflow for lh-branch, use `-safe` option to avoid this warning
Pattern 194 likelihood is underflown
Pattern 207 likelihood is underflown
Pattern 211 likelihood is underflown
Pattern 226 likelihood is underflown
Pattern 227 likelihood is underflown
Pattern 231 likelihood is underflown
Pattern 258 likelihood is underflown
Pattern 352 likelihood is underflown
Pattern 414 likelihood is underflown
Pattern 434 likelihood is underflown
Pattern 486 likelihood is underflown
Pattern 532 likelihood is underflown
Pattern 571 likelihood is underflown
Pattern 647 likelihood is underflown
Pattern 648 likelihood is underflown
Pattern 659 likelihood is underflown
Pattern 665 likelihood is underflown
Pattern 704 likelihood is underflown
Pattern 709 likelihood is underflown
Pattern 730 likelihood is underflown
Pattern 733 likelihood is underflown
Pattern 748 likelihood is underflown
Pattern 778 likelihood is underflown
Pattern 783 likelihood is underflown
Pattern 809 likelihood is underflown
Pattern 854 likelihood is underflown
WARNING: Numerical underflow for lh-branch, use `-safe` option to avoid this warning
Pattern 194 likelihood is underflown
Pattern 207 likelihood is underflown
Pattern 211 likelihood is underflown
Pattern 226 likelihood is underflown
Pattern 227 likelihood is underflown
Pattern 231 likelihood is underflown
Pattern 258 likelihood is underflown
Pattern 352 likelihood is underflown
Pattern 414 likelihood is underflown
Pattern 434 likelihood is underflown
Pattern 486 likelihood is underflown
Pattern 532 likelihood is underflown
Pattern 571 likelihood is underflown
Pattern 647 likelihood is underflown
Pattern 648 likelihood is underflown
Pattern 659 likelihood is underflown
Pattern 665 likelihood is underflown
Pattern 704 likelihood is underflown
Pattern 709 likelihood is underflown
Pattern 730 likelihood is underflown
Pattern 733 likelihood is underflown
Pattern 748 likelihood is underflown
Pattern 778 likelihood is underflown
Pattern 783 likelihood is underflown
Pattern 809 likelihood is underflown
Pattern 854 likelihood is underflown
WARNING: Numerical underflow for lh-branch, use `-safe` option to avoid this warning
Pattern 194 likelihood is underflown
Pattern 207 likelihood is underflown
Pattern 211 likelihood is underflown
Pattern 226 likelihood is underflown
Pattern 227 likelihood is underflown
Pattern 231 likelihood is underflown
Pattern 258 likelihood is underflown
Pattern 352 likelihood is underflown
Pattern 414 likelihood is underflown
Pattern 434 likelihood is underflown
Pattern 486 likelihood is underflown
Pattern 532 likelihood is underflown
Pattern 571 likelihood is underflown
Pattern 647 likelihood is underflown
Pattern 648 likelihood is underflown
Pattern 659 likelihood is underflown
Pattern 665 likelihood is underflown
Pattern 704 likelihood is underflown
Pattern 709 likelihood is underflown
Pattern 730 likelihood is underflown
Pattern 733 likelihood is underflown
Pattern 748 likelihood is underflown
Pattern 778 likelihood is underflown
Pattern 783 likelihood is underflown
Pattern 809 likelihood is underflown
Pattern 854 likelihood is underflown
WARNING: Numerical underflow for lh-branch, use `-safe` option to avoid this warning
Pattern 194 likelihood is underflown
Pattern 207 likelihood is underflown
Pattern 211 likelihood is underflown
Pattern 226 likelihood is underflown
Pattern 227 likelihood is underflown
Pattern 231 likelihood is underflown
Pattern 258 likelihood is underflown
Pattern 352 likelihood is underflown
Pattern 414 likelihood is underflown
Pattern 434 likelihood is underflown
Pattern 486 likelihood is underflown
Pattern 532 likelihood is underflown
Pattern 571 likelihood is underflown
Pattern 647 likelihood is underflown
Pattern 648 likelihood is underflown
Pattern 659 likelihood is underflown
Pattern 665 likelihood is underflown
Pattern 704 likelihood is underflown
Pattern 709 likelihood is underflown
Pattern 730 likelihood is underflown
Pattern 733 likelihood is underflown
Pattern 748 likelihood is underflown
Pattern 778 likelihood is underflown
Pattern 783 likelihood is underflown
Pattern 809 likelihood is underflown
Pattern 854 likelihood is underflown
WARNING: Numerical underflow for lh-branch, use `-safe` option to avoid this warning
Pattern 194 likelihood is underflown
Pattern 207 likelihood is underflown
Pattern 211 likelihood is underflown
Pattern 226 likelihood is underflown
Pattern 227 likelihood is underflown
Pattern 231 likelihood is underflown
Pattern 258 likelihood is underflown
Pattern 352 likelihood is underflown
Pattern 414 likelihood is underflown
Pattern 434 likelihood is underflown
Pattern 486 likelihood is underflown
Pattern 532 likelihood is underflown
Pattern 571 likelihood is underflown
Pattern 647 likelihood is underflown
Pattern 648 likelihood is underflown
Pattern 659 likelihood is underflown
Pattern 665 likelihood is underflown
Pattern 704 likelihood is underflown
Pattern 709 likelihood is underflown
Pattern 730 likelihood is underflown
Pattern 733 likelihood is underflown
Pattern 748 likelihood is underflown
Pattern 778 likelihood is underflown
Pattern 783 likelihood is underflown
Pattern 809 likelihood is underflown
Pattern 854 likelihood is underflown
WARNING: Numerical underflow for lh-branch, use `-safe` option to avoid this warning
Pattern 194 likelihood is underflown
Pattern 207 likelihood is underflown
Pattern 211 likelihood is underflown
Pattern 226 likelihood is underflown
Pattern 227 likelihood is underflown
Pattern 231 likelihood is underflown
Pattern 258 likelihood is underflown
Pattern 352 likelihood is underflown
Pattern 414 likelihood is underflown
Pattern 434 likelihood is underflown
Pattern 486 likelihood is underflown
Pattern 532 likelihood is underflown
Pattern 571 likelihood is underflown
Pattern 647 likelihood is underflown
Pattern 648 likelihood is underflown
Pattern 659 likelihood is underflown
Pattern 665 likelihood is underflown
Pattern 704 likelihood is underflown
Pattern 709 likelihood is underflown
Pattern 730 likelihood is underflown
Pattern 733 likelihood is underflown
Pattern 748 likelihood is underflown
Pattern 778 likelihood is underflown
Pattern 783 likelihood is underflown
Pattern 809 likelihood is underflown
Pattern 854 likelihood is underflown
WARNING: Numerical underflow for lh-branch, use `-safe` option to avoid this warning
Pattern 873 likelihood is underflown
WARNING: Numerical underflow for lh-branch, use `-safe` option to avoid this warning
Pattern 873 likelihood is underflown
WARNING: Numerical underflow for lh-branch, use `-safe` option to avoid this warning
Pattern 873 likelihood is underflown
WARNING: Numerical underflow for lh-branch, use `-safe` option to avoid this warning
Pattern 873 likelihood is underflown
WARNING: Numerical underflow for lh-branch, use `-safe` option to avoid this warning
Pattern 873 likelihood is underflown
WARNING: Numerical underflow for lh-branch, use `-safe` option to avoid this warning
Pattern 873 likelihood is underflown
WARNING: Numerical underflow for lh-branch, use `-safe` option to avoid this warning
Pattern 141 likelihood is underflown
Pattern 704 likelihood is underflown
WARNING: Numerical underflow for lh-branch, use `-safe` option to avoid this warning
Pattern 141 likelihood is underflown
Pattern 704 likelihood is underflown
WARNING: Numerical underflow for lh-branch, use `-safe` option to avoid this warning
Pattern 141 likelihood is underflown
Pattern 704 likelihood is underflown
WARNING: Numerical underflow for lh-branch, use `-safe` option to avoid this warning
Pattern 141 likelihood is underflown
Pattern 704 likelihood is underflown
WARNING: Numerical underflow for lh-branch, use `-safe` option to avoid this warning
Pattern 141 likelihood is underflown
Pattern 704 likelihood is underflown
WARNING: Numerical underflow for lh-branch, use `-safe` option to avoid this warning
Pattern 141 likelihood is underflown
Pattern 704 likelihood is underflown
WARNING: Numerical underflow for lh-branch, use `-safe` option to avoid this warning
Pattern 126 likelihood is underflown
Pattern 186 likelihood is underflown
Pattern 849 likelihood is underflown
WARNING: Numerical underflow for lh-branch, use `-safe` option to avoid this warning
Pattern 126 likelihood is underflown
Pattern 186 likelihood is underflown
Pattern 849 likelihood is underflown
WARNING: Numerical underflow for lh-branch, use `-safe` option to avoid this warning
Pattern 126 likelihood is underflown
Pattern 186 likelihood is underflown
Pattern 849 likelihood is underflown
WARNING: Numerical underflow for lh-branch, use `-safe` option to avoid this warning
Pattern 126 likelihood is underflown
Pattern 186 likelihood is underflown
Pattern 849 likelihood is underflown
WARNING: Numerical underflow for lh-branch, use `-safe` option to avoid this warning
Pattern 126 likelihood is underflown
Pattern 186 likelihood is underflown
Pattern 849 likelihood is underflown
WARNING: Numerical underflow for lh-branch, use `-safe` option to avoid this warning
Pattern 126 likelihood is underflown
Pattern 186 likelihood is underflown
Pattern 849 likelihood is underflown
  5  GTR+F+R2      31962.763    307 64539.526    64549.655    66949.810
WARNING: Numerical underflow for lh-branch, use `-safe` option to avoid this warning
Pattern 141 likelihood is underflown
Pattern 704 likelihood is underflown
WARNING: Numerical underflow for lh-branch, use `-safe` option to avoid this warning
Pattern 141 likelihood is underflown
Pattern 704 likelihood is underflown
WARNING: Numerical underflow for lh-branch, use `-safe` option to avoid this warning
Pattern 141 likelihood is underflown
Pattern 704 likelihood is underflown
WARNING: Numerical underflow for lh-branch, use `-safe` option to avoid this warning
Pattern 141 likelihood is underflown
Pattern 704 likelihood is underflown
WARNING: Numerical underflow for lh-branch, use `-safe` option to avoid this warning
Pattern 141 likelihood is underflown
Pattern 704 likelihood is underflown
WARNING: Numerical underflow for lh-branch, use `-safe` option to avoid this warning
Pattern 141 likelihood is underflown
Pattern 704 likelihood is underflown
WARNING: Numerical underflow for lh-branch, use `-safe` option to avoid this warning
Pattern 141 likelihood is underflown
Pattern 704 likelihood is underflown
WARNING: Numerical underflow for lh-branch, use `-safe` option to avoid this warning
Pattern 141 likelihood is underflown
Pattern 704 likelihood is underflown
WARNING: Numerical underflow for lh-branch, use `-safe` option to avoid this warning
Pattern 141 likelihood is underflown
Pattern 704 likelihood is underflown
WARNING: Numerical underflow for lh-branch, use `-safe` option to avoid this warning
Pattern 873 likelihood is underflown
WARNING: Numerical underflow for lh-branch, use `-safe` option to avoid this warning
Pattern 873 likelihood is underflown
WARNING: Numerical underflow for lh-branch, use `-safe` option to avoid this warning
Pattern 873 likelihood is underflown
WARNING: Numerical underflow for lh-branch, use `-safe` option to avoid this warning
Pattern 873 likelihood is underflown
WARNING: Numerical underflow for lh-branch, use `-safe` option to avoid this warning
Pattern 873 likelihood is underflown
WARNING: Numerical underflow for lh-branch, use `-safe` option to avoid this warning
Pattern 873 likelihood is underflown
WARNING: Numerical underflow for lh-branch, use `-safe` option to avoid this warning
Pattern 873 likelihood is underflown
WARNING: Numerical underflow for lh-branch, use `-safe` option to avoid this warning
Pattern 873 likelihood is underflown
WARNING: Numerical underflow for lh-branch, use `-safe` option to avoid this warning
Pattern 873 likelihood is underflown
  6  GTR+F+R3      31953.508    309 64525.016    64535.278    66951.002
 14  GTR+F+I+R2    31957.689    308 64531.377    64541.572    66949.512
 15  GTR+F+I+R3    31952.658    310 64525.316    64535.645    66959.153
 24  SYM+I         32285.720    303 65177.440    65187.304    67556.319
 25  SYM+G4        32287.807    303 65181.614    65191.478    67560.493
 26  SYM+I+G4      32282.013    304 65172.026    65181.956    67558.757
 46  TVM+F+I       31963.355    305 64536.710    64546.706    66931.292
 47  TVM+F+G4      31966.419    305 64542.838    64552.834    66937.420
 48  TVM+F+I+G4    31960.108    306 64532.215    64542.277    66934.648
 68  TVMe+I        32293.513    302 65191.026    65200.826    67562.055
 69  TVMe+G4       32295.782    302 65195.563    65205.363    67566.592
 70  TVMe+I+G4     32289.905    303 65185.810    65195.675    67564.690
 90  TIM3+F+I      31959.285    304 64526.570    64536.500    66913.301
 91  TIM3+F+G4     31962.115    304 64532.229    64542.160    66918.960
 92  TIM3+F+I+G4   31955.913    305 64521.825    64531.821    66916.407
112  TIM3e+I       32292.239    301 65186.479    65196.213    67549.656
113  TIM3e+G4      32294.391    301 65190.782    65200.516    67553.960
114  TIM3e+I+G4    32288.571    302 65181.141    65190.941    67552.170
134  TIM2+F+I      31960.093    304 64528.186    64538.116    66914.917
135  TIM2+F+G4     31962.799    304 64533.598    64543.529    66920.329
136  TIM2+F+I+G4   31956.669    305 64523.337    64533.334    66917.919
156  TIM2e+I       32290.166    301 65182.332    65192.066    67545.510
157  TIM2e+G4      32292.214    301 65186.427    65196.161    67549.605
158  TIM2e+I+G4    32286.421    302 65176.842    65186.642    67547.871
178  TIM+F+I       31955.489    304 64518.977    64528.908    66905.708
179  TIM+F+G4      31958.308    304 64524.615    64534.546    66911.346
180  TIM+F+I+G4    31952.107    305 64514.214    64524.210    66908.796
200  TIMe+I        32288.660    301 65179.321    65189.055    67542.498
201  TIMe+G4       32290.781    301 65183.561    65193.295    67546.739
202  TIMe+I+G4     32284.972    302 65173.944    65183.743    67544.972
222  TPM3u+F+I     31968.060    303 64542.120    64551.985    66921.000
223  TPM3u+F+G4    31971.163    303 64548.326    64558.191    66927.206
224  TPM3u+F+I+G4  31964.809    304 64537.617    64547.547    66924.348
244  TPM3+I        32300.054    300 65200.108    65209.777    67555.434
245  TPM3+G4       32302.375    300 65204.750    65214.419    67560.076
246  TPM3+I+G4     32296.473    301 65194.947    65204.681    67558.125
266  TPM2u+F+I     31968.935    303 64543.869    64553.734    66922.749
267  TPM2u+F+G4    31971.896    303 64549.792    64559.657    66928.672
268  TPM2u+F+I+G4  31965.627    304 64539.254    64549.184    66925.984
288  TPM2+I        32297.874    300 65195.747    65205.416    67551.074
289  TPM2+G4       32300.124    300 65200.247    65209.916    67555.574
290  TPM2+I+G4     32294.243    301 65190.485    65200.220    67553.663
310  K3Pu+F+I      31964.305    303 64534.610    64544.475    66913.490
311  K3Pu+F+G4     31967.395    303 64540.790    64550.655    66919.670
312  K3Pu+F+I+G4   31961.046    304 64530.092    64540.023    66916.823
332  K3P+I         32296.518    300 65193.035    65202.704    67548.362
333  K3P+G4        32298.801    300 65197.601    65207.270    67552.928
334  K3P+I+G4      32292.912    301 65187.823    65197.557    67551.001
354  TN+F+I        31960.479    303 64526.958    64536.823    66905.838
355  TN+F+G4       31963.225    303 64532.450    64542.315    66911.330
356  TN+F+I+G4     31957.053    304 64522.106    64532.036    66908.837
376  TNe+I         32292.602    300 65185.204    65194.873    67540.530
377  TNe+G4        32294.721    300 65189.441    65199.110    67544.768
378  TNe+I+G4      32288.906    301 65179.812    65189.547    67542.990
398  HKY+F+I       31969.303    302 64542.605    64552.405    66913.634
399  HKY+F+G4      31972.319    302 64548.638    64558.437    66919.667
400  HKY+F+I+G4    31966.010    303 64538.021    64547.886    66916.901
420  K2P+I         32300.464    299 65198.928    65208.532    67546.403
421  K2P+G4        32302.746    299 65203.491    65213.096    67550.967
422  K2P+I+G4      32296.854    300 65193.708    65203.377    67549.035
442  F81+F+I       32272.734    301 65147.469    65157.203    67510.646
443  F81+F+G4      32275.148    301 65152.296    65162.031    67515.474
444  F81+F+I+G4    32269.183    302 65142.367    65152.166    67513.395
464  JC+I          32592.389    298 65780.779    65790.319    68120.403
465  JC+G4         32594.649    298 65785.299    65794.839    68124.923
466  JC+I+G4       32588.765    299 65775.531    65785.135    68123.006
Akaike Information Criterion:           TIM+F+I+G4
Corrected Akaike Information Criterion: TIM+F+I+G4
Bayesian Information Criterion:         TIM+F+I
Best-fit model: TIM+F+I chosen according to BIC

All model information printed to results/ebov_westafrica_makona/ebov_westafrica_makona_mlrep5.model.gz
CPU time for ModelFinder: 50.980 seconds (0h:0m:50s)
Wall-clock time for ModelFinder: 28.344 seconds (0h:0m:28s)

NOTE: 5 MB RAM (0 GB) is required!
Estimate model parameters (epsilon = 0.100)
1. Initial log-likelihood: -32272.734
2. Current log-likelihood: -31957.626
3. Current log-likelihood: -31955.923
Optimal log-likelihood: -31955.921
Rate parameters:  A-C: 1.00000  A-G: 5.44068  A-T: 0.54775  C-G: 0.54775  C-T: 8.24056  G-T: 1.00000
Base frequencies:  A: 0.319  C: 0.214  G: 0.198  T: 0.268
Proportion of invariable sites: 0.823
Parameters optimization took 3 rounds (0.543 sec)
Wrote distance file to... 
Computing ML distances based on estimated model parameters...
Calculating distance matrix: done in 0.0495964 secs using 198.1% CPU
Computing ML distances took 0.050213 sec (of wall-clock time) 0.098849 sec (of CPU time)
Setting up auxiliary I and S matrices: done in 0.000709136 secs using 108.2% CPU
Computing RapidNJ tree took 0.003562 sec (of wall-clock time) 0.003580 sec (of CPU time)
Log-likelihood of RapidNJ tree: -31986.878
--------------------------------------------------------------------
|             INITIALIZING CANDIDATE TREE SET                      |
--------------------------------------------------------------------
Generating 98 parsimony trees... 2.371 second
Computing log-likelihood of 98 initial trees ... 2.284 seconds
Current best score: -31954.906

Do NNI search on 20 best initial trees
Estimate model parameters (epsilon = 0.100)
BETTER TREE FOUND at iteration 1: -31953.514
Iteration 10 / LogL: -31955.949 / Time: 0h:0m:39s
Iteration 20 / LogL: -31957.048 / Time: 0h:0m:49s
Finish initializing candidate tree set (20)
Current best tree score: -31953.514 / CPU time: 20.415
Number of iterations: 20
--------------------------------------------------------------------
|               OPTIMIZING CANDIDATE TREE SET                      |
--------------------------------------------------------------------
Iteration 30 / LogL: -31967.952 / Time: 0h:0m:54s (0h:1m:3s left)
Iteration 40 / LogL: -31954.022 / Time: 0h:0m:57s (0h:0m:44s left)
Iteration 50 / LogL: -31976.877 / Time: 0h:1m:7s (0h:0m:40s left)
Iteration 60 / LogL: -31964.488 / Time: 0h:1m:17s (0h:0m:34s left)
Iteration 70 / LogL: -31978.373 / Time: 0h:1m:26s (0h:0m:25s left)
Iteration 80 / LogL: -31954.152 / Time: 0h:1m:30s (0h:0m:16s left)
Iteration 90 / LogL: -31953.966 / Time: 0h:1m:40s (0h:0m:8s left)
Iteration 100 / LogL: -31991.826 / Time: 0h:1m:54s (0h:0m:0s left)
TREE SEARCH COMPLETED AFTER 102 ITERATIONS / Time: 0h:1m:56s

--------------------------------------------------------------------
|                    FINALIZING TREE SEARCH                        |
--------------------------------------------------------------------
Performs final model parameters optimization
Estimate model parameters (epsilon = 0.010)
1. Initial log-likelihood: -31953.514
Optimal log-likelihood: -31953.512
Rate parameters:  A-C: 1.00000  A-G: 5.44636  A-T: 0.54329  C-G: 0.54329  C-T: 8.23708  G-T: 1.00000
Base frequencies:  A: 0.319  C: 0.214  G: 0.198  T: 0.268
Proportion of invariable sites: 0.823
Parameters optimization took 1 rounds (0.051 sec)
BEST SCORE FOUND : -31953.512
Total tree length: 0.033

Total number of iterations: 102
CPU time used for tree search: 98.677 sec (0h:1m:38s)
Wall-clock time used for tree search: 87.774 sec (0h:1m:27s)
Total CPU time used: 150.999 sec (0h:2m:30s)
Total wall-clock time used: 116.929 sec (0h:1m:56s)

Analysis results written to: 
  IQ-TREE report:                results/ebov_westafrica_makona/ebov_westafrica_makona_mlrep5.iqtree
  Maximum-likelihood tree:       results/ebov_westafrica_makona/ebov_westafrica_makona_mlrep5.treefile
  Likelihood distances:          results/ebov_westafrica_makona/ebov_westafrica_makona_mlrep5.mldist
  Screen log file:               results/ebov_westafrica_makona/ebov_westafrica_makona_mlrep5.log

Date and Time: Wed Sep  9 00:26:55 2026
