IQ-TREE multicore version 2.3.6 for Linux x86 64-bit built Aug  1 2024
Developed by Bui Quang Minh, Nguyen Lam Tung, Olga Chernomor, Heiko Schmidt,
Dominik Schrempf, Michael Woodhams, Ly Trong Nhan, Thomas Wong

Host:    07be82772fbe (AVX2, FMA3, 503 GB RAM)
Command: /workspaces/maximum_likelihood_vs_bayesian_20260908_230005_3f2f2099/code/bin/iqtree2 -s /workspaces/maximum_likelihood_vs_bayesian_20260908_230005_3f2f2099/datasets/ebov_westafrica_makona/analysis.fasta -m MFP --prefix results/ebov_westafrica_makona/ebov_westafrica_makona_ml -T 4 -redo --quiet -B 1000 --wbtl -alrt 1000 -seed 1
Seed:    1 (Using SPRNG - Scalable Parallel Random Number Generator)
Time:    Wed Sep  9 00:24:44 2026
Kernel:  AVX+FMA - 4 threads (32 CPU cores detected)

Reading alignment file /workspaces/maximum_likelihood_vs_bayesian_20260908_230005_3f2f2099/datasets/ebov_westafrica_makona/analysis.fasta ... Fasta format detected
Reading fasta file: done in 0.0453966 secs using 86.55% CPU
Alignment most likely contains DNA/RNA sequences
WARNING: 1 sites contain only gaps or ambiguous characters.
Alignment has 150 sequences with 18979 columns, 1105 distinct patterns
205 parsimony-informative, 358 singleton sites, 18416 constant sites
          Gap/Ambiguity  Composition  p-value
Analyzing sequences: done in 0.000214166 secs using 158.8% CPU
   1  KP096421    0.12%    passed     99.79%
   2  KX000400    0.15%    passed     99.30%
   3  KY425654    0.34%    passed     99.72%
   4  KT013256    0.11%    passed     99.82%
   5  KY425648    0.36%    passed     99.86%
   6  KU978801    0.31%    passed     99.70%
   7  KR817189    0.24%    passed     99.58%
   8  KR817179    0.11%    passed     99.66%
   9  KR817180    0.25%    passed     99.49%
  10  KR817194    0.11%    passed     99.72%
  11  KR817190    0.22%    passed     99.72%
  12  KR817191    0.24%    passed     99.71%
  13  KR817205    0.11%    passed     99.50%
  14  KR817208    0.24%    passed     99.37%
  15  KR817209    0.11%    passed     99.41%
  16  KR817214    0.11%    passed     99.57%
  17  KR817216    0.11%    passed     99.65%
  18  KM233049    0.17%    passed     99.45%
  19  KM233035    0.35%    passed     99.86%
  20  KM233038    0.34%    passed     99.86%
  21  KR817220    0.24%    passed     99.70%
  22  KR817224    0.11%    passed     99.81%
  23  KM233064    0.93%    passed     99.94%
  24  KM233073    0.35%    passed     99.84%
  25  KM233097    0.14%    passed     99.74%
  26  KM233101    0.54%    passed    100.00%
  27  KM233105    0.34%    passed     99.88%
  28  KR817231    0.24%    passed     99.70%
  29  KR817232    0.11%    passed     99.86%
  30  KR817233    0.11%    passed     99.74%
  31  KT725320    1.50%    passed     99.71%
  32  KT725262    0.71%    passed     99.98%
  33  KT725336    2.99%    passed     88.87%
  34  KR817239    0.11%    passed     99.86%
  35  KU143821    0.11%    passed     99.88%
  36  KR817240    0.11%    passed     99.55%
  37  KR817115    0.26%    passed     99.83%
  38  KR105273    1.06%    passed     99.64%
  39  KR105274    0.60%    passed    100.00%
  40  KR534512    0.35%    passed     99.86%
  41  KR534513    0.11%    passed     99.65%
  42  KR105290    1.01%    passed     91.56%
  43  KR534514    0.13%    passed     99.73%
  44  KT725278    1.04%    passed     99.87%
  45  KR817128    0.11%    passed     99.69%
  46  KT725377    0.65%    passed     99.96%
  47  KR105298    0.27%    passed     99.91%
  48  KT725390    1.45%    passed     99.58%
  49  KR817130    0.11%    passed     99.66%
  50  KR534520    0.13%    passed     99.70%
  51  KR105309    3.44%    passed     60.07%
  52  KX009899    0.57%    passed     99.94%
  53  KR817072    0.17%    passed     99.73%
  54  KR817075    0.12%    passed     99.64%
  55  KR534527    0.14%    passed     99.76%
  56  KT725321    3.28%    passed     91.48%
  57  KR105339    0.72%    passed     99.86%
  58  KP759734    0.52%    passed     99.99%
  59  KR817082    0.11%    passed     99.95%
  60  KT725361    2.11%    passed     98.70%
  61  KP759717    0.52%    passed     99.99%
  62  KR817136    0.12%    passed     99.54%
  63  KX009904    0.67%    passed     99.99%
  64  KT633510    0.62%    passed     99.99%
  65  KP759750    0.52%    passed    100.00%
  66  KR817145    0.51%    passed    100.00%
  67  KR534571    0.12%    passed     99.32%
  68  KR006940    8.73%    passed     75.73%
  69  KP759614    0.90%    passed     99.95%
  70  KP759701    0.52%    passed    100.00%
  71  KR817156    0.91%    passed     99.74%
  72  KR006948    2.22%    passed     96.31%
  73  KR653271    0.28%    passed     99.49%
  74  KT725327    2.68%    passed     92.62%
  75  KR653259    0.34%    passed     99.89%
  76  KX009909    0.66%    passed     99.98%
  77  KR817160    1.19%    passed     99.82%
  78  KX009911    0.57%    passed     99.80%
  79  KR817162    0.11%    passed     99.93%
  80  KU296735    3.04%    passed     88.48%
  81  KR817177    0.11%    passed     99.68%
  82  KT633509    1.27%    passed     99.62%
  83  KU296606    0.50%    passed     99.99%
  84  KU220283    1.48%    passed     99.48%
  85  KR817097    0.48%    passed     99.97%
  86  KR817098    0.11%    passed     99.72%
  87  KU296387    0.50%    passed     99.83%
  88  KU296582    0.50%    passed     99.97%
  89  KT357825    3.07%    passed     99.42%
  90  KU220284    0.37%    passed     99.91%
  91  KR006960    3.63%    passed     94.97%
  92  KU296354    1.16%    passed     99.67%
  93  KR817103    0.30%    passed     99.81%
  94  KU296637    0.49%    passed     99.99%
  95  KT725384    0.66%    passed     99.98%
  96  LC152433    0.24%    passed     99.88%
  97  KU296336    1.23%    passed     99.74%
  98  KU296680    0.54%    passed     99.97%
  99  KU296451    0.50%    passed     99.85%
 100  LT630494    7.42%    passed     97.73%
 101  KT587343    3.18%    passed     88.57%
 102  LT630498    7.38%    passed     97.90%
 103  LT630499    7.50%    passed     98.13%
 104  LT630537    7.89%    passed     97.20%
 105  KU296768    0.50%    passed     99.84%
 106  KU296550    2.85%    passed     89.46%
 107  KY366416    0.71%    passed     99.95%
 108  KU296769    0.95%    passed     99.86%
 109  LT630509    7.38%    passed     96.61%
 110  LT630513    7.44%    passed     98.85%
 111  LT630521    7.60%    passed     98.72%
 112  LT630587    7.37%    passed     98.02%
 113  KU296322    0.56%    passed     99.96%
 114  LT630576    7.47%    passed     95.95%
 115  KU296793    0.52%    passed     99.96%
 116  LT630543    7.48%    passed     98.10%
 117  LT630544    7.41%    passed     95.03%
 118  LT630594    7.45%    passed     98.49%
 119  KU296618    0.56%    passed     99.94%
 120  KU296603    1.59%    passed     98.32%
 121  KU220269    0.24%    passed     99.49%
 122  KU220270    0.90%    passed     99.73%
 123  KR074997    0.11%    passed     99.77%
 124  KR074998    0.11%    passed     99.72%
 125  KR075000    0.11%    passed     99.89%
 126  KY426689    0.11%    passed     99.55%
 127  KY426707    0.11%    passed     99.93%
 128  KY426710    0.11%    passed     99.78%
 129  KY426717    0.11%    passed     99.98%
 130  KY426720    0.11%    passed     99.97%
 131  KU220271    0.37%    passed     99.89%
 132  LT630555    8.17%    passed     98.70%
 133  KU220272    0.29%    passed     99.81%
 134  KU220273    0.92%    passed     99.82%
 135  KU220274    1.53%    passed     99.88%
 136  KU220275    1.22%    passed     99.53%
 137  KU296357    0.51%    passed     99.90%
 138  KU296566    1.32%    passed     96.94%
 139  LT630559    7.47%    passed     96.56%
 140  KU296522    0.50%    passed     99.94%
 141  LT630598    7.40%    passed     97.65%
 142  LT630600    7.81%    passed     94.45%
 143  LT630601    7.58%    passed     98.24%
 144  LT630602    7.41%    passed     97.71%
 145  LT630604    8.57%    passed     98.57%
 146  LT630579    7.41%    passed     98.28%
 147  LT630563    7.65%    passed     97.60%
 148  KX121193    1.23%    passed     99.41%
 149  KX121194    0.87%    passed     99.97%
 150  KY007525    0.43%    passed     99.99%
****  TOTAL       1.70%  0 sequences failed composition chi2 test (p-value<5%; df=3)


Create initial parsimony tree by phylogenetic likelihood library (PLL)... 0.013 seconds
Perform fast likelihood tree search using GTR+I+G model...
Estimate model parameters (epsilon = 5.000)
Perform nearest neighbor interchange...
Estimate model parameters (epsilon = 1.000)
1. Initial log-likelihood: -31951.735
Optimal log-likelihood: -31951.643
Rate parameters:  A-C: 1.33895  A-G: 6.47786  A-T: 0.67174  C-G: 0.59514  C-T: 9.56226  G-T: 1.00000
Base frequencies:  A: 0.319  C: 0.214  G: 0.198  T: 0.268
Proportion of invariable sites: 0.486
Gamma shape alpha: 0.364
Parameters optimization took 1 rounds (0.089 sec)
Time for fast ML tree search: 1.245 seconds

NOTE: ModelFinder requires 58 MB RAM!
ModelFinder will test up to 484 DNA models (sample size: 18979 epsilon: 0.100) ...
 No. Model         -LnL         df  AIC          AICc         BIC
  1  GTR+F         32000.907    305 64611.813    64621.810    67006.395
  2  GTR+F+I       31955.007    306 64522.014    64532.077    66924.447
  3  GTR+F+G4      31957.813    306 64527.626    64537.689    66930.059
  4  GTR+F+I+G4    31951.632    307 64517.264    64527.393    66927.548
WARNING: Numerical underflow for lh-branch, use `-safe` option to avoid this warning
Pattern 396 likelihood is underflown
Pattern 495 likelihood is underflown
Pattern 640 likelihood is underflown
Pattern 666 likelihood is underflown
Pattern 807 likelihood is underflown
WARNING: Numerical underflow for lh-branch, use `-safe` option to avoid this warning
Pattern 396 likelihood is underflown
Pattern 495 likelihood is underflown
Pattern 640 likelihood is underflown
Pattern 666 likelihood is underflown
Pattern 807 likelihood is underflown
WARNING: Numerical underflow for lh-branch, use `-safe` option to avoid this warning
Pattern 396 likelihood is underflown
Pattern 495 likelihood is underflown
Pattern 640 likelihood is underflown
Pattern 666 likelihood is underflown
Pattern 807 likelihood is underflown
WARNING: Numerical underflow for lh-branch, use `-safe` option to avoid this warning
Pattern 396 likelihood is underflown
Pattern 495 likelihood is underflown
Pattern 640 likelihood is underflown
Pattern 666 likelihood is underflown
Pattern 807 likelihood is underflown
WARNING: Numerical underflow for lh-branch, use `-safe` option to avoid this warning
Pattern 396 likelihood is underflown
Pattern 495 likelihood is underflown
Pattern 640 likelihood is underflown
Pattern 666 likelihood is underflown
Pattern 807 likelihood is underflown
WARNING: Numerical underflow for lh-branch, use `-safe` option to avoid this warning
Pattern 396 likelihood is underflown
Pattern 495 likelihood is underflown
Pattern 640 likelihood is underflown
Pattern 666 likelihood is underflown
Pattern 807 likelihood is underflown
WARNING: Numerical underflow for lh-branch, use `-safe` option to avoid this warning
Pattern 794 likelihood is underflown
Pattern 859 likelihood is underflown
Pattern 890 likelihood is underflown
WARNING: Numerical underflow for lh-branch, use `-safe` option to avoid this warning
Pattern 794 likelihood is underflown
Pattern 859 likelihood is underflown
Pattern 890 likelihood is underflown
WARNING: Numerical underflow for lh-branch, use `-safe` option to avoid this warning
Pattern 794 likelihood is underflown
Pattern 859 likelihood is underflown
Pattern 890 likelihood is underflown
WARNING: Numerical underflow for lh-branch, use `-safe` option to avoid this warning
Pattern 794 likelihood is underflown
Pattern 859 likelihood is underflown
Pattern 890 likelihood is underflown
WARNING: Numerical underflow for lh-branch, use `-safe` option to avoid this warning
Pattern 794 likelihood is underflown
Pattern 859 likelihood is underflown
Pattern 890 likelihood is underflown
WARNING: Numerical underflow for lh-branch, use `-safe` option to avoid this warning
Pattern 794 likelihood is underflown
Pattern 859 likelihood is underflown
Pattern 890 likelihood is underflown
WARNING: Numerical underflow for lh-branch, use `-safe` option to avoid this warning
Pattern 141 likelihood is underflown
WARNING: Numerical underflow for lh-branch, use `-safe` option to avoid this warning
Pattern 141 likelihood is underflown
WARNING: Numerical underflow for lh-branch, use `-safe` option to avoid this warning
Pattern 141 likelihood is underflown
WARNING: Numerical underflow for lh-branch, use `-safe` option to avoid this warning
Pattern 141 likelihood is underflown
WARNING: Numerical underflow for lh-branch, use `-safe` option to avoid this warning
Pattern 141 likelihood is underflown
WARNING: Numerical underflow for lh-branch, use `-safe` option to avoid this warning
Pattern 141 likelihood is underflown
WARNING: Numerical underflow for lh-branch, use `-safe` option to avoid this warning
Pattern 131 likelihood is underflown
Pattern 141 likelihood is underflown
Pattern 226 likelihood is underflown
Pattern 704 likelihood is underflown
Pattern 854 likelihood is underflown
WARNING: Numerical underflow for lh-branch, use `-safe` option to avoid this warning
Pattern 131 likelihood is underflown
Pattern 141 likelihood is underflown
Pattern 226 likelihood is underflown
Pattern 704 likelihood is underflown
Pattern 854 likelihood is underflown
WARNING: Numerical underflow for lh-branch, use `-safe` option to avoid this warning
Pattern 131 likelihood is underflown
Pattern 141 likelihood is underflown
Pattern 226 likelihood is underflown
Pattern 704 likelihood is underflown
Pattern 854 likelihood is underflown
WARNING: Numerical underflow for lh-branch, use `-safe` option to avoid this warning
Pattern 131 likelihood is underflown
Pattern 141 likelihood is underflown
Pattern 226 likelihood is underflown
Pattern 704 likelihood is underflown
Pattern 854 likelihood is underflown
WARNING: Numerical underflow for lh-branch, use `-safe` option to avoid this warning
Pattern 131 likelihood is underflown
Pattern 141 likelihood is underflown
Pattern 226 likelihood is underflown
Pattern 704 likelihood is underflown
Pattern 854 likelihood is underflown
WARNING: Numerical underflow for lh-branch, use `-safe` option to avoid this warning
Pattern 131 likelihood is underflown
Pattern 141 likelihood is underflown
Pattern 226 likelihood is underflown
Pattern 704 likelihood is underflown
Pattern 854 likelihood is underflown
WARNING: Numerical underflow for lh-branch, use `-safe` option to avoid this warning
Pattern 197 likelihood is underflown
WARNING: Numerical underflow for lh-branch, use `-safe` option to avoid this warning
Pattern 197 likelihood is underflown
WARNING: Numerical underflow for lh-branch, use `-safe` option to avoid this warning
Pattern 197 likelihood is underflown
WARNING: Numerical underflow for lh-branch, use `-safe` option to avoid this warning
Pattern 197 likelihood is underflown
WARNING: Numerical underflow for lh-branch, use `-safe` option to avoid this warning
Pattern 197 likelihood is underflown
WARNING: Numerical underflow for lh-branch, use `-safe` option to avoid this warning
Pattern 197 likelihood is underflown
WARNING: Numerical underflow for lh-branch, use `-safe` option to avoid this warning
Pattern 141 likelihood is underflown
Pattern 704 likelihood is underflown
WARNING: Numerical underflow for lh-branch, use `-safe` option to avoid this warning
Pattern 141 likelihood is underflown
Pattern 704 likelihood is underflown
WARNING: Numerical underflow for lh-branch, use `-safe` option to avoid this warning
Pattern 141 likelihood is underflown
Pattern 704 likelihood is underflown
WARNING: Numerical underflow for lh-branch, use `-safe` option to avoid this warning
Pattern 141 likelihood is underflown
Pattern 704 likelihood is underflown
WARNING: Numerical underflow for lh-branch, use `-safe` option to avoid this warning
Pattern 141 likelihood is underflown
Pattern 704 likelihood is underflown
WARNING: Numerical underflow for lh-branch, use `-safe` option to avoid this warning
Pattern 141 likelihood is underflown
Pattern 704 likelihood is underflown
WARNING: Numerical underflow for lh-branch, use `-safe` option to avoid this warning
Pattern 141 likelihood is underflown
Pattern 704 likelihood is underflown
WARNING: Numerical underflow for lh-branch, use `-safe` option to avoid this warning
Pattern 141 likelihood is underflown
Pattern 704 likelihood is underflown
WARNING: Numerical underflow for lh-branch, use `-safe` option to avoid this warning
Pattern 141 likelihood is underflown
Pattern 704 likelihood is underflown
WARNING: Numerical underflow for lh-branch, use `-safe` option to avoid this warning
Pattern 141 likelihood is underflown
Pattern 704 likelihood is underflown
WARNING: Numerical underflow for lh-branch, use `-safe` option to avoid this warning
Pattern 141 likelihood is underflown
Pattern 704 likelihood is underflown
WARNING: Numerical underflow for lh-branch, use `-safe` option to avoid this warning
Pattern 141 likelihood is underflown
Pattern 704 likelihood is underflown
WARNING: Numerical underflow for lh-branch, use `-safe` option to avoid this warning
Pattern 794 likelihood is underflown
Pattern 849 likelihood is underflown
Pattern 859 likelihood is underflown
WARNING: Numerical underflow for lh-branch, use `-safe` option to avoid this warning
Pattern 794 likelihood is underflown
Pattern 849 likelihood is underflown
Pattern 859 likelihood is underflown
WARNING: Numerical underflow for lh-branch, use `-safe` option to avoid this warning
Pattern 794 likelihood is underflown
Pattern 849 likelihood is underflown
Pattern 859 likelihood is underflown
WARNING: Numerical underflow for lh-branch, use `-safe` option to avoid this warning
Pattern 794 likelihood is underflown
Pattern 849 likelihood is underflown
Pattern 859 likelihood is underflown
WARNING: Numerical underflow for lh-branch, use `-safe` option to avoid this warning
Pattern 794 likelihood is underflown
Pattern 849 likelihood is underflown
Pattern 859 likelihood is underflown
WARNING: Numerical underflow for lh-branch, use `-safe` option to avoid this warning
Pattern 794 likelihood is underflown
Pattern 849 likelihood is underflown
Pattern 859 likelihood is underflown
WARNING: Numerical underflow for lh-branch, use `-safe` option to avoid this warning
Pattern 141 likelihood is underflown
Pattern 704 likelihood is underflown
WARNING: Numerical underflow for lh-branch, use `-safe` option to avoid this warning
Pattern 141 likelihood is underflown
Pattern 704 likelihood is underflown
WARNING: Numerical underflow for lh-branch, use `-safe` option to avoid this warning
Pattern 141 likelihood is underflown
Pattern 704 likelihood is underflown
WARNING: Numerical underflow for lh-branch, use `-safe` option to avoid this warning
Pattern 141 likelihood is underflown
Pattern 704 likelihood is underflown
WARNING: Numerical underflow for lh-branch, use `-safe` option to avoid this warning
Pattern 141 likelihood is underflown
Pattern 704 likelihood is underflown
WARNING: Numerical underflow for lh-branch, use `-safe` option to avoid this warning
Pattern 141 likelihood is underflown
Pattern 704 likelihood is underflown
WARNING: Numerical underflow for lh-branch, use `-safe` option to avoid this warning
Pattern 197 likelihood is underflown
WARNING: Numerical underflow for lh-branch, use `-safe` option to avoid this warning
Pattern 197 likelihood is underflown
WARNING: Numerical underflow for lh-branch, use `-safe` option to avoid this warning
Pattern 197 likelihood is underflown
WARNING: Numerical underflow for lh-branch, use `-safe` option to avoid this warning
Pattern 197 likelihood is underflown
WARNING: Numerical underflow for lh-branch, use `-safe` option to avoid this warning
Pattern 197 likelihood is underflown
WARNING: Numerical underflow for lh-branch, use `-safe` option to avoid this warning
Pattern 197 likelihood is underflown
  5  GTR+F+R2      31962.776    307 64539.551    64549.680    66949.835
WARNING: Numerical underflow for lh-branch, use `-safe` option to avoid this warning
Pattern 141 likelihood is underflown
Pattern 704 likelihood is underflown
WARNING: Numerical underflow for lh-branch, use `-safe` option to avoid this warning
Pattern 141 likelihood is underflown
Pattern 704 likelihood is underflown
WARNING: Numerical underflow for lh-branch, use `-safe` option to avoid this warning
Pattern 141 likelihood is underflown
Pattern 704 likelihood is underflown
WARNING: Numerical underflow for lh-branch, use `-safe` option to avoid this warning
Pattern 141 likelihood is underflown
Pattern 704 likelihood is underflown
WARNING: Numerical underflow for lh-branch, use `-safe` option to avoid this warning
Pattern 141 likelihood is underflown
Pattern 704 likelihood is underflown
WARNING: Numerical underflow for lh-branch, use `-safe` option to avoid this warning
Pattern 141 likelihood is underflown
Pattern 704 likelihood is underflown
WARNING: Numerical underflow for lh-branch, use `-safe` option to avoid this warning
Pattern 141 likelihood is underflown
Pattern 704 likelihood is underflown
WARNING: Numerical underflow for lh-branch, use `-safe` option to avoid this warning
Pattern 141 likelihood is underflown
Pattern 704 likelihood is underflown
WARNING: Numerical underflow for lh-branch, use `-safe` option to avoid this warning
Pattern 141 likelihood is underflown
Pattern 704 likelihood is underflown
WARNING: Numerical underflow for lh-branch, use `-safe` option to avoid this warning
Pattern 126 likelihood is underflown
Pattern 143 likelihood is underflown
Pattern 195 likelihood is underflown
Pattern 197 likelihood is underflown
Pattern 205 likelihood is underflown
Pattern 277 likelihood is underflown
Pattern 279 likelihood is underflown
Pattern 300 likelihood is underflown
Pattern 407 likelihood is underflown
Pattern 444 likelihood is underflown
Pattern 478 likelihood is underflown
Pattern 482 likelihood is underflown
Pattern 503 likelihood is underflown
Pattern 581 likelihood is underflown
Pattern 644 likelihood is underflown
Pattern 770 likelihood is underflown
Pattern 771 likelihood is underflown
Pattern 777 likelihood is underflown
Pattern 780 likelihood is underflown
Pattern 794 likelihood is underflown
Pattern 799 likelihood is underflown
Pattern 847 likelihood is underflown
Pattern 859 likelihood is underflown
Pattern 870 likelihood is underflown
Pattern 875 likelihood is underflown
Pattern 881 likelihood is underflown
Pattern 890 likelihood is underflown
WARNING: Numerical underflow for lh-branch, use `-safe` option to avoid this warning
Pattern 126 likelihood is underflown
Pattern 143 likelihood is underflown
Pattern 195 likelihood is underflown
Pattern 197 likelihood is underflown
Pattern 205 likelihood is underflown
Pattern 277 likelihood is underflown
Pattern 279 likelihood is underflown
Pattern 300 likelihood is underflown
Pattern 407 likelihood is underflown
Pattern 444 likelihood is underflown
Pattern 478 likelihood is underflown
Pattern 482 likelihood is underflown
Pattern 503 likelihood is underflown
Pattern 581 likelihood is underflown
Pattern 644 likelihood is underflown
Pattern 770 likelihood is underflown
Pattern 771 likelihood is underflown
Pattern 777 likelihood is underflown
Pattern 780 likelihood is underflown
Pattern 794 likelihood is underflown
Pattern 799 likelihood is underflown
Pattern 847 likelihood is underflown
Pattern 859 likelihood is underflown
Pattern 870 likelihood is underflown
Pattern 875 likelihood is underflown
Pattern 881 likelihood is underflown
Pattern 890 likelihood is underflown
WARNING: Numerical underflow for lh-branch, use `-safe` option to avoid this warning
Pattern 126 likelihood is underflown
Pattern 143 likelihood is underflown
Pattern 195 likelihood is underflown
Pattern 197 likelihood is underflown
Pattern 205 likelihood is underflown
Pattern 277 likelihood is underflown
Pattern 279 likelihood is underflown
Pattern 300 likelihood is underflown
Pattern 407 likelihood is underflown
Pattern 444 likelihood is underflown
Pattern 478 likelihood is underflown
Pattern 482 likelihood is underflown
Pattern 503 likelihood is underflown
Pattern 581 likelihood is underflown
Pattern 644 likelihood is underflown
Pattern 770 likelihood is underflown
Pattern 771 likelihood is underflown
Pattern 777 likelihood is underflown
Pattern 780 likelihood is underflown
Pattern 794 likelihood is underflown
Pattern 799 likelihood is underflown
Pattern 847 likelihood is underflown
Pattern 859 likelihood is underflown
Pattern 870 likelihood is underflown
Pattern 875 likelihood is underflown
Pattern 881 likelihood is underflown
Pattern 890 likelihood is underflown
WARNING: Numerical underflow for lh-branch, use `-safe` option to avoid this warning
Pattern 126 likelihood is underflown
Pattern 143 likelihood is underflown
Pattern 195 likelihood is underflown
Pattern 197 likelihood is underflown
Pattern 205 likelihood is underflown
Pattern 277 likelihood is underflown
Pattern 279 likelihood is underflown
Pattern 300 likelihood is underflown
Pattern 407 likelihood is underflown
Pattern 444 likelihood is underflown
Pattern 478 likelihood is underflown
Pattern 482 likelihood is underflown
Pattern 503 likelihood is underflown
Pattern 581 likelihood is underflown
Pattern 644 likelihood is underflown
Pattern 770 likelihood is underflown
Pattern 771 likelihood is underflown
Pattern 777 likelihood is underflown
Pattern 780 likelihood is underflown
Pattern 794 likelihood is underflown
Pattern 799 likelihood is underflown
Pattern 847 likelihood is underflown
Pattern 859 likelihood is underflown
Pattern 870 likelihood is underflown
Pattern 875 likelihood is underflown
Pattern 881 likelihood is underflown
Pattern 890 likelihood is underflown
WARNING: Numerical underflow for lh-branch, use `-safe` option to avoid this warning
Pattern 126 likelihood is underflown
Pattern 143 likelihood is underflown
Pattern 195 likelihood is underflown
Pattern 197 likelihood is underflown
Pattern 205 likelihood is underflown
Pattern 277 likelihood is underflown
Pattern 279 likelihood is underflown
Pattern 300 likelihood is underflown
Pattern 407 likelihood is underflown
Pattern 444 likelihood is underflown
Pattern 478 likelihood is underflown
Pattern 482 likelihood is underflown
Pattern 503 likelihood is underflown
Pattern 581 likelihood is underflown
Pattern 644 likelihood is underflown
Pattern 770 likelihood is underflown
Pattern 771 likelihood is underflown
Pattern 777 likelihood is underflown
Pattern 780 likelihood is underflown
Pattern 794 likelihood is underflown
Pattern 799 likelihood is underflown
Pattern 847 likelihood is underflown
Pattern 859 likelihood is underflown
Pattern 870 likelihood is underflown
Pattern 875 likelihood is underflown
Pattern 881 likelihood is underflown
Pattern 890 likelihood is underflown
WARNING: Numerical underflow for lh-branch, use `-safe` option to avoid this warning
Pattern 126 likelihood is underflown
Pattern 143 likelihood is underflown
Pattern 195 likelihood is underflown
Pattern 197 likelihood is underflown
Pattern 205 likelihood is underflown
Pattern 277 likelihood is underflown
Pattern 279 likelihood is underflown
Pattern 300 likelihood is underflown
Pattern 407 likelihood is underflown
Pattern 444 likelihood is underflown
Pattern 478 likelihood is underflown
Pattern 482 likelihood is underflown
Pattern 503 likelihood is underflown
Pattern 581 likelihood is underflown
Pattern 644 likelihood is underflown
Pattern 770 likelihood is underflown
Pattern 771 likelihood is underflown
Pattern 777 likelihood is underflown
Pattern 780 likelihood is underflown
Pattern 794 likelihood is underflown
Pattern 799 likelihood is underflown
Pattern 847 likelihood is underflown
Pattern 859 likelihood is underflown
Pattern 870 likelihood is underflown
Pattern 875 likelihood is underflown
Pattern 881 likelihood is underflown
Pattern 890 likelihood is underflown
WARNING: Numerical underflow for lh-branch, use `-safe` option to avoid this warning
Pattern 126 likelihood is underflown
Pattern 143 likelihood is underflown
Pattern 195 likelihood is underflown
Pattern 197 likelihood is underflown
Pattern 205 likelihood is underflown
Pattern 277 likelihood is underflown
Pattern 279 likelihood is underflown
Pattern 300 likelihood is underflown
Pattern 407 likelihood is underflown
Pattern 444 likelihood is underflown
Pattern 478 likelihood is underflown
Pattern 482 likelihood is underflown
Pattern 503 likelihood is underflown
Pattern 581 likelihood is underflown
Pattern 644 likelihood is underflown
Pattern 770 likelihood is underflown
Pattern 771 likelihood is underflown
Pattern 777 likelihood is underflown
Pattern 780 likelihood is underflown
Pattern 794 likelihood is underflown
Pattern 799 likelihood is underflown
Pattern 847 likelihood is underflown
Pattern 859 likelihood is underflown
Pattern 870 likelihood is underflown
Pattern 875 likelihood is underflown
Pattern 881 likelihood is underflown
Pattern 890 likelihood is underflown
WARNING: Numerical underflow for lh-branch, use `-safe` option to avoid this warning
Pattern 126 likelihood is underflown
Pattern 143 likelihood is underflown
Pattern 195 likelihood is underflown
Pattern 197 likelihood is underflown
Pattern 205 likelihood is underflown
Pattern 277 likelihood is underflown
Pattern 279 likelihood is underflown
Pattern 300 likelihood is underflown
Pattern 407 likelihood is underflown
Pattern 444 likelihood is underflown
Pattern 478 likelihood is underflown
Pattern 482 likelihood is underflown
Pattern 503 likelihood is underflown
Pattern 581 likelihood is underflown
Pattern 644 likelihood is underflown
Pattern 770 likelihood is underflown
Pattern 771 likelihood is underflown
Pattern 777 likelihood is underflown
Pattern 780 likelihood is underflown
Pattern 794 likelihood is underflown
Pattern 799 likelihood is underflown
Pattern 847 likelihood is underflown
Pattern 859 likelihood is underflown
Pattern 870 likelihood is underflown
Pattern 875 likelihood is underflown
Pattern 881 likelihood is underflown
Pattern 890 likelihood is underflown
WARNING: Numerical underflow for lh-branch, use `-safe` option to avoid this warning
Pattern 126 likelihood is underflown
Pattern 143 likelihood is underflown
Pattern 195 likelihood is underflown
Pattern 197 likelihood is underflown
Pattern 205 likelihood is underflown
Pattern 277 likelihood is underflown
Pattern 279 likelihood is underflown
Pattern 300 likelihood is underflown
Pattern 407 likelihood is underflown
Pattern 444 likelihood is underflown
Pattern 478 likelihood is underflown
Pattern 482 likelihood is underflown
Pattern 503 likelihood is underflown
Pattern 581 likelihood is underflown
Pattern 644 likelihood is underflown
Pattern 770 likelihood is underflown
Pattern 771 likelihood is underflown
Pattern 777 likelihood is underflown
Pattern 780 likelihood is underflown
Pattern 794 likelihood is underflown
Pattern 799 likelihood is underflown
Pattern 847 likelihood is underflown
Pattern 859 likelihood is underflown
Pattern 870 likelihood is underflown
Pattern 875 likelihood is underflown
Pattern 881 likelihood is underflown
Pattern 890 likelihood is underflown
WARNING: Numerical underflow for lh-branch, use `-safe` option to avoid this warning
Pattern 141 likelihood is underflown
Pattern 704 likelihood is underflown
WARNING: Numerical underflow for lh-branch, use `-safe` option to avoid this warning
Pattern 141 likelihood is underflown
Pattern 704 likelihood is underflown
WARNING: Numerical underflow for lh-branch, use `-safe` option to avoid this warning
Pattern 141 likelihood is underflown
Pattern 704 likelihood is underflown
WARNING: Numerical underflow for lh-branch, use `-safe` option to avoid this warning
Pattern 141 likelihood is underflown
Pattern 704 likelihood is underflown
WARNING: Numerical underflow for lh-branch, use `-safe` option to avoid this warning
Pattern 141 likelihood is underflown
Pattern 704 likelihood is underflown
WARNING: Numerical underflow for lh-branch, use `-safe` option to avoid this warning
Pattern 141 likelihood is underflown
Pattern 704 likelihood is underflown
WARNING: Numerical underflow for lh-branch, use `-safe` option to avoid this warning
Pattern 141 likelihood is underflown
Pattern 704 likelihood is underflown
WARNING: Numerical underflow for lh-branch, use `-safe` option to avoid this warning
Pattern 141 likelihood is underflown
Pattern 704 likelihood is underflown
WARNING: Numerical underflow for lh-branch, use `-safe` option to avoid this warning
Pattern 141 likelihood is underflown
Pattern 704 likelihood is underflown
  6  GTR+F+R3      31953.523    309 64525.045    64535.307    66951.032
 14  GTR+F+I+R2    31957.704    308 64531.407    64541.602    66949.542
WARNING: Numerical underflow for lh-branch, use `-safe` option to avoid this warning
Pattern 890 likelihood is underflown
WARNING: Numerical underflow for lh-branch, use `-safe` option to avoid this warning
Pattern 890 likelihood is underflown
WARNING: Numerical underflow for lh-branch, use `-safe` option to avoid this warning
Pattern 890 likelihood is underflown
WARNING: Numerical underflow for lh-branch, use `-safe` option to avoid this warning
Pattern 890 likelihood is underflown
WARNING: Numerical underflow for lh-branch, use `-safe` option to avoid this warning
Pattern 890 likelihood is underflown
WARNING: Numerical underflow for lh-branch, use `-safe` option to avoid this warning
Pattern 890 likelihood is underflown
WARNING: Numerical underflow for lh-branch, use `-safe` option to avoid this warning
Pattern 890 likelihood is underflown
WARNING: Numerical underflow for lh-branch, use `-safe` option to avoid this warning
Pattern 890 likelihood is underflown
WARNING: Numerical underflow for lh-branch, use `-safe` option to avoid this warning
Pattern 890 likelihood is underflown
WARNING: Numerical underflow for lh-branch, use `-safe` option to avoid this warning
Pattern 141 likelihood is underflown
WARNING: Numerical underflow for lh-branch, use `-safe` option to avoid this warning
Pattern 141 likelihood is underflown
WARNING: Numerical underflow for lh-branch, use `-safe` option to avoid this warning
Pattern 141 likelihood is underflown
WARNING: Numerical underflow for lh-branch, use `-safe` option to avoid this warning
Pattern 141 likelihood is underflown
WARNING: Numerical underflow for lh-branch, use `-safe` option to avoid this warning
Pattern 141 likelihood is underflown
WARNING: Numerical underflow for lh-branch, use `-safe` option to avoid this warning
Pattern 141 likelihood is underflown
WARNING: Numerical underflow for lh-branch, use `-safe` option to avoid this warning
Pattern 141 likelihood is underflown
WARNING: Numerical underflow for lh-branch, use `-safe` option to avoid this warning
Pattern 141 likelihood is underflown
WARNING: Numerical underflow for lh-branch, use `-safe` option to avoid this warning
Pattern 141 likelihood is underflown
WARNING: Numerical underflow for lh-branch, use `-safe` option to avoid this warning
Pattern 704 likelihood is underflown
WARNING: Numerical underflow for lh-branch, use `-safe` option to avoid this warning
Pattern 704 likelihood is underflown
WARNING: Numerical underflow for lh-branch, use `-safe` option to avoid this warning
Pattern 704 likelihood is underflown
WARNING: Numerical underflow for lh-branch, use `-safe` option to avoid this warning
Pattern 704 likelihood is underflown
WARNING: Numerical underflow for lh-branch, use `-safe` option to avoid this warning
Pattern 704 likelihood is underflown
WARNING: Numerical underflow for lh-branch, use `-safe` option to avoid this warning
Pattern 704 likelihood is underflown
WARNING: Numerical underflow for lh-branch, use `-safe` option to avoid this warning
Pattern 704 likelihood is underflown
WARNING: Numerical underflow for lh-branch, use `-safe` option to avoid this warning
Pattern 704 likelihood is underflown
WARNING: Numerical underflow for lh-branch, use `-safe` option to avoid this warning
Pattern 704 likelihood is underflown
 15  GTR+F+I+R3    31952.673    310 64525.346    64535.674    66959.183
 24  SYM+I         32285.737    303 65177.474    65187.339    67556.354
 25  SYM+G4        32287.823    303 65181.647    65191.512    67560.527
 26  SYM+I+G4      32282.030    304 65172.060    65181.990    67558.790
 46  TVM+F+I       31963.370    305 64536.740    64546.737    66931.322
 47  TVM+F+G4      31966.434    305 64542.869    64552.865    66937.451
 48  TVM+F+I+G4    31960.123    306 64532.246    64542.309    66934.679
 68  TVMe+I        32293.528    302 65191.057    65200.856    67562.085
 69  TVMe+G4       32295.797    302 65195.593    65205.393    67566.622
 70  TVMe+I+G4     32289.921    303 65185.841    65195.706    67564.721
 90  TIM3+F+I      31959.297    304 64526.595    64536.525    66913.325
 91  TIM3+F+G4     31962.127    304 64532.254    64542.184    66918.985
 92  TIM3+F+I+G4   31955.925    305 64521.851    64531.847    66916.433
112  TIM3e+I       32292.250    301 65186.499    65196.233    67549.677
113  TIM3e+G4      32294.401    301 65190.803    65200.537    67553.980
114  TIM3e+I+G4    32288.582    302 65181.163    65190.962    67552.192
134  TIM2+F+I      31960.107    304 64528.214    64538.145    66914.945
135  TIM2+F+G4     31962.813    304 64533.627    64543.557    66920.357
136  TIM2+F+I+G4   31956.683    305 64523.367    64533.363    66917.949
156  TIM2e+I       32290.177    301 65182.355    65192.089    67545.532
157  TIM2e+G4      32292.225    301 65186.449    65196.183    67549.627
158  TIM2e+I+G4    32286.433    302 65176.866    65186.665    67547.894
178  TIM+F+I       31955.505    304 64519.010    64528.940    66905.741
179  TIM+F+G4      31958.324    304 64524.648    64534.578    66911.378
180  TIM+F+I+G4    31952.124    305 64514.248    64524.244    66908.829
200  TIMe+I        32288.673    301 65179.347    65189.081    67542.524
201  TIMe+G4       32290.794    301 65183.587    65193.322    67546.765
202  TIMe+I+G4     32284.985    302 65173.971    65183.770    67545.000
222  TPM3u+F+I     31968.073    303 64542.146    64552.010    66921.025
223  TPM3u+F+G4    31971.176    303 64548.352    64558.217    66927.232
224  TPM3u+F+I+G4  31964.822    304 64537.644    64547.574    66924.375
244  TPM3+I        32300.065    300 65200.129    65209.799    67555.456
245  TPM3+G4       32302.386    300 65204.772    65214.441    67560.098
246  TPM3+I+G4     32296.485    301 65194.970    65204.704    67558.147
266  TPM2u+F+I     31968.949    303 64543.898    64553.763    66922.778
267  TPM2u+F+G4    31971.911    303 64549.822    64559.686    66928.701
268  TPM2u+F+I+G4  31965.642    304 64539.284    64549.214    66926.015
288  TPM2+I        32297.885    300 65195.770    65205.440    67551.097
289  TPM2+G4       32300.135    300 65200.271    65209.940    67555.597
290  TPM2+I+G4     32294.255    301 65190.510    65200.244    67553.687
310  K3Pu+F+I      31964.322    303 64534.644    64544.509    66913.524
311  K3Pu+F+G4     31967.412    303 64540.824    64550.688    66919.703
312  K3Pu+F+I+G4   31961.063    304 64530.127    64540.057    66916.857
332  K3P+I         32296.531    300 65193.063    65202.732    67548.389
333  K3P+G4        32298.814    300 65197.629    65207.298    67552.955
334  K3P+I+G4      32292.926    301 65187.852    65197.586    67551.029
354  TN+F+I        31960.493    303 64526.987    64536.852    66905.867
355  TN+F+G4       31963.239    303 64532.479    64542.343    66911.358
356  TN+F+I+G4     31957.068    304 64522.136    64532.066    66908.867
376  TNe+I         32292.614    300 65185.227    65194.896    67540.554
377  TNe+G4        32294.732    300 65189.464    65199.133    67544.791
378  TNe+I+G4      32288.918    301 65179.837    65189.571    67543.014
398  HKY+F+I       31969.318    302 64542.635    64552.435    66913.664
399  HKY+F+G4      31972.334    302 64548.668    64558.467    66919.696
400  HKY+F+I+G4    31966.026    303 64538.052    64547.917    66916.932
420  K2P+I         32300.476    299 65198.952    65208.557    67546.428
421  K2P+G4        32302.758    299 65203.516    65213.120    67550.991
422  K2P+I+G4      32296.867    300 65193.733    65203.403    67549.060
442  F81+F+I       32272.768    301 65147.537    65157.271    67510.714
443  F81+F+G4      32275.182    301 65152.365    65162.099    67515.542
444  F81+F+I+G4    32269.218    302 65142.436    65152.235    67513.464
464  JC+I          32592.420    298 65780.841    65790.380    68120.465
465  JC+G4         32594.680    298 65785.361    65794.901    68124.985
466  JC+I+G4       32588.797    299 65775.594    65785.198    68123.069
Akaike Information Criterion:           TIM+F+I+G4
Corrected Akaike Information Criterion: TIM+F+I+G4
Bayesian Information Criterion:         TIM+F+I
Best-fit model: TIM+F+I chosen according to BIC

All model information printed to results/ebov_westafrica_makona/ebov_westafrica_makona_ml.model.gz
CPU time for ModelFinder: 88.381 seconds (0h:1m:28s)
Wall-clock time for ModelFinder: 22.348 seconds (0h:0m:22s)
Generating 1000 samples for ultrafast bootstrap (seed: 1)...

NOTE: 9 MB RAM (0 GB) is required!
Estimate model parameters (epsilon = 0.100)
1. Initial log-likelihood: -32272.768
2. Current log-likelihood: -32041.507
3. Current log-likelihood: -31978.989
4. Current log-likelihood: -31956.027
Optimal log-likelihood: -31955.963
Rate parameters:  A-C: 1.00000  A-G: 5.57020  A-T: 0.55565  C-G: 0.55565  C-T: 8.43761  G-T: 1.00000
Base frequencies:  A: 0.319  C: 0.214  G: 0.198  T: 0.268
Proportion of invariable sites: 0.823
Parameters optimization took 4 rounds (0.303 sec)
Wrote distance file to... 
Computing ML distances based on estimated model parameters...
Calculating distance matrix: done in 0.0209943 secs using 438.8% CPU
Computing ML distances took 0.021294 sec (of wall-clock time) 0.092418 sec (of CPU time)
Setting up auxiliary I and S matrices: done in 0.000723283 secs using 98.85% CPU
Computing RapidNJ tree took 0.003889 sec (of wall-clock time) 0.003892 sec (of CPU time)
Log-likelihood of RapidNJ tree: -31986.925
--------------------------------------------------------------------
|             INITIALIZING CANDIDATE TREE SET                      |
--------------------------------------------------------------------
Generating 98 parsimony trees... 1.719 second
Computing log-likelihood of 98 initial trees ... 1.107 seconds
Current best score: -31955.858

Do NNI search on 20 best initial trees
Estimate model parameters (epsilon = 0.100)
BETTER TREE FOUND at iteration 1: -31953.582
Iteration 10 / LogL: -31954.728 / Time: 0h:0m:32s
Iteration 20 / LogL: -31955.964 / Time: 0h:1m:20s
Finish initializing candidate tree set (20)
Current best tree score: -31953.582 / CPU time: 57.188
Number of iterations: 20
--------------------------------------------------------------------
|               OPTIMIZING CANDIDATE TREE SET                      |
--------------------------------------------------------------------
Iteration 30 / LogL: -31966.309 / Time: 0h:3m:43s (0h:8m:12s left)
Iteration 40 / LogL: -31964.226 / Time: 0h:4m:33s (0h:6m:32s left)
Iteration 50 / LogL: -31955.406 / Time: 0h:5m:7s (0h:4m:56s left)
Log-likelihood cutoff on original alignment: -32010.233
UFBoot trees printed to results/ebov_westafrica_makona/ebov_westafrica_makona_ml.ufboot
Iteration 60 / LogL: -32034.903 / Time: 0h:5m:51s (0h:3m:48s left)
Iteration 70 / LogL: -31993.296 / Time: 0h:6m:22s (0h:2m:41s left)
Iteration 80 / LogL: -31954.121 / Time: 0h:6m:39s (0h:1m:40s left)
Iteration 90 / LogL: -31955.147 / Time: 0h:7m:3s (0h:0m:49s left)
Iteration 100 / LogL: -31954.106 / Time: 0h:7m:21s (0h:0m:4s left)
Log-likelihood cutoff on original alignment: -32010.233
NOTE: Bootstrap correlation coefficient of split occurrence frequencies: 0.994
UFBoot trees printed to results/ebov_westafrica_makona/ebov_westafrica_makona_ml.ufboot
TREE SEARCH COMPLETED AFTER 102 ITERATIONS / Time: 0h:7m:27s

--------------------------------------------------------------------
|                    FINALIZING TREE SEARCH                        |
--------------------------------------------------------------------
Performs final model parameters optimization
Estimate model parameters (epsilon = 0.010)
1. Initial log-likelihood: -31953.582
Optimal log-likelihood: -31953.581
Rate parameters:  A-C: 1.00000  A-G: 5.57407  A-T: 0.55524  C-G: 0.55524  C-T: 8.42979  G-T: 1.00000
Base frequencies:  A: 0.319  C: 0.214  G: 0.198  T: 0.268
Proportion of invariable sites: 0.823
Parameters optimization took 1 rounds (0.075 sec)
BEST SCORE FOUND : -31953.581

Testing tree branches by SH-like aLRT with 1000 replicates...
13.716 sec.
Creating bootstrap support values...
Split supports printed to NEXUS file results/ebov_westafrica_makona/ebov_westafrica_makona_ml.splits.nex
Total tree length: 0.033

Total number of iterations: 102
CPU time used for tree search: 882.699 sec (0h:14m:42s)
Wall-clock time used for tree search: 424.308 sec (0h:7m:4s)
Total CPU time used: 1004.802 sec (0h:16m:44s)
Total wall-clock time used: 461.700 sec (0h:7m:41s)
UFBoot trees printed to results/ebov_westafrica_makona/ebov_westafrica_makona_ml.ufboot

Computing bootstrap consensus tree...
Reading input file results/ebov_westafrica_makona/ebov_westafrica_makona_ml.splits.nex...
150 taxa and 1864 splits.
Consensus tree written to results/ebov_westafrica_makona/ebov_westafrica_makona_ml.contree
Reading input trees file results/ebov_westafrica_makona/ebov_westafrica_makona_ml.contree
Log-likelihood of consensus tree: -31959.649

Analysis results written to: 
  IQ-TREE report:                results/ebov_westafrica_makona/ebov_westafrica_makona_ml.iqtree
  Maximum-likelihood tree:       results/ebov_westafrica_makona/ebov_westafrica_makona_ml.treefile
  Likelihood distances:          results/ebov_westafrica_makona/ebov_westafrica_makona_ml.mldist

Ultrafast bootstrap approximation results written to:
  Split support values:          results/ebov_westafrica_makona/ebov_westafrica_makona_ml.splits.nex
  Consensus tree:                results/ebov_westafrica_makona/ebov_westafrica_makona_ml.contree
  UFBoot trees:                  results/ebov_westafrica_makona/ebov_westafrica_makona_ml.ufboot
  Screen log file:               results/ebov_westafrica_makona/ebov_westafrica_makona_ml.log

Date and Time: Wed Sep  9 00:32:27 2026
