

                            MrBayes 3.2.7a x86_64

                      (Bayesian Analysis of Phylogeny)

              Distributed under the GNU General Public License


               Type "help" or "help <command>" for information
                     on the commands that are available.

                   Type "about" for authorship and general
                       information about the program.



   Executing file "results/fmdv_uk_2001/fmdv_uk_2001_mb.mb.nex"
   UNIX line termination
   Longest line length = 75
   Parsing file
   Expecting NEXUS formatted file
   Reading mrbayes block
      Setting autoclose to yes
      Setting nowarnings to yes
      Setting seed to 42
      Setting swapseed to 42

      Executing file "datasets/fmdv_uk_2001/analysis.nex"...

   UNIX line termination
   Longest line length = 8211
   Parsing file
   Expecting NEXUS formatted file
   Reading data block
      Allocated taxon set
      Allocated matrix
      Defining new matrix with 43 taxa and 8196 characters
      Data is Dna
      Missing data coded as ?
      Gaps coded as -
      Taxon  1 -> DQ404180
      Taxon  2 -> DQ404177
      Taxon  3 -> DQ404178
      Taxon  4 -> DQ404179
      Taxon  5 -> DQ404176
      Taxon  6 -> DQ404175
      Taxon  7 -> DQ404173
      Taxon  8 -> DQ404174
      Taxon  9 -> DQ404172
      Taxon 10 -> KM257061
      Taxon 11 -> KM257062
      Taxon 12 -> KM257063
      Taxon 13 -> EF552688
      Taxon 14 -> EF552693
      Taxon 15 -> EF552689
      Taxon 16 -> DQ404171
      Taxon 17 -> KM257064
      Taxon 18 -> EF552696
      Taxon 19 -> EF552697
      Taxon 20 -> DQ404169
      Taxon 21 -> EF552690
      Taxon 22 -> EF552692
      Taxon 23 -> DQ404170
      Taxon 24 -> EU214601
      Taxon 25 -> DQ404168
      Taxon 26 -> EF552691
      Taxon 27 -> DQ404167
      Taxon 28 -> EF552695
      Taxon 29 -> DQ404166
      Taxon 30 -> DQ404165
      Taxon 31 -> FJ542365
      Taxon 32 -> FJ542369
      Taxon 33 -> FJ542370
      Taxon 34 -> FJ542371
      Taxon 35 -> FJ542372
      Taxon 36 -> DQ404164
      Taxon 37 -> DQ404163
      Taxon 38 -> DQ404162
      Taxon 39 -> DQ404161
      Taxon 40 -> DQ404160
      Taxon 41 -> KM257065
      Taxon 42 -> DQ404159
      Taxon 43 -> DQ404158
      Successfully read matrix
      Setting default partition (does not divide up characters)
      Setting model defaults
      Seed (for generating default start values) = 42
      Setting output file names to "datasets/fmdv_uk_2001/analysis.nex.run<i>.<p|t>"
   Exiting data block
   Reached end of file

   Returning execution to calling file ...

      Setting Nst to 6
      Setting Rates to Invgamma
      Successfully set likelihood model parameters
      Setting Statefreqpr to Dirichlet(1.00,1.00,1.00,1.00)
      Setting Revmatpr to Dirichlet(1.00,1.00,1.00,1.00,1.00,1.00)
      Setting Shapepr to Exponential(1.00)
      Setting Pinvarpr to Uniform(0.00,1.00)
      Setting Brlenspr to Unconstrained:GammaDir(1.00,1000.0000,1.00,1.00)
      Successfully set prior model parameters
      Setting number of generations to 2500000
      Setting number of runs to 2
      Setting number of chains to 4
      Setting sample frequency to 250
      Setting print frequency to 125000
      Setting diagnosing frequency to 125000
      Setting chain output file names to "results/fmdv_uk_2001/fmdv_uk_2001_mb.run<i>.<p/t>"
      Successfully set chain parameters
      Running Markov chain
      MCMC stamp = 7313498599
      Seed = 633946956
      Swapseed = 42
      Model settings:

         Data not partitioned --
            Datatype  = DNA
            Nucmodel  = 4by4
            Nst       = 6
                        Substitution rates, expressed as proportions
                        of the rate sum, have a Dirichlet prior
                        (1.00,1.00,1.00,1.00,1.00,1.00)
            Covarion  = No
            # States  = 4
                        State frequencies have a Dirichlet prior
                        (1.00,1.00,1.00,1.00)
            Rates     = Invgamma
                        The distribution is approximated using 4 categories.
                        Shape parameter is exponentially
                        distributed with parameter (1.00).
                        Proportion of invariable sites is uniformly dist-
                        ributed on the interval (0.00,1.00).

      Active parameters: 

         Parameters
         ---------------------
         Revmat              1
         Statefreq           2
         Shape               3
         Pinvar              4
         Ratemultiplier      5
         Topology            6
         Brlens              7
         ---------------------

         1 --  Parameter  = Revmat
               Type       = Rates of reversible rate matrix
               Prior      = Dirichlet(1.00,1.00,1.00,1.00,1.00,1.00)

         2 --  Parameter  = Pi
               Type       = Stationary state frequencies
               Prior      = Dirichlet

         3 --  Parameter  = Alpha
               Type       = Shape of scaled gamma distribution of site rates
               Prior      = Exponential(1.00)

         4 --  Parameter  = Pinvar
               Type       = Proportion of invariable sites
               Prior      = Uniform(0.00,1.00)

         5 --  Parameter  = Ratemultiplier
               Type       = Partition-specific rate multiplier
               Prior      = Fixed(1.0)

         6 --  Parameter  = Tau
               Type       = Topology
               Prior      = All topologies equally probable a priori
               Subparam.  = V

         7 --  Parameter  = V
               Type       = Branch lengths
               Prior      = Unconstrained:GammaDir(1.0,1000.0000,1.0,1.0)



      The MCMC sampler will use the following moves:
         With prob.  Chain will use move
            0.93 %   Dirichlet(Revmat)
            0.93 %   Slider(Revmat)
            0.93 %   Dirichlet(Pi)
            0.93 %   Slider(Pi)
            1.85 %   Multiplier(Alpha)
            1.85 %   Slider(Pinvar)
            9.26 %   ExtSPR(Tau,V)
            9.26 %   ExtTBR(Tau,V)
            9.26 %   NNI(Tau,V)
            9.26 %   ParsSPR(Tau,V)
           37.04 %   Multiplier(V)
           12.96 %   Nodeslider(V)
            5.56 %   TLMultiplier(V)

      Division 1 has 184 unique site patterns
      Initializing conditional likelihoods
      Using standard FMA likelihood calculator for division 1 (single-precision)
      Initializing invariable-site conditional likelihoods

      Initial log likelihoods and log prior probs for run 1:
         Chain 1 -- -22536.694616 -- -1546.618791
         Chain 2 -- -22505.562588 -- -1546.618791
         Chain 3 -- -22268.517718 -- -1546.618791
         Chain 4 -- -22508.869826 -- -1546.618791

      Initial log likelihoods and log prior probs for run 2:
         Chain 1 -- -22515.716373 -- -1546.618791
         Chain 2 -- -22465.309664 -- -1546.618791
         Chain 3 -- -22533.814642 -- -1546.618791
         Chain 4 -- -22544.537866 -- -1546.618791


      Using a relative burnin of 25.0 % for diagnostics

      Chain results (2500000 generations requested):

          0 -- [-22536.695] (-22505.563) (-22268.518) (-22508.870) * [-22515.716] (-22465.310) (-22533.815) (-22544.538) 
      125000 -- (-13678.922) (-13688.312) [-13680.398] (-13692.290) * (-13688.831) [-13689.024] (-13691.021) (-13688.426) -- 0:17:25

      Average standard deviation of split frequencies: 0.011308

      250000 -- (-13691.336) [-13694.725] (-13693.132) (-13697.331) * (-13677.756) [-13690.336] (-13695.508) (-13681.240) -- 0:16:48

      Average standard deviation of split frequencies: 0.007376

      375000 -- (-13683.206) (-13686.086) [-13673.391] (-13674.752) * (-13702.604) (-13675.403) [-13682.642] (-13684.561) -- 0:15:52

      Average standard deviation of split frequencies: 0.008277

      500000 -- [-13675.370] (-13697.636) (-13694.968) (-13682.319) * [-13676.269] (-13687.578) (-13688.847) (-13706.556) -- 0:14:56

      Average standard deviation of split frequencies: 0.005301

      625000 -- [-13664.889] (-13701.173) (-13681.078) (-13683.953) * (-13683.593) [-13675.496] (-13688.788) (-13696.742) -- 0:14:00

      Average standard deviation of split frequencies: 0.004432

      750000 -- (-13677.332) (-13694.672) [-13702.121] (-13712.973) * [-13681.305] (-13696.447) (-13714.177) (-13705.874) -- 0:13:06

      Average standard deviation of split frequencies: 0.005035

      875000 -- [-13684.440] (-13688.769) (-13697.483) (-13680.168) * (-13693.875) [-13680.373] (-13693.615) (-13680.083) -- 0:12:09

      Average standard deviation of split frequencies: 0.004074

      1000000 -- (-13687.334) (-13689.104) (-13684.490) [-13698.982] * (-13692.691) (-13678.634) (-13685.302) [-13688.478] -- 0:11:13

      Average standard deviation of split frequencies: 0.003736

      1125000 -- (-13699.042) [-13695.171] (-13685.325) (-13691.002) * (-13700.238) (-13681.989) (-13680.176) [-13694.948] -- 0:10:18

      Average standard deviation of split frequencies: 0.003528

      1250000 -- (-13680.018) (-13677.161) [-13682.577] (-13698.578) * (-13691.867) (-13682.605) (-13681.983) [-13683.697] -- 0:09:28

      Average standard deviation of split frequencies: 0.003110

      1375000 -- (-13683.041) [-13686.485] (-13686.838) (-13698.154) * (-13682.929) (-13702.048) [-13686.040] (-13691.504) -- 0:08:31

      Average standard deviation of split frequencies: 0.002960

      1500000 -- [-13673.504] (-13694.375) (-13687.260) (-13700.394) * (-13690.075) (-13707.703) [-13688.142] (-13687.325) -- 0:07:34

      Average standard deviation of split frequencies: 0.003010

      1625000 -- (-13678.623) (-13704.138) (-13694.913) [-13676.959] * (-13699.151) (-13688.192) (-13683.710) [-13676.740] -- 0:06:37

      Average standard deviation of split frequencies: 0.003064

      1750000 -- [-13675.683] (-13677.962) (-13685.136) (-13693.945) * (-13699.788) [-13694.133] (-13703.152) (-13696.893) -- 0:05:40

      Average standard deviation of split frequencies: 0.003022

      1875000 -- [-13696.634] (-13702.003) (-13699.856) (-13682.446) * (-13679.382) (-13683.526) (-13686.606) [-13682.738] -- 0:04:44

      Average standard deviation of split frequencies: 0.003288

      2000000 -- (-13692.415) [-13679.956] (-13673.760) (-13718.362) * (-13678.456) [-13678.480] (-13676.030) (-13702.077) -- 0:03:47

      Average standard deviation of split frequencies: 0.003070

      2125000 -- (-13679.346) [-13681.464] (-13690.544) (-13703.045) * [-13698.256] (-13697.483) (-13680.882) (-13705.350) -- 0:02:50

      Average standard deviation of split frequencies: 0.002985

      2250000 -- [-13682.757] (-13688.041) (-13683.511) (-13694.284) * [-13692.093] (-13689.865) (-13685.919) (-13681.429) -- 0:01:53

      Average standard deviation of split frequencies: 0.003307

      2375000 -- (-13702.395) (-13691.347) (-13705.580) [-13681.490] * (-13689.034) (-13679.638) (-13708.224) [-13686.880] -- 0:00:56

      Average standard deviation of split frequencies: 0.003164
      2500000 -- (-13699.425) (-13707.189) (-13690.900) [-13686.565] * (-13690.837) (-13693.122) (-13683.476) [-13696.355] -- 0:00:00

      Average standard deviation of split frequencies: 0.003439

      Analysis completed in 18 mins 53 seconds
      Analysis used 1133.80 seconds of CPU time
      Likelihood of best state for "cold" chain of run 1 was -13656.88
      Likelihood of best state for "cold" chain of run 2 was -13656.97

      Acceptance rates for the moves in the "cold" chain of run 1:
         With prob.   (last 100)   chain accepted proposals by move
            29.6 %     ( 27 %)     Dirichlet(Revmat)
            41.6 %     ( 23 %)     Slider(Revmat)
            12.5 %     ( 27 %)     Dirichlet(Pi)
            23.0 %     ( 31 %)     Slider(Pi)
            42.6 %     ( 25 %)     Multiplier(Alpha)
            72.7 %     ( 67 %)     Slider(Pinvar)
            31.5 %     ( 39 %)     ExtSPR(Tau,V)
            28.3 %     ( 32 %)     ExtTBR(Tau,V)
            42.8 %     ( 44 %)     NNI(Tau,V)
            20.8 %     ( 24 %)     ParsSPR(Tau,V)
            26.1 %     ( 23 %)     Multiplier(V)
            51.6 %     ( 56 %)     Nodeslider(V)
            25.4 %     ( 25 %)     TLMultiplier(V)

      Acceptance rates for the moves in the "cold" chain of run 2:
         With prob.   (last 100)   chain accepted proposals by move
            29.6 %     ( 22 %)     Dirichlet(Revmat)
            42.0 %     ( 28 %)     Slider(Revmat)
            12.4 %     ( 22 %)     Dirichlet(Pi)
            23.2 %     ( 21 %)     Slider(Pi)
            43.0 %     ( 23 %)     Multiplier(Alpha)
            73.0 %     ( 56 %)     Slider(Pinvar)
            31.5 %     ( 34 %)     ExtSPR(Tau,V)
            28.2 %     ( 22 %)     ExtTBR(Tau,V)
            42.7 %     ( 40 %)     NNI(Tau,V)
            20.6 %     ( 19 %)     ParsSPR(Tau,V)
            26.1 %     ( 30 %)     Multiplier(V)
            51.9 %     ( 51 %)     Nodeslider(V)
            25.4 %     ( 28 %)     TLMultiplier(V)

      Chain swap information for run 1:

                   1       2       3       4 
           ----------------------------------
         1 |            0.56    0.26    0.11 
         2 |  417223            0.59    0.30 
         3 |  417422  415758            0.62 
         4 |  416952  415103  417542         

      Chain swap information for run 2:

                   1       2       3       4 
           ----------------------------------
         1 |            0.56    0.26    0.11 
         2 |  417069            0.59    0.30 
         3 |  416335  416002            0.62 
         4 |  416079  417774  416741         

      Upper diagonal: Proportion of successful state exchanges between chains
      Lower diagonal: Number of attempted state exchanges between chains

      Chain information:

        ID -- Heat 
       -----------
         1 -- 1.00  (cold chain)
         2 -- 0.91 
         3 -- 0.83 
         4 -- 0.77 

      Heat = 1 / (1 + T * (ID - 1))
         (where T = 0.10 is the temperature and ID is the chain number)

      Using relative burnin (a fraction of samples discarded).
      Setting burnin fraction to 0.25
      Setting sumt conformat to Simple
      Setting sumt contype to Allcompat
      Summarizing trees in files "results/fmdv_uk_2001/fmdv_uk_2001_mb.run1.t" and "results/fmdv_uk_2001/fmdv_uk_2001_mb.run2.t"
      Using relative burnin ('relburnin=yes'), discarding the first 25 % of sampled trees
      Writing statistics to files results/fmdv_uk_2001/fmdv_uk_2001_mb.<parts|tstat|vstat|trprobs|con>
      Examining first file ...
      Found one tree block in file "results/fmdv_uk_2001/fmdv_uk_2001_mb.run1.t" with 10001 trees in last block
      Expecting the same number of trees in the last tree block of all files

      Tree reading status:

      0      10      20      30      40      50      60      70      80      90     100
      v-------v-------v-------v-------v-------v-------v-------v-------v-------v-------v
      *********************************************************************************

      Read a total of 20002 trees in 2 files (sampling 15002 of them)
         (Each file contained 10001 trees of which 7501 were sampled)
                                                                                   
      General explanation:                                                          
                                                                                   
      In an unrooted tree, a taxon bipartition (split) is specified by removing a   
      branch, thereby dividing the species into those to the left and those to the  
      right of the branch. Here, taxa to one side of the removed branch are denoted 
      '.' and those to the other side are denoted '*'. Specifically, the '.' symbol 
      is used for the taxa on the same side as the outgroup.                        
                                                                                   
      In a rooted or clock tree, the tree is rooted using the model and not by      
      reference to an outgroup. Each bipartition therefore corresponds to a clade,  
      that is, a group that includes all the descendants of a particular branch in  
      the tree.  Taxa that are included in each clade are denoted using '*', and    
      taxa that are not included are denoted using the '.' symbol.                  
                                                                                   
      The output first includes a key to all the bipartitions with frequency larger 
      or equual to (Minpartfreq) in at least one run. Minpartfreq is a parameter to 
      sumt command and currently it is set to 0.10.  This is followed by a table  
      with statistics for the informative bipartitions (those including at least    
      two taxa), sorted from highest to lowest probability. For each bipartition,   
      the table gives the number of times the partition or split was observed in all
      runs (#obs) and the posterior probability of the bipartition (Probab.), which 
      is the same as the split frequency. If several runs are summarized, this is   
      followed by the minimum split frequency (Min(s)), the maximum frequency       
      (Max(s)), and the standard deviation of frequencies (Stddev(s)) across runs.  
      The latter value should approach 0 for all bipartitions as MCMC runs converge.
                                                                                   
      This is followed by a table summarizing branch lengths, node heights (if a    
      clock model was used) and relaxed clock parameters (if a relaxed clock model  
      was used). The mean, variance, and 95 % credible interval are given for each 
      of these parameters. If several runs are summarized, the potential scale      
      reduction factor (PSRF) is also given; it should approach 1 as runs converge. 
      Node heights will take calibration points into account, if such points were   
      used in the analysis.                                                         
                                                                                    
      Note that Stddev may be unreliable if the partition is not present in all     
      runs (the last column indicates the number of runs that sampled the partition 
      if more than one run is summarized). The PSRF is not calculated at all if     
      the partition is not present in all runs.The PSRF is also sensitive to small  
      sample sizes and it should only be considered a rough guide to convergence    
      since some of the assumptions allowing one to interpret it as a true potential
      scale reduction factor are violated in MrBayes.                               
                                                                                    
      List of taxa in bipartitions:                                                 
                                                                                   
         1 -- DQ404180
         2 -- DQ404177
         3 -- DQ404178
         4 -- DQ404179
         5 -- DQ404176
         6 -- DQ404175
         7 -- DQ404173
         8 -- DQ404174
         9 -- DQ404172
        10 -- KM257061
        11 -- KM257062
        12 -- KM257063
        13 -- EF552688
        14 -- EF552693
        15 -- EF552689
        16 -- DQ404171
        17 -- KM257064
        18 -- EF552696
        19 -- EF552697
        20 -- DQ404169
        21 -- EF552690
        22 -- EF552692
        23 -- DQ404170
        24 -- EU214601
        25 -- DQ404168
        26 -- EF552691
        27 -- DQ404167
        28 -- EF552695
        29 -- DQ404166
        30 -- DQ404165
        31 -- FJ542365
        32 -- FJ542369
        33 -- FJ542370
        34 -- FJ542371
        35 -- FJ542372
        36 -- DQ404164
        37 -- DQ404163
        38 -- DQ404162
        39 -- DQ404161
        40 -- DQ404160
        41 -- KM257065
        42 -- DQ404159
        43 -- DQ404158

      Key to taxon bipartitions (saved to file "results/fmdv_uk_2001/fmdv_uk_2001_mb.parts"):

       ID -- Partition
      --------------------------------------------------
        1 -- .******************************************
        2 -- .*.........................................
        3 -- ..*........................................
        4 -- ...*.......................................
        5 -- ....*......................................
        6 -- .....*.....................................
        7 -- ......*....................................
        8 -- .......*...................................
        9 -- ........*..................................
       10 -- .........*.................................
       11 -- ..........*................................
       12 -- ...........*...............................
       13 -- ............*..............................
       14 -- .............*.............................
       15 -- ..............*............................
       16 -- ...............*...........................
       17 -- ................*..........................
       18 -- .................*.........................
       19 -- ..................*........................
       20 -- ...................*.......................
       21 -- ....................*......................
       22 -- .....................*.....................
       23 -- ......................*....................
       24 -- .......................*...................
       25 -- ........................*..................
       26 -- .........................*.................
       27 -- ..........................*................
       28 -- ...........................*...............
       29 -- ............................*..............
       30 -- .............................*.............
       31 -- ..............................*............
       32 -- ...............................*...........
       33 -- ................................*..........
       34 -- .................................*.........
       35 -- ..................................*........
       36 -- ...................................*.......
       37 -- ....................................*......
       38 -- .....................................*.....
       39 -- ......................................*....
       40 -- .......................................*...
       41 -- ........................................*..
       42 -- .........................................*.
       43 -- ..........................................*
       44 -- ............................**.............
       45 -- .........................*.*...............
       46 -- .....*******.****.**************.**********
       47 -- ..........................*.**.............
       48 -- ........................................**.
       49 -- ............*....*.........................
       50 -- .............**.*.******.*****.............
       51 -- ................*....*.....................
       52 -- ...................**......................
       53 -- .......................................****
       54 -- ...............................*..*........
       55 -- ........................*............*.....
       56 -- ......................................*****
       57 -- .............*..*....**...*.**.............
       58 -- ........................*............******
       59 -- ......*.*...........................*......
       60 -- .............**.*.************.......******
       61 -- .***.......................................
       62 -- ..................***..*.*.*...............
       63 -- .........*....................**.**........
       64 -- ......................*...*.**.............
       65 -- ........*...........................*......
       66 -- .....*****.*.****.**************.**********
       67 -- ........................................***
       68 -- ..**.......................................
       69 -- .*.*.......................................
       70 -- .............*..*.******.*****.............
       71 -- ..............*...***..*.*.*...............
       72 -- .......................................*..*
       73 -- ................*....**...*.**.............
       74 -- .......................................***.
       75 -- .............**.*....**...*.**.............
       76 -- .............*........*...*.**.............
       77 -- .**........................................
       78 -- .............*..*....*.....................
       79 -- .........*.....................*..*........
       80 -- ...............................*.**........
       81 -- ..................*......*.*...............
       82 -- ..................***......................
       83 -- ..............................**.**........
       84 -- ..................*....*...................
       85 -- ...................**..*...................
       86 -- ..................***....*.*...............
       87 -- .......................*.*.*...............
       88 -- ..................***..*...................
       89 -- .........*....................*..*.........
       90 -- .........*.....................*.**........
       91 -- .........*....................*............
       92 -- .........*....................**..*........
       93 -- ..............................*..*.........
       94 -- ..............................**..*........
       95 -- ..................*....*.*.*...............
       96 -- ...................**....*.*...............
       97 -- .........*.......................*.........
       98 -- ...................**..*.*.*...............
       99 -- .****.......*....*..............*..........
      100 -- .****......................................
      101 -- ....********.****.**************.**********
      102 -- ............*....*..............*..........
      103 -- ....*...........................*..........
      104 -- .*******************************.**********
      105 -- .***.*******.****.**************.**********
      106 -- ....***************************************
      107 -- ....*.......*....*.........................
      108 -- .....*******.****.*************************
      109 -- .***.**************************************
      110 -- .***........*....*.........................
      111 -- .***********.****.*************************
      112 -- .***............................*..........
      113 -- .....***************************.**********
      --------------------------------------------------

      Summary statistics for informative taxon bipartitions
         (saved to file "results/fmdv_uk_2001/fmdv_uk_2001_mb.tstat"):

       ID   #obs     Probab.     Sd(s)+      Min(s)      Max(s)   Nruns 
      ------------------------------------------------------------------
       44  15002    1.000000    0.000000    1.000000    1.000000    2
       45  15002    1.000000    0.000000    1.000000    1.000000    2
       46  15002    1.000000    0.000000    1.000000    1.000000    2
       47  15002    1.000000    0.000000    1.000000    1.000000    2
       48  15002    1.000000    0.000000    1.000000    1.000000    2
       49  15002    1.000000    0.000000    1.000000    1.000000    2
       50  15002    1.000000    0.000000    1.000000    1.000000    2
       51  15002    1.000000    0.000000    1.000000    1.000000    2
       52  15002    1.000000    0.000000    1.000000    1.000000    2
       53  15002    1.000000    0.000000    1.000000    1.000000    2
       54  15002    1.000000    0.000000    1.000000    1.000000    2
       55  15002    1.000000    0.000000    1.000000    1.000000    2
       56  15002    1.000000    0.000000    1.000000    1.000000    2
       57  15002    1.000000    0.000000    1.000000    1.000000    2
       58  15001    0.999933    0.000094    0.999867    1.000000    2
       59  15001    0.999933    0.000094    0.999867    1.000000    2
       60  15000    0.999867    0.000189    0.999733    1.000000    2
       61  14946    0.996267    0.000377    0.996001    0.996534    2
       62  14910    0.993867    0.000754    0.993334    0.994401    2
       63  14862    0.990668    0.003205    0.988402    0.992934    2
       64  14550    0.969871    0.003959    0.967071    0.972670    2
       65  14194    0.946141    0.001131    0.945341    0.946940    2
       66  14130    0.941874    0.003394    0.939475    0.944274    2
       67   5058    0.337155    0.001885    0.335822    0.338488    2
       68   5035    0.335622    0.016497    0.323957    0.347287    2
       69   5033    0.335489    0.011218    0.327556    0.343421    2
       70   5029    0.335222    0.000660    0.334755    0.335689    2
       71   4999    0.333222    0.000660    0.332756    0.333689    2
       72   4980    0.331956    0.002640    0.330089    0.333822    2
       73   4969    0.331223    0.002168    0.329689    0.332756    2
       74   4964    0.330889    0.004525    0.327690    0.334089    2
       75   4951    0.330023    0.001791    0.328756    0.331289    2
       76   4930    0.328623    0.006976    0.323690    0.333556    2
       77   4922    0.328090    0.005656    0.324090    0.332089    2
       78   4887    0.325757    0.007070    0.320757    0.330756    2
       79   3082    0.205439    0.003771    0.202773    0.208106    2
       80   3056    0.203706    0.004713    0.200373    0.207039    2
       81   3028    0.201840    0.006976    0.196907    0.206772    2
       82   3024    0.201573    0.003771    0.198907    0.204239    2
       83   3023    0.201506    0.007824    0.195974    0.207039    2
       84   3017    0.201107    0.012161    0.192508    0.209705    2
       85   3009    0.200573    0.006316    0.196107    0.205039    2
       86   3009    0.200573    0.009521    0.193841    0.207306    2
       87   3006    0.200373    0.002262    0.198773    0.201973    2
       88   3005    0.200307    0.011029    0.192508    0.208106    2
       89   2989    0.199240    0.000283    0.199040    0.199440    2
       90   2981    0.198707    0.007070    0.193708    0.203706    2
       91   2973    0.198174    0.004808    0.194774    0.201573    2
       92   2972    0.198107    0.007353    0.192908    0.203306    2
       93   2965    0.197640    0.006127    0.193308    0.201973    2
       94   2965    0.197640    0.004808    0.194241    0.201040    2
       95   2958    0.197174    0.005468    0.193308    0.201040    2
       96   2956    0.197040    0.002074    0.195574    0.198507    2
       97   2953    0.196840    0.004996    0.193308    0.200373    2
       98   2945    0.196307    0.005373    0.192508    0.200107    2
       99   2224    0.148247    0.007164    0.143181    0.153313    2
      100   2201    0.146714    0.000660    0.146247    0.147180    2
      101   2188    0.145847    0.002262    0.144247    0.147447    2
      102   2172    0.144781    0.004713    0.141448    0.148114    2
      103   2171    0.144714    0.000471    0.144381    0.145047    2
      104   2166    0.144381    0.002828    0.142381    0.146380    2
      105   2158    0.143847    0.001885    0.142514    0.145181    2
      106   2130    0.141981    0.002640    0.140115    0.143847    2
      107   2129    0.141914    0.001414    0.140915    0.142914    2
      108   2128    0.141848    0.006410    0.137315    0.146380    2
      109   2125    0.141648    0.007447    0.136382    0.146914    2
      110   2115    0.140981    0.002168    0.139448    0.142514    2
      111   2110    0.140648    0.001131    0.139848    0.141448    2
      112   2085    0.138981    0.006505    0.134382    0.143581    2
      113   2063    0.137515    0.001414    0.136515    0.138515    2
      ------------------------------------------------------------------
      + Convergence diagnostic (standard deviation of split frequencies)
        should approach 0.0 as runs converge.


      Summary statistics for branch and node parameters
         (saved to file "results/fmdv_uk_2001/fmdv_uk_2001_mb.vstat"):

                                               95% HPD Interval
                                             --------------------
      Parameter       Mean       Variance     Lower       Upper       Median     PSRF+  Nruns
      ---------------------------------------------------------------------------------------
      length[1]      0.000168    0.000000    0.000004    0.000401    0.000139    1.000    2
      length[2]      0.000252    0.000000    0.000026    0.000543    0.000223    1.000    2
      length[3]      0.000165    0.000000    0.000005    0.000395    0.000140    1.000    2
      length[4]      0.000083    0.000000    0.000000    0.000248    0.000057    1.000    2
      length[5]      0.000168    0.000000    0.000006    0.000404    0.000141    1.000    2
      length[6]      0.000168    0.000000    0.000004    0.000402    0.000141    1.000    2
      length[7]      0.000087    0.000000    0.000000    0.000260    0.000061    1.000    2
      length[8]      0.000251    0.000000    0.000020    0.000528    0.000225    1.000    2
      length[9]      0.000258    0.000000    0.000031    0.000555    0.000230    1.000    2
      length[10]     0.000168    0.000000    0.000003    0.000401    0.000140    1.000    2
      length[11]     0.000426    0.000000    0.000101    0.000812    0.000397    1.000    2
      length[12]     0.000416    0.000000    0.000103    0.000770    0.000390    1.000    2
      length[13]     0.000166    0.000000    0.000004    0.000396    0.000141    1.000    2
      length[14]     0.000165    0.000000    0.000003    0.000403    0.000136    1.000    2
      length[15]     0.000417    0.000000    0.000100    0.000793    0.000388    1.000    2
      length[16]     0.000501    0.000000    0.000146    0.000910    0.000473    1.000    2
      length[17]     0.000337    0.000000    0.000074    0.000677    0.000308    1.000    2
      length[18]     0.000508    0.000000    0.000152    0.000923    0.000479    1.000    2
      length[19]     0.000669    0.000000    0.000242    0.001142    0.000637    1.000    2
      length[20]     0.000084    0.000000    0.000000    0.000255    0.000059    1.000    2
      length[21]     0.000167    0.000000    0.000003    0.000389    0.000140    1.000    2
      length[22]     0.000589    0.000000    0.000201    0.001035    0.000561    1.000    2
      length[23]     0.000336    0.000000    0.000058    0.000669    0.000308    1.000    2
      length[24]     0.000586    0.000000    0.000208    0.001028    0.000557    1.000    2
      length[25]     0.000340    0.000000    0.000054    0.000670    0.000311    1.000    2
      length[26]     0.000250    0.000000    0.000025    0.000526    0.000224    1.000    2
      length[27]     0.000084    0.000000    0.000000    0.000251    0.000059    1.000    2
      length[28]     0.000083    0.000000    0.000000    0.000257    0.000056    1.000    2
      length[29]     0.000084    0.000000    0.000000    0.000254    0.000059    1.000    2
      length[30]     0.000249    0.000000    0.000021    0.000534    0.000221    1.000    2
      length[31]     0.000083    0.000000    0.000000    0.000247    0.000057    1.000    2
      length[32]     0.000166    0.000000    0.000006    0.000397    0.000140    1.000    2
      length[33]     0.000423    0.000000    0.000103    0.000806    0.000394    1.000    2
      length[34]     0.000671    0.000000    0.000236    0.001145    0.000639    1.001    2
      length[35]     0.000251    0.000000    0.000024    0.000530    0.000224    1.000    2
      length[36]     0.001846    0.000000    0.001108    0.002656    0.001820    1.000    2
      length[37]     0.002773    0.000000    0.001877    0.003790    0.002746    1.000    2
      length[38]     0.001945    0.000000    0.001157    0.002775    0.001909    1.000    2
      length[39]     0.000840    0.000000    0.000359    0.001384    0.000812    1.000    2
      length[40]     0.000593    0.000000    0.000191    0.001040    0.000564    1.000    2
      length[41]     0.000086    0.000000    0.000000    0.000258    0.000060    1.000    2
      length[42]     0.000167    0.000000    0.000003    0.000397    0.000137    1.000    2
      length[43]     0.001251    0.000000    0.000669    0.001945    0.001217    1.000    2
      length[44]     0.000250    0.000000    0.000034    0.000539    0.000222    1.000    2
      length[45]     0.000587    0.000000    0.000196    0.001043    0.000558    1.001    2
      length[46]     0.000253    0.000000    0.000028    0.000553    0.000224    1.000    2
      length[47]     0.000680    0.000000    0.000253    0.001164    0.000650    1.000    2
      length[48]     0.000429    0.000000    0.000111    0.000810    0.000399    1.000    2
      length[49]     0.000842    0.000000    0.000353    0.001372    0.000814    1.000    2
      length[50]     0.000251    0.000000    0.000029    0.000537    0.000225    1.000    2
      length[51]     0.000421    0.000000    0.000092    0.000790    0.000393    1.000    2
      length[52]     0.000505    0.000000    0.000142    0.000910    0.000477    1.000    2
      length[53]     0.001211    0.000000    0.000617    0.001855    0.001184    1.000    2
      length[54]     0.000253    0.000000    0.000025    0.000544    0.000226    1.000    2
      length[55]     0.000420    0.000000    0.000098    0.000798    0.000390    1.000    2
      length[56]     0.001466    0.000000    0.000793    0.002175    0.001436    1.000    2
      length[57]     0.000254    0.000000    0.000024    0.000533    0.000226    1.000    2
      length[58]     0.000334    0.000000    0.000066    0.000677    0.000305    1.000    2
      length[59]     0.000252    0.000000    0.000033    0.000540    0.000225    1.000    2
      length[60]     0.000253    0.000000    0.000023    0.000534    0.000226    1.000    2
      length[61]     0.000164    0.000000    0.000004    0.000394    0.000136    1.000    2
      length[62]     0.000168    0.000000    0.000004    0.000395    0.000142    1.000    2
      length[63]     0.000168    0.000000    0.000002    0.000399    0.000140    1.000    2
      length[64]     0.000168    0.000000    0.000003    0.000401    0.000143    1.000    2
      length[65]     0.000169    0.000000    0.000003    0.000414    0.000141    1.000    2
      length[66]     0.000168    0.000000    0.000008    0.000407    0.000140    1.000    2
      length[67]     0.000086    0.000000    0.000000    0.000267    0.000059    1.001    2
      length[68]     0.000086    0.000000    0.000000    0.000253    0.000062    1.000    2
      length[69]     0.000085    0.000000    0.000000    0.000259    0.000060    1.000    2
      length[70]     0.000084    0.000000    0.000000    0.000256    0.000058    1.000    2
      length[71]     0.000084    0.000000    0.000000    0.000250    0.000057    1.000    2
      length[72]     0.000084    0.000000    0.000000    0.000255    0.000058    1.000    2
      length[73]     0.000085    0.000000    0.000000    0.000252    0.000059    1.000    2
      length[74]     0.000085    0.000000    0.000000    0.000255    0.000059    1.001    2
      length[75]     0.000084    0.000000    0.000000    0.000254    0.000057    1.000    2
      length[76]     0.000085    0.000000    0.000000    0.000255    0.000059    1.001    2
      length[77]     0.000084    0.000000    0.000000    0.000248    0.000059    1.002    2
      length[78]     0.000087    0.000000    0.000000    0.000258    0.000060    1.001    2
      length[79]     0.000083    0.000000    0.000000    0.000247    0.000057    1.000    2
      length[80]     0.000086    0.000000    0.000000    0.000254    0.000058    1.000    2
      length[81]     0.000085    0.000000    0.000000    0.000250    0.000057    1.000    2
      length[82]     0.000082    0.000000    0.000000    0.000242    0.000057    1.000    2
      length[83]     0.000085    0.000000    0.000000    0.000256    0.000060    1.000    2
      length[84]     0.000083    0.000000    0.000000    0.000247    0.000056    1.001    2
      length[85]     0.000086    0.000000    0.000000    0.000254    0.000058    1.000    2
      length[86]     0.000084    0.000000    0.000000    0.000249    0.000058    1.000    2
      length[87]     0.000084    0.000000    0.000000    0.000255    0.000059    1.000    2
      length[88]     0.000084    0.000000    0.000000    0.000260    0.000056    1.000    2
      length[89]     0.000084    0.000000    0.000000    0.000245    0.000060    1.001    2
      length[90]     0.000083    0.000000    0.000000    0.000242    0.000057    1.000    2
      length[91]     0.000083    0.000000    0.000000    0.000246    0.000058    1.000    2
      length[92]     0.000083    0.000000    0.000000    0.000240    0.000057    1.000    2
      length[93]     0.000085    0.000000    0.000000    0.000258    0.000058    1.000    2
      length[94]     0.000085    0.000000    0.000000    0.000251    0.000060    1.000    2
      length[95]     0.000084    0.000000    0.000000    0.000254    0.000057    1.002    2
      length[96]     0.000083    0.000000    0.000000    0.000254    0.000055    1.000    2
      length[97]     0.000083    0.000000    0.000000    0.000252    0.000056    1.001    2
      length[98]     0.000088    0.000000    0.000000    0.000265    0.000061    1.000    2
      length[99]     0.000082    0.000000    0.000000    0.000246    0.000058    1.000    2
      length[100]    0.000083    0.000000    0.000000    0.000245    0.000057    1.000    2
      length[101]    0.000081    0.000000    0.000000    0.000237    0.000056    1.000    2
      length[102]    0.000088    0.000000    0.000000    0.000250    0.000065    1.000    2
      length[103]    0.000086    0.000000    0.000000    0.000263    0.000059    1.000    2
      length[104]    0.000085    0.000000    0.000000    0.000270    0.000059    1.000    2
      length[105]    0.000084    0.000000    0.000000    0.000252    0.000058    1.002    2
      length[106]    0.000082    0.000000    0.000000    0.000236    0.000057    1.000    2
      length[107]    0.000086    0.000000    0.000000    0.000258    0.000060    1.000    2
      length[108]    0.000086    0.000000    0.000000    0.000258    0.000059    1.000    2
      length[109]    0.000085    0.000000    0.000000    0.000255    0.000062    1.000    2
      length[110]    0.000088    0.000000    0.000000    0.000265    0.000060    1.000    2
      length[111]    0.000088    0.000000    0.000000    0.000261    0.000061    1.000    2
      length[112]    0.000083    0.000000    0.000000    0.000249    0.000057    1.000    2
      length[113]    0.000090    0.000000    0.000000    0.000277    0.000063    1.000    2
      ---------------------------------------------------------------------------------------
      + Convergence diagnostic (PSRF = Potential Scale Reduction Factor; Gelman
        and Rubin, 1992) should approach 1.0 as runs converge. NA is reported when
        deviation of parameter values within all runs is 0 or when a parameter
        value (a branch length, for instance) is not sampled in all runs.


      Summary statistics for partitions with frequency >= 0.10 in at least one run:
          Average standard deviation of split frequencies = 0.003439
          Maximum standard deviation of split frequencies = 0.016497
          Average PSRF for parameter values (excluding NA and >10.0) = 1.000
          Maximum PSRF for parameter values = 1.002


      Clade credibility values:

      Subtree rooted at node 75:

                                                        /--------------- DQ404175 (6)
                                                        |                             
           /----------------------8---------------------+    /---------- DQ404173 (7)
           |                                            |    |                        
           |                                            \-100+    /----- DQ404172 (9)
           |                                                 \-95-+                   
           |                                                      \----- DQ404163 (37)
           |                                                                          
           |                                                      /----- DQ404174 (8)
           |         /----------------------8---------------------+                   
           |         |                                            \----- KM257063 (12)
           |         |                                                                
           |         |                        /------------------------- EF552693 (14)
           |         |                        |                                       
           |         |                        |                   /----- KM257064 (17)
           |         |                   /-100+    /------100-----+                   
           |         |                   |    |    |              \----- EF552692 (22)
           |         |                   |    |    |                                  
           |         |                   |    \-33-+    /--------------- DQ404170 (23)
           |         |                   |         |    |                             
           |         |                   |         \-97-+    /---------- DQ404167 (27)
           |         |                   |              |    |                        
           |         |                   |              \-100+    /----- DQ404166 (29)
           |         |                   |                   \-100+                   
      --94-+         |                   |                        \----- DQ404165 (30)
           |         |              /-34-+                                            
           |         |              |    |                   /---------- EF552697 (19)
           |         |              |    |                   |                        
           |    /--1-+              |    |              /-20-+    /----- EF552691 (26)
           |    |    |              |    |              |    \-100+                   
           |    |    |              |    |              |         \----- EF552695 (28)
           |    |    |              |    |         /-20-+                             
           |    |    |         /-100+    |         |    |         /----- DQ404169 (20)
           |    |    |         |    |    |         |    \---100---+                   
           |    |    |         |    |    \----99---+              \----- EF552690 (21)
           |    |    |         |    |              |                                  
           |    |    |         |    |              \-------------------- EU214601 (24)
           |    |    |         |    |                                                 
           |    |    |    /-100+    \----------------------------------- EF552689 (15)
           |    |    |    |    |                                                      
           |    |    |    |    |                                  /----- DQ404168 (25)
           |    |    |    |    |              /--------100--------+                   
           |    |    |    |    |              |                   \----- DQ404162 (38)
           |    |    |    |    |              |                                       
           |    |    |    |    \------100-----+    /-------------------- DQ404161 (39)
           |    |    |    |                   |    |                                  
           \--2-+    \--8-+                   |    |    /--------------- DQ404160 (40)
                |         |                   \-100+    |                             
                |         |                        |    |         /----- KM257065 (41)
                |         |                        \-100+    /-100+                   
                |         |                             |    |    \----- DQ404159 (42)
                |         |                             \-34-+                        
                |         |                                  \---------- DQ404158 (43)
                |         |                                                           
                |         \--------------------------------------------- DQ404164 (36)
                |                                                                     
                |                                            /---------- KM257061 (10)
                |                                            |                        
                |                                       /-21-+    /----- FJ542369 (32)
                |                                       |    \-100+                   
                |                                  /-20-+         \----- FJ542372 (35)
                |                                  |    |                             
                |                             /-99-+    \--------------- FJ542371 (34)
                |                             |    |                                  
                \--------------8--------------+    \-------------------- FJ542365 (31)
                                              |                                       
                                              \------------------------- DQ404171 (16)
                                                                                      
      Root part of tree:

      /----------------------------------------------------------------- DQ404180 (1)
      |                                                                               
      |                                                   /------------- (75)
      |------------------------100------------------------+                           
      |                                                   \------------- KM257062 (11)
      |                                                                               
      |                                      /-------------------------- DQ404177 (2)
      +                                      |                                        
      |                         /-----100----+            /------------- DQ404178 (3)
      |                         |            \-----34-----+                           
      |            /-----15-----+                         \------------- DQ404179 (4)
      |            |            |                                                     
      |            |            \--------------------------------------- DQ404176 (5)
      |            |                                                                  
      \-----15-----+                                      /------------- EF552688 (13)
                   |                         /-----100----+                           
                   |                         |            \------------- EF552696 (18)
                   \------------14-----------+                                        
                                             \-------------------------- FJ542370 (33)
                                                                                      

      Phylogram (based on average branch lengths):

      /-- DQ404180 (1)
      |                                                                               
      |     /- DQ404175 (6)
      |     |                                                                         
      |    /+ /- DQ404173 (7)
      |    || |                                                                       
      |    |\-+ /--- DQ404172 (9)
      |    |  \-+                                                                     
      |    |    \------------------------------------ DQ404163 (37)
      |    |                                                                          
      |    | /--- DQ404174 (8)
      |    |/+                                                                        
      |    ||\----- KM257063 (12)
      |    ||                                                                         
      |    ||          /- EF552693 (14)
      |    ||          |                                                              
      |    ||          |     /---- KM257064 (17)
      |    ||       /--+-----+                                                        
      |    ||       |  |     \------- EF552692 (22)
      |    ||       |  |                                                              
      |    ||       |  | /---- DQ404170 (23)
      |    ||       |  | |                                                            
      |    ||       |  \-+        /- DQ404167 (27)
      |    ||       |    |        |                                                   
      |    ||       |    \--------+  / DQ404166 (29)
      |    ||       |             \--+                                                
      |  /-+|       |                \--- DQ404165 (30)
      |  | ||      /+                                                                 
      |  | ||      ||  /-------- EF552697 (19)
      |  | ||      ||  |                                                              
      |  | |+      || /+      /--- EF552691 (26)
      |  | ||      || |\------+                                                       
      |  | ||      || |       \- EF552695 (28)
      |  | ||      || |                                                               
      |  | ||   /--+| |      / DQ404169 (20)
      |  | ||   |  || |------+                                                        
      |  | ||   |  |\-+      \- EF552690 (21)
      |  | ||   |  |  |                                                               
      |  | ||   |  |  \------- EU214601 (24)
      |  | ||   |  |                                                                  
      +  | ||/--+  \----- EF552689 (15)
      |  | |||  |                                                                     
      |  | |||  |        /---- DQ404168 (25)
      |  | |||  |   /----+                                                            
      |  | |||  |   |    \------------------------- DQ404162 (38)
      |  | |||  |   |                                                                 
      |  | |||  \---+                  /---------- DQ404161 (39)
      |  | |||      |                  |                                              
      |--+ |\+      |                  |              /-------- DQ404160 (40)
      |  | | |      \------------------+              |                               
      |  | | |                         |              |     /- KM257065 (41)
      |  | | |                         \--------------+/----+                         
      |  | | |                                        ||    \-- DQ404159 (42)
      |  | | |                                        \+                              
      |  | | |                                         \---------------- DQ404158 (43)
      |  | | |                                                                        
      |  | | \------------------------ DQ404164 (36)
      |  | |                                                                          
      |  | |    /- KM257061 (10)
      |  | |    |                                                                     
      |  | |   /+ /-- FJ542369 (32)
      |  | |   |\-+                                                                   
      |  | |  /+  \--- FJ542372 (35)
      |  | |  ||                                                                      
      |  | |/-+\-------- FJ542371 (34)
      |  | || |                                                                       
      |  | \+ \- FJ542365 (31)
      |  |  |                                                                         
      |  |  \------ DQ404171 (16)
      |  |                                                                            
      |  \----- KM257062 (11)
      |                                                                               
      |  /--- DQ404177 (2)
      |  |                                                                            
      | /+/-- DQ404178 (3)
      | |\+                                                                           
      |/+ \- DQ404179 (4)
      |||                                                                             
      ||\- DQ404176 (5)
      ||                                                                              
      \+          /-- EF552688 (13)
       |/---------+                                                                   
       ||         \------- EF552696 (18)
       \+                                                                             
        \----- FJ542370 (33)
                                                                                      
      |------------| 0.001 expected changes per site

      Calculating tree probabilities...

      Credible sets of trees (15002 trees sampled):
         50 % credible set contains 7501 trees
         90 % credible set contains 13502 trees
         95 % credible set contains 14252 trees
         99 % credible set contains 14852 trees

      Using relative burnin (a fraction of samples discarded).
      Setting burnin fraction to 0.25
      Summarizing parameters in files results/fmdv_uk_2001/fmdv_uk_2001_mb.run1.p and results/fmdv_uk_2001/fmdv_uk_2001_mb.run2.p
      Writing summary statistics to file results/fmdv_uk_2001/fmdv_uk_2001_mb.pstat
      Using relative burnin ('relburnin=yes'), discarding the first 25 % of samples

      Below are rough plots of the generation (x-axis) versus the log   
      probability of observing the data (y-axis). You can use these     
      graphs to determine what the burn in for your analysis should be. 
      When the log probability starts to plateau you may be at station- 
      arity. Sample trees and parameters after the log probability      
      plateaus. Of course, this is not a guarantee that you are at sta- 
      tionarity. Also examine the convergence diagnostics provided by   
      the 'sump' and 'sumt' commands for all the parameters in your     
      model. Remember that the burn in is the number of samples to dis- 
      card. There are a total of ngen / samplefreq samples taken during 
      a MCMC analysis.                                                  

      Overlay plot for both runs:
      (1 = Run number 1; 2 = Run number 2; * = Both runs)

      +------------------------------------------------------------+ -13681.56
      |                        1           1                       |
      |             1                        1          1          |
      |    1      2  2                        *  1     1        11 |
      |1               2   22     1    1    2  21        2  2      |
      |    2          1      2          2         2       1        |
      | 2 1    1              1     211      2                     |
      | 1*2  22  111 1    2        1  22           1 1  2 2   22   |
      |     2         2  2 11   2   1    1      2     1  1    1    |
      |     1  21        1       22      21           2    2     2 |
      |                            2    1 2    1  1        1 1 1  *|
      |2     1  22 2    2     22           2     2 2*       1   2  |
      |                 1    1   1   2               2             |
      |             2     1                            2     2     |
      |                1        1           1                      |
      |       1                                                    |
      +------+-----+-----+-----+-----+-----+-----+-----+-----+-----+ -13686.42
      ^                                                            ^
      625000                                                       2500000


      Estimated marginal likelihoods for runs sampled in files
         "results/fmdv_uk_2001/fmdv_uk_2001_mb.run1.p" and "results/fmdv_uk_2001/fmdv_uk_2001_mb.run2.p":
         (Use the harmonic mean for Bayes factor comparisons of models)

         (Values are saved to the file results/fmdv_uk_2001/fmdv_uk_2001_mb.lstat)

      Run   Arithmetic mean   Harmonic mean
      --------------------------------------
        1     -13666.42        -13704.50
        2     -13669.70        -13703.76
      --------------------------------------
      TOTAL   -13667.08        -13704.20
      --------------------------------------


      Model parameter summaries over the runs sampled in files
         "results/fmdv_uk_2001/fmdv_uk_2001_mb.run1.p" and "results/fmdv_uk_2001/fmdv_uk_2001_mb.run2.p":
         Summaries are based on a total of 15002 samples from 2 runs.
         Each run produced 10001 samples of which 7501 samples were included.
         Parameter summaries saved to file "results/fmdv_uk_2001/fmdv_uk_2001_mb.pstat".

                                            95% HPD Interval
                                          --------------------
      Parameter      Mean      Variance     Lower       Upper       Median    min ESS*  avg ESS    PSRF+ 
      --------------------------------------------------------------------------------------------------
      TL          0.030407    0.000003    0.026807    0.034143    0.030374   7043.65   7272.33    1.000
      r(A<->C)    0.028108    0.000087    0.010952    0.046570    0.027089   2905.23   3148.36    1.000
      r(A<->G)    0.287458    0.000739    0.236116    0.342047    0.286800   2321.89   2537.35    1.000
      r(A<->T)    0.040097    0.000156    0.017709    0.065160    0.038812   3205.71   3225.27    1.000
      r(C<->G)    0.026821    0.000078    0.010751    0.044224    0.025794   3202.92   3225.45    1.000
      r(C<->T)    0.598281    0.000906    0.542578    0.659283    0.598405   2580.29   2636.39    1.000
      r(G<->T)    0.019234    0.000072    0.004310    0.035168    0.018000   2898.05   3093.69    1.001
      pi(A)       0.248089    0.000023    0.238696    0.257329    0.248081   3470.45   3603.06    1.000
      pi(C)       0.280201    0.000024    0.270566    0.289802    0.280141   3315.58   3666.13    1.000
      pi(G)       0.257579    0.000024    0.248259    0.267202    0.257520   3551.06   3622.98    1.000
      pi(T)       0.214130    0.000020    0.205638    0.223113    0.214158   3740.95   3787.43    1.000
      alpha       1.347681    0.977336    0.112897    3.353099    1.078880   5141.03   5352.73    1.000
      pinvar      0.262834    0.026373    0.000318    0.543417    0.250912   4891.73   5023.99    1.000
      --------------------------------------------------------------------------------------------------
      * Convergence diagnostic (ESS = Estimated Sample Size); min and avg values
        correspond to minimal and average ESS among runs. 
        ESS value below 100 may indicate that the parameter is undersampled. 
      + Convergence diagnostic (PSRF = Potential Scale Reduction Factor; Gelman
        and Rubin, 1992) should approach 1.0 as runs converge.


   Exiting mrbayes block
   Reached end of file

   Tasks completed, exiting program because mode is noninteractive
   To return control to the command line after completion of file processing, 
   set mode to interactive with 'mb -i <filename>' (i is for interactive)
   or use 'set mode=interactive'

