IQ-TREE multicore version 2.3.6 for Linux x86 64-bit built Aug  1 2024
Developed by Bui Quang Minh, Nguyen Lam Tung, Olga Chernomor, Heiko Schmidt,
Dominik Schrempf, Michael Woodhams, Ly Trong Nhan, Thomas Wong

Host:    07be82772fbe (AVX2, FMA3, 503 GB RAM)
Command: /workspaces/maximum_likelihood_vs_bayesian_20260908_230005_3f2f2099/code/bin/iqtree2 -s /workspaces/maximum_likelihood_vs_bayesian_20260908_230005_3f2f2099/datasets/fmdv_uk_2001/analysis.fasta -m MFP --prefix results/fmdv_uk_2001/fmdv_uk_2001_mlrep5 -T 2 -redo --quiet -seed 777
Seed:    777 (Using SPRNG - Scalable Parallel Random Number Generator)
Time:    Wed Sep  9 00:24:40 2026
Kernel:  AVX+FMA - 2 threads (32 CPU cores detected)

Reading alignment file /workspaces/maximum_likelihood_vs_bayesian_20260908_230005_3f2f2099/datasets/fmdv_uk_2001/analysis.fasta ... Fasta format detected
Reading fasta file: done in 0.0078054 secs using 80.47% CPU
Alignment most likely contains DNA/RNA sequences
Alignment has 43 sequences with 8196 columns, 181 distinct patterns
93 parsimony-informative, 175 singleton sites, 7928 constant sites
          Gap/Ambiguity  Composition  p-value
Analyzing sequences: done in 2.52579e-05 secs
   1  DQ404180    0.07%    passed    100.00%
   2  DQ404177    0.04%    passed    100.00%
   3  DQ404178    0.04%    passed     99.98%
   4  DQ404179    0.04%    passed    100.00%
   5  DQ404176    0.04%    passed     99.99%
   6  DQ404175    0.04%    passed     99.97%
   7  DQ404173    0.01%    passed     99.98%
   8  DQ404174    0.04%    passed     99.99%
   9  DQ404172    0.04%    passed    100.00%
  10  KM257061    0.17%    passed     99.69%
  11  KM257062    0.16%    passed     99.88%
  12  KM257063    0.17%    passed     99.73%
  13  EF552688    0.04%    passed     99.98%
  14  EF552693    0.04%    passed     99.93%
  15  EF552689    0.04%    passed     99.91%
  16  DQ404171    0.04%    passed     99.97%
  17  KM257064    0.38%    passed     99.70%
  18  EF552696    0.04%    passed     99.82%
  19  EF552697    0.04%    passed    100.00%
  20  DQ404169    0.04%    passed     99.99%
  21  EF552690    0.04%    passed     99.97%
  22  EF552692    0.01%    passed     99.90%
  23  DQ404170    0.04%    passed     99.92%
  24  EU214601    0.04%    passed     99.98%
  25  DQ404168    0.04%    passed     99.59%
  26  EF552691    0.04%    passed     99.86%
  27  DQ404167    0.11%    passed     99.99%
  28  EF552695    0.04%    passed     99.94%
  29  DQ404166    0.04%    passed    100.00%
  30  DQ404165    0.04%    passed    100.00%
  31  FJ542365    0.04%    passed     99.98%
  32  FJ542369    0.02%    passed     99.94%
  33  FJ542370    0.04%    passed    100.00%
  34  FJ542371    0.05%    passed     99.73%
  35  FJ542372    0.05%    passed     99.80%
  36  DQ404164    0.04%    passed     99.96%
  37  DQ404163    0.06%    passed     99.81%
  38  DQ404162    0.05%    passed     98.11%
  39  DQ404161    0.09%    passed     99.98%
  40  DQ404160    0.12%    passed     99.88%
  41  KM257065    0.16%    passed     99.30%
  42  DQ404159    0.10%    passed     99.72%
  43  DQ404158    0.11%    passed    100.00%
****  TOTAL       0.07%  0 sequences failed composition chi2 test (p-value<5%; df=3)


Create initial parsimony tree by phylogenetic likelihood library (PLL)... 0.001 seconds
WARNING: Number of threads seems too high for short alignments. Use -T AUTO to determine best number of threads.
Perform fast likelihood tree search using GTR+I+G model...
Estimate model parameters (epsilon = 5.000)

WARNING: Estimated model parameters are at boundary that can cause numerical instability!

Perform nearest neighbor interchange...
Estimate model parameters (epsilon = 1.000)
1. Initial log-likelihood: -13632.414
Optimal log-likelihood: -13632.403
Rate parameters:  A-C: 4.18800  A-G: 47.39592  A-T: 6.36052  C-G: 4.05682  C-T: 99.94697  G-T: 1.00000
Base frequencies:  A: 0.247  C: 0.279  G: 0.258  T: 0.215
Proportion of invariable sites: 0.484
Gamma shape alpha: 5.199
Parameters optimization took 1 rounds (0.010 sec)

WARNING: Estimated model parameters are at boundary that can cause numerical instability!

Time for fast ML tree search: 0.100 seconds

NOTE: ModelFinder requires 2 MB RAM!
ModelFinder will test up to 484 DNA models (sample size: 8196 epsilon: 0.100) ...
 No. Model         -LnL         df  AIC          AICc         BIC
WARNING: Number of threads seems too high for short alignments. Use -T AUTO to determine best number of threads.
  1  GTR+F         13634.030    91  27450.061    27452.127    28088.098
WARNING: Number of threads seems too high for short alignments. Use -T AUTO to determine best number of threads.
  2  GTR+F+I       13631.043    92  27446.086    27448.198    28091.135
WARNING: Number of threads seems too high for short alignments. Use -T AUTO to determine best number of threads.
  3  GTR+F+G4      13631.117    92  27446.235    27448.347    28091.284
WARNING: Number of threads seems too high for short alignments. Use -T AUTO to determine best number of threads.
  4  GTR+F+I+G4    13631.087    93  27448.174    27450.332    28100.235
WARNING: Number of threads seems too high for short alignments. Use -T AUTO to determine best number of threads.
  5  GTR+F+R2      13631.443    93  27448.887    27451.045    28100.947
WARNING: Number of threads seems too high for short alignments. Use -T AUTO to determine best number of threads.
+R3 reinitialized from +R2 with factor 0.500
+R3 reinitialized from +R2 with factor 0.250
  6  GTR+F+R3      13631.543    95  27453.087    27455.338    28119.170
WARNING: Number of threads seems too high for short alignments. Use -T AUTO to determine best number of threads.
 14  GTR+F+I+R2    13632.042    94  27452.085    27454.289    28111.157
WARNING: Number of threads seems too high for short alignments. Use -T AUTO to determine best number of threads.
 15  GTR+F+I+R3    13631.367    96  27454.734    27457.033    28127.828
WARNING: Number of threads seems too high for short alignments. Use -T AUTO to determine best number of threads.
 23  SYM           13672.905    88  27521.809    27523.741    28138.813
WARNING: Number of threads seems too high for short alignments. Use -T AUTO to determine best number of threads.
 24  SYM+I         13669.725    89  27517.449    27519.426    28141.464
WARNING: Number of threads seems too high for short alignments. Use -T AUTO to determine best number of threads.
 25  SYM+G4        13669.788    89  27517.577    27519.553    28141.591
WARNING: Number of threads seems too high for short alignments. Use -T AUTO to determine best number of threads.
 45  TVM+F         13650.316    90  27480.633    27482.654    28111.659
WARNING: Number of threads seems too high for short alignments. Use -T AUTO to determine best number of threads.
 46  TVM+F+I       13646.678    91  27475.355    27477.421    28113.393
WARNING: Number of threads seems too high for short alignments. Use -T AUTO to determine best number of threads.
 47  TVM+F+G4      13646.733    91  27475.465    27477.531    28113.503
WARNING: Number of threads seems too high for short alignments. Use -T AUTO to determine best number of threads.
 67  TVMe          13687.535    87  27549.070    27550.959    28159.062
WARNING: Number of threads seems too high for short alignments. Use -T AUTO to determine best number of threads.
 68  TVMe+I        13683.792    88  27543.583    27545.515    28160.587
WARNING: Number of threads seems too high for short alignments. Use -T AUTO to determine best number of threads.
 69  TVMe+G4       13683.839    88  27543.678    27545.610    28160.681
WARNING: Number of threads seems too high for short alignments. Use -T AUTO to determine best number of threads.
 89  TIM3+F        13635.126    89  27448.252    27450.229    28072.267
WARNING: Number of threads seems too high for short alignments. Use -T AUTO to determine best number of threads.
 90  TIM3+F+I      13632.145    90  27444.290    27446.311    28075.316
WARNING: Number of threads seems too high for short alignments. Use -T AUTO to determine best number of threads.
 91  TIM3+F+G4     13632.219    90  27444.439    27446.460    28075.465
WARNING: Number of threads seems too high for short alignments. Use -T AUTO to determine best number of threads.
111  TIM3e         13673.956    86  27519.913    27521.758    28122.893
WARNING: Number of threads seems too high for short alignments. Use -T AUTO to determine best number of threads.
112  TIM3e+I       13670.783    87  27515.567    27517.455    28125.558
WARNING: Number of threads seems too high for short alignments. Use -T AUTO to determine best number of threads.
113  TIM3e+G4      13670.848    87  27515.696    27517.585    28125.688
WARNING: Number of threads seems too high for short alignments. Use -T AUTO to determine best number of threads.
133  TIM2+F        13634.601    89  27447.202    27449.178    28071.217
WARNING: Number of threads seems too high for short alignments. Use -T AUTO to determine best number of threads.
134  TIM2+F+I      13631.609    90  27443.219    27445.240    28074.245
WARNING: Number of threads seems too high for short alignments. Use -T AUTO to determine best number of threads.
135  TIM2+F+G4     13631.683    90  27443.365    27445.386    28074.391
WARNING: Number of threads seems too high for short alignments. Use -T AUTO to determine best number of threads.
155  TIM2e         13673.479    86  27518.957    27520.802    28121.938
WARNING: Number of threads seems too high for short alignments. Use -T AUTO to determine best number of threads.
156  TIM2e+I       13670.304    87  27514.608    27516.496    28124.600
WARNING: Number of threads seems too high for short alignments. Use -T AUTO to determine best number of threads.
157  TIM2e+G4      13670.370    87  27514.740    27516.629    28124.732
WARNING: Number of threads seems too high for short alignments. Use -T AUTO to determine best number of threads.
177  TIM+F         13634.806    89  27447.612    27449.588    28071.627
WARNING: Number of threads seems too high for short alignments. Use -T AUTO to determine best number of threads.
178  TIM+F+I       13631.824    90  27443.647    27445.668    28074.673
WARNING: Number of threads seems too high for short alignments. Use -T AUTO to determine best number of threads.
179  TIM+F+G4      13631.897    90  27443.794    27445.815    28074.820
WARNING: Number of threads seems too high for short alignments. Use -T AUTO to determine best number of threads.
199  TIMe          13673.585    86  27519.171    27521.016    28122.151
WARNING: Number of threads seems too high for short alignments. Use -T AUTO to determine best number of threads.
200  TIMe+I        13670.421    87  27514.843    27516.731    28124.835
WARNING: Number of threads seems too high for short alignments. Use -T AUTO to determine best number of threads.
201  TIMe+G4       13670.487    87  27514.974    27516.863    28124.966
WARNING: Number of threads seems too high for short alignments. Use -T AUTO to determine best number of threads.
221  TPM3u+F       13651.426    88  27478.851    27480.783    28095.854
WARNING: Number of threads seems too high for short alignments. Use -T AUTO to determine best number of threads.
222  TPM3u+F+I     13647.794    89  27473.587    27475.563    28097.602
WARNING: Number of threads seems too high for short alignments. Use -T AUTO to determine best number of threads.
223  TPM3u+F+G4    13647.845    89  27473.689    27475.666    28097.704
WARNING: Number of threads seems too high for short alignments. Use -T AUTO to determine best number of threads.
243  TPM3          13688.614    85  27547.228    27549.031    28143.197
WARNING: Number of threads seems too high for short alignments. Use -T AUTO to determine best number of threads.
244  TPM3+I        13684.882    86  27541.764    27543.609    28144.744
WARNING: Number of threads seems too high for short alignments. Use -T AUTO to determine best number of threads.
245  TPM3+G4       13684.932    86  27541.864    27543.709    28144.844
WARNING: Number of threads seems too high for short alignments. Use -T AUTO to determine best number of threads.
265  TPM2u+F       13650.931    88  27477.862    27479.794    28094.865
WARNING: Number of threads seems too high for short alignments. Use -T AUTO to determine best number of threads.
266  TPM2u+F+I     13647.294    89  27472.589    27474.565    28096.604
WARNING: Number of threads seems too high for short alignments. Use -T AUTO to determine best number of threads.
267  TPM2u+F+G4    13647.349    89  27472.698    27474.674    28096.712
WARNING: Number of threads seems too high for short alignments. Use -T AUTO to determine best number of threads.
287  TPM2          13688.143    85  27546.286    27548.088    28142.255
WARNING: Number of threads seems too high for short alignments. Use -T AUTO to determine best number of threads.
288  TPM2+I        13684.406    86  27540.812    27542.658    28143.793
WARNING: Number of threads seems too high for short alignments. Use -T AUTO to determine best number of threads.
289  TPM2+G4       13684.456    86  27540.911    27542.757    28143.892
WARNING: Number of threads seems too high for short alignments. Use -T AUTO to determine best number of threads.
309  K3Pu+F        13651.093    88  27478.185    27480.118    28095.189
WARNING: Number of threads seems too high for short alignments. Use -T AUTO to determine best number of threads.
310  K3Pu+F+I      13647.397    89  27472.794    27474.771    28096.809
WARNING: Number of threads seems too high for short alignments. Use -T AUTO to determine best number of threads.
311  K3Pu+F+G4     13647.448    89  27472.895    27474.871    28096.910
WARNING: Number of threads seems too high for short alignments. Use -T AUTO to determine best number of threads.
331  K3P           13688.181    85  27546.362    27548.165    28142.331
WARNING: Number of threads seems too high for short alignments. Use -T AUTO to determine best number of threads.
332  K3P+I         13684.450    86  27540.900    27542.746    28143.881
WARNING: Number of threads seems too high for short alignments. Use -T AUTO to determine best number of threads.
333  K3P+G4        13684.500    86  27541.001    27542.846    28143.981
WARNING: Number of threads seems too high for short alignments. Use -T AUTO to determine best number of threads.
353  TN+F          13635.179    88  27446.358    27448.290    28063.361
WARNING: Number of threads seems too high for short alignments. Use -T AUTO to determine best number of threads.
354  TN+F+I        13632.196    89  27442.392    27444.368    28066.407
WARNING: Number of threads seems too high for short alignments. Use -T AUTO to determine best number of threads.
355  TN+F+G4       13632.267    89  27442.534    27444.510    28066.548
WARNING: Number of threads seems too high for short alignments. Use -T AUTO to determine best number of threads.
375  TNe           13673.980    85  27517.961    27519.764    28113.930
WARNING: Number of threads seems too high for short alignments. Use -T AUTO to determine best number of threads.
376  TNe+I         13670.808    86  27513.617    27515.462    28116.597
WARNING: Number of threads seems too high for short alignments. Use -T AUTO to determine best number of threads.
377  TNe+G4        13670.873    86  27513.745    27515.591    28116.726
WARNING: Number of threads seems too high for short alignments. Use -T AUTO to determine best number of threads.
397  HKY+F         13651.429    87  27476.857    27478.746    28086.849
WARNING: Number of threads seems too high for short alignments. Use -T AUTO to determine best number of threads.
398  HKY+F+I       13647.798    88  27471.595    27473.527    28088.599
WARNING: Number of threads seems too high for short alignments. Use -T AUTO to determine best number of threads.
399  HKY+F+G4      13647.852    88  27471.704    27473.636    28088.708
WARNING: Number of threads seems too high for short alignments. Use -T AUTO to determine best number of threads.
419  K2P           13688.600    84  27545.199    27546.960    28134.157
WARNING: Number of threads seems too high for short alignments. Use -T AUTO to determine best number of threads.
420  K2P+I         13684.867    85  27539.733    27541.536    28135.702
WARNING: Number of threads seems too high for short alignments. Use -T AUTO to determine best number of threads.
421  K2P+G4        13684.917    85  27539.833    27541.636    28135.802
WARNING: Number of threads seems too high for short alignments. Use -T AUTO to determine best number of threads.
441  F81+F         13846.097    86  27864.194    27866.040    28467.175
WARNING: Number of threads seems too high for short alignments. Use -T AUTO to determine best number of threads.
442  F81+F+I       13842.549    87  27859.098    27860.987    28469.090
WARNING: Number of threads seems too high for short alignments. Use -T AUTO to determine best number of threads.
443  F81+F+G4      13842.602    87  27859.204    27861.093    28469.196
WARNING: Number of threads seems too high for short alignments. Use -T AUTO to determine best number of threads.
463  JC            13881.989    83  27929.979    27931.698    28511.925
WARNING: Number of threads seems too high for short alignments. Use -T AUTO to determine best number of threads.
464  JC+I          13878.366    84  27924.731    27926.492    28513.689
WARNING: Number of threads seems too high for short alignments. Use -T AUTO to determine best number of threads.
465  JC+G4         13878.416    84  27924.831    27926.592    28513.789
Akaike Information Criterion:           TN+F+I
Corrected Akaike Information Criterion: TN+F+I
Bayesian Information Criterion:         TN+F
Best-fit model: TN+F chosen according to BIC

All model information printed to results/fmdv_uk_2001/fmdv_uk_2001_mlrep5.model.gz
CPU time for ModelFinder: 1.743 seconds (0h:0m:1s)
Wall-clock time for ModelFinder: 0.919 seconds (0h:0m:0s)

NOTE: 0 MB RAM (0 GB) is required!
WARNING: Number of threads seems too high for short alignments. Use -T AUTO to determine best number of threads.
Estimate model parameters (epsilon = 0.100)
1. Initial log-likelihood: -13846.098
2. Current log-likelihood: -13635.148
Optimal log-likelihood: -13635.140
Rate parameters:  A-C: 1.00000  A-G: 11.26115  A-T: 1.00000  C-G: 1.00000  C-T: 23.43180  G-T: 1.00000
Base frequencies:  A: 0.247  C: 0.279  G: 0.258  T: 0.215
Parameters optimization took 2 rounds (0.015 sec)
Wrote distance file to... 
Computing ML distances based on estimated model parameters...
Calculating distance matrix: done in 0.002396 secs using 310.1% CPU
Computing ML distances took 0.002466 sec (of wall-clock time) 0.007502 sec (of CPU time)
Setting up auxiliary I and S matrices: done in 0.000149434 secs using 99.04% CPU
Computing RapidNJ tree took 0.000809 sec (of wall-clock time) 0.003441 sec (of CPU time)
Log-likelihood of RapidNJ tree: -13652.373
--------------------------------------------------------------------
|             INITIALIZING CANDIDATE TREE SET                      |
--------------------------------------------------------------------
Generating 98 parsimony trees... 0.150 second
Computing log-likelihood of 98 initial trees ... 0.171 seconds
Current best score: -13635.140

Do NNI search on 20 best initial trees
Estimate model parameters (epsilon = 0.100)
BETTER TREE FOUND at iteration 1: -13635.138
BETTER TREE FOUND at iteration 3: -13635.138
Iteration 10 / LogL: -13635.138 / Time: 0h:0m:1s
Iteration 20 / LogL: -13635.138 / Time: 0h:0m:1s
Finish initializing candidate tree set (20)
Current best tree score: -13635.138 / CPU time: 0.522
Number of iterations: 20
--------------------------------------------------------------------
|               OPTIMIZING CANDIDATE TREE SET                      |
--------------------------------------------------------------------
Iteration 30 / LogL: -13635.208 / Time: 0h:0m:1s (0h:0m:2s left)
Iteration 40 / LogL: -13635.217 / Time: 0h:0m:2s (0h:0m:1s left)
Iteration 50 / LogL: -13639.035 / Time: 0h:0m:2s (0h:0m:1s left)
Iteration 60 / LogL: -13635.245 / Time: 0h:0m:2s (0h:0m:1s left)
Iteration 70 / LogL: -13635.202 / Time: 0h:0m:3s (0h:0m:1s left)
Iteration 80 / LogL: -13635.138 / Time: 0h:0m:3s (0h:0m:0s left)
Iteration 90 / LogL: -13635.195 / Time: 0h:0m:3s (0h:0m:0s left)
Iteration 100 / LogL: -13635.214 / Time: 0h:0m:4s (0h:0m:0s left)
TREE SEARCH COMPLETED AFTER 104 ITERATIONS / Time: 0h:0m:4s

--------------------------------------------------------------------
|                    FINALIZING TREE SEARCH                        |
--------------------------------------------------------------------
Performs final model parameters optimization
Estimate model parameters (epsilon = 0.010)
1. Initial log-likelihood: -13635.138
Optimal log-likelihood: -13635.138
Rate parameters:  A-C: 1.00000  A-G: 11.21495  A-T: 1.00000  C-G: 1.00000  C-T: 23.48602  G-T: 1.00000
Base frequencies:  A: 0.247  C: 0.279  G: 0.258  T: 0.215
Parameters optimization took 1 rounds (0.004 sec)
BEST SCORE FOUND : -13635.138
Total tree length: 0.034

Total number of iterations: 104
CPU time used for tree search: 5.860 sec (0h:0m:5s)
Wall-clock time used for tree search: 3.558 sec (0h:0m:3s)
Total CPU time used: 7.664 sec (0h:0m:7s)
Total wall-clock time used: 4.514 sec (0h:0m:4s)

Analysis results written to: 
  IQ-TREE report:                results/fmdv_uk_2001/fmdv_uk_2001_mlrep5.iqtree
  Maximum-likelihood tree:       results/fmdv_uk_2001/fmdv_uk_2001_mlrep5.treefile
  Likelihood distances:          results/fmdv_uk_2001/fmdv_uk_2001_mlrep5.mldist
  Screen log file:               results/fmdv_uk_2001/fmdv_uk_2001_mlrep5.log

Date and Time: Wed Sep  9 00:24:44 2026
