IQ-TREE multicore version 2.3.6 for Linux x86 64-bit built Aug  1 2024
Developed by Bui Quang Minh, Nguyen Lam Tung, Olga Chernomor, Heiko Schmidt,
Dominik Schrempf, Michael Woodhams, Ly Trong Nhan, Thomas Wong

Host:    07be82772fbe (AVX2, FMA3, 503 GB RAM)
Command: /workspaces/maximum_likelihood_vs_bayesian_20260908_230005_3f2f2099/code/bin/iqtree2 -s /workspaces/maximum_likelihood_vs_bayesian_20260908_230005_3f2f2099/datasets/sarscov2_usa_early2020/analysis.fasta -m MFP --prefix results/sarscov2_usa_early2020/sarscov2_usa_early2020_mlrep3 -T 2 -redo --quiet -seed 90210
Seed:    90210 (Using SPRNG - Scalable Parallel Random Number Generator)
Time:    Wed Sep  9 00:27:00 2026
Kernel:  AVX+FMA - 2 threads (32 CPU cores detected)

Reading alignment file /workspaces/maximum_likelihood_vs_bayesian_20260908_230005_3f2f2099/datasets/sarscov2_usa_early2020/analysis.fasta ... Fasta format detected
Reading fasta file: done in 0.0744771 secs using 77.58% CPU
Alignment most likely contains DNA/RNA sequences
Alignment has 120 sequences with 29921 columns, 592 distinct patterns
57 parsimony-informative, 199 singleton sites, 29665 constant sites
          Gap/Ambiguity  Composition  p-value
Analyzing sequences: done in 0.0127979 secs using 98.38% CPU
   1  MT598633    0.21%    passed     99.98%
   2  MT370904    0.69%    passed     99.99%
   3  MT304491    0.15%    passed     99.99%
   4  MT627246    0.21%    passed     99.97%
   5  MT325632    0.13%    passed     99.99%
   6  MT325599    0.13%    passed    100.00%
   7  MT325609    0.13%    passed    100.00%
   8  MT325623    0.13%    passed     99.97%
   9  MT627632    0.21%    passed     99.98%
  10  MT512425    0.14%    passed     99.98%
  11  MT520509    0.19%    passed    100.00%
  12  MT605817    0.21%    passed     99.98%
  13  MT252803    0.53%    passed     99.84%
  14  MT512437    0.13%    passed     99.99%
  15  MT412252    0.29%    passed     99.96%
  16  MT627420    0.06%    passed     99.59%
  17  MT614537    0.46%    passed     99.98%
  18  MT614557    0.46%    passed    100.00%
  19  MT614559    0.46%    passed     99.98%
  20  MT627435    0.07%    passed     99.61%
  21  MT627437    0.15%    passed    100.00%
  22  MT632552    0.17%    passed     99.99%
  23  MT263447    0.18%    passed     99.81%
  24  MT614481    0.46%    passed     99.99%
  25  MT263467    0.23%    passed     99.67%
  26  MT646076    0.47%    passed     99.98%
  27  MT499206    0.06%    passed     99.58%
  28  MT509471    0.47%    passed     99.99%
  29  MT370883    0.69%    passed     99.99%
  30  MT499194    0.28%    passed     99.97%
  31  MT509486    0.48%    passed     99.99%
  32  MT520535    0.31%    passed     99.94%
  33  MT326135    0.42%    passed     99.43%
  34  MT326140    0.18%    passed     99.83%
  35  MT520438    3.62%    passed     89.54%
  36  MT628132    0.24%    passed     99.98%
  37  MT632514    0.19%    passed     99.98%
  38  MT646100    1.20%    passed     99.89%
  39  MT326159    0.28%    passed     99.92%
  40  MT326172    0.27%    passed     99.76%
  41  MT499183    0.06%    passed     99.69%
  42  MT509467    0.48%    passed     99.99%
  43  MT520342    0.27%    passed     99.98%
  44  MT520455    1.22%    passed     99.75%
  45  MT326053    0.54%    passed     99.57%
  46  MT499191    0.09%    passed     99.76%
  47  MT326058    0.30%    passed     99.90%
  48  MT499180    0.09%    passed     99.64%
  49  MT520444    0.22%    passed    100.00%
  50  MT628140    0.32%    passed     99.99%
  51  MT628243    0.24%    passed     99.98%
  52  MT632927    0.18%    passed     99.99%
  53  MT633015    0.19%    passed     99.98%
  54  MT358726    0.61%    passed     99.82%
  55  MT520437    0.27%    passed     99.98%
  56  MT632849    0.19%    passed     99.98%
  57  MT632774    1.71%    passed     99.32%
  58  MT632815    0.21%    passed     99.98%
  59  MT632871    0.18%    passed     99.99%
  60  MT632933    0.20%    passed     99.99%
  61  MT632840    0.20%    passed     99.97%
  62  MT633020    0.19%    passed     99.98%
  63  MT412229    0.55%    passed     99.87%
  64  MT412327    0.01%    passed     98.06%
  65  MT507796    0.15%    passed     99.99%
  66  MT520330    0.27%    passed     99.98%
  67  MT533237    0.39%    passed     99.94%
  68  MT631817    0.27%    passed     99.99%
  69  MT633029    0.18%    passed     99.99%
  70  MT671826    0.31%    passed     99.98%
  71  MT520251    0.19%    passed     99.98%
  72  MT585092    0.52%    passed     99.95%
  73  MT628226    0.95%    passed     99.95%
  74  MT412271    0.08%    passed     99.59%
  75  MT585099    0.49%    passed     99.98%
  76  MT585104    0.51%    passed     99.96%
  77  MT641578    0.20%    passed     99.99%
  78  MT641608    0.21%    passed     99.99%
  79  MT628097    0.41%    passed     99.84%
  80  MT432195    0.14%    passed     99.99%
  81  MT641548    0.15%    passed    100.00%
  82  MT534323    0.21%    passed     99.98%
  83  MT534336    0.10%    passed     99.74%
  84  MT641612    0.18%    passed     99.99%
  85  MT506997    5.14%    passed     98.80%
  86  MT507002    2.26%    passed     99.78%
  87  MT641613    0.21%    passed     99.98%
  88  MT551605    0.29%    passed     99.96%
  89  MT558658    0.20%    passed     99.97%
  90  MT558660    0.21%    passed     99.98%
  91  MT558675    0.12%    passed     99.72%
  92  MT609589    0.12%    passed     99.58%
  93  MT680234    0.28%    passed     99.99%
  94  MT533209    1.23%    passed     99.81%
  95  MT628050    0.18%    passed     99.99%
  96  MT631791    0.72%    passed     99.98%
  97  MT642268    0.17%    passed     99.99%
  98  MT642343    0.21%    passed     99.99%
  99  MT620769    0.10%    passed     99.78%
 100  MT642152    0.16%    passed     99.99%
 101  MT577612    2.36%    passed     99.59%
 102  MT642346    0.20%    passed     99.98%
 103  MT628158    0.25%    passed     99.99%
 104  MT577618    2.55%    passed     98.21%
 105  MT585019    0.44%    passed     99.98%
 106  MT585028    3.09%    passed     98.64%
 107  MT642129    0.21%    passed     99.98%
 108  MT585064    0.32%    passed     99.89%
 109  MT628204    0.23%    passed     99.95%
 110  MT642121    0.22%    passed     99.99%
 111  MT628168    3.90%    passed     99.85%
 112  MT642182    0.18%    passed     99.98%
 113  MT642384    0.18%    passed     99.99%
 114  MT642146    0.18%    passed     99.97%
 115  MT642297    0.20%    passed     99.98%
 116  MT512645    0.13%    passed    100.00%
 117  MT609572    0.07%    passed     99.73%
 118  MT679171    0.18%    passed     99.66%
 119  MT679196    0.18%    passed     99.77%
 120  MT412243    0.19%    passed     99.99%
****  TOTAL       0.47%  0 sequences failed composition chi2 test (p-value<5%; df=3)
NOTE: MT627632 is identical to MT598633 but kept for subsequent analysis
NOTE: MT633020 is identical to MT633015 but kept for subsequent analysis
NOTE: 1 identical sequences (see below) will be ignored for subsequent analysis
NOTE: MT605817 (identical to MT598633) is ignored but added at the end
Alignment was printed to results/sarscov2_usa_early2020/sarscov2_usa_early2020_mlrep3.uniqueseq.phy

For your convenience alignment with unique sequences printed to results/sarscov2_usa_early2020/sarscov2_usa_early2020_mlrep3.uniqueseq.phy


Create initial parsimony tree by phylogenetic likelihood library (PLL)... 0.005 seconds
Perform fast likelihood tree search using GTR+I+G model...
Estimate model parameters (epsilon = 5.000)
Perform nearest neighbor interchange...
Estimate model parameters (epsilon = 1.000)
1. Initial log-likelihood: -43525.856
Optimal log-likelihood: -43525.852
Rate parameters:  A-C: 0.38844  A-G: 1.28497  A-T: 0.21303  C-G: 0.35310  C-T: 3.55815  G-T: 1.00000
Base frequencies:  A: 0.299  C: 0.184  G: 0.196  T: 0.321
Proportion of invariable sites: 0.496
Gamma shape alpha: 0.020
Parameters optimization took 1 rounds (0.078 sec)
Time for fast ML tree search: 1.127 seconds

NOTE: ModelFinder requires 22 MB RAM!
ModelFinder will test up to 484 DNA models (sample size: 29921 epsilon: 0.100) ...
 No. Model         -LnL         df  AIC          AICc         BIC
  1  GTR+F         43559.715    243 87605.430    87609.426    89623.865
  2  GTR+F+I       43522.815    244 87533.629    87537.658    89560.370
  3  GTR+F+G4      43534.704    244 87557.409    87561.438    89584.150
  4  GTR+F+I+G4    43525.846    245 87541.693    87545.755    89576.740
  5  GTR+F+R2      43546.463    245 87582.925    87586.987    89617.973
  6  GTR+F+R3      43542.204    247 87578.408    87582.537    89630.068
 14  GTR+F+I+R2    43534.756    246 87561.513    87565.608    89604.866
WARNING: Numerical underflow for lh-branch, use `-safe` option to avoid this warning
Pattern 103 likelihood is underflown
WARNING: Numerical underflow for lh-branch, use `-safe` option to avoid this warning
Pattern 103 likelihood is underflown
WARNING: Numerical underflow for lh-branch, use `-safe` option to avoid this warning
Pattern 103 likelihood is underflown
WARNING: Numerical underflow for lh-branch, use `-safe` option to avoid this warning
Pattern 103 likelihood is underflown
WARNING: Numerical underflow for lh-branch, use `-safe` option to avoid this warning
Pattern 103 likelihood is underflown
WARNING: Numerical underflow for lh-branch, use `-safe` option to avoid this warning
Pattern 103 likelihood is underflown
WARNING: Numerical underflow for lh-branch, use `-safe` option to avoid this warning
Pattern 103 likelihood is underflown
WARNING: Numerical underflow for lh-branch, use `-safe` option to avoid this warning
Pattern 103 likelihood is underflown
WARNING: Numerical underflow for lh-branch, use `-safe` option to avoid this warning
Pattern 103 likelihood is underflown
WARNING: Numerical underflow for lh-branch, use `-safe` option to avoid this warning
Pattern 244 likelihood is underflown
WARNING: Numerical underflow for lh-branch, use `-safe` option to avoid this warning
Pattern 244 likelihood is underflown
WARNING: Numerical underflow for lh-branch, use `-safe` option to avoid this warning
Pattern 244 likelihood is underflown
WARNING: Numerical underflow for lh-branch, use `-safe` option to avoid this warning
Pattern 244 likelihood is underflown
WARNING: Numerical underflow for lh-branch, use `-safe` option to avoid this warning
Pattern 244 likelihood is underflown
WARNING: Numerical underflow for lh-branch, use `-safe` option to avoid this warning
Pattern 244 likelihood is underflown
WARNING: Numerical underflow for lh-branch, use `-safe` option to avoid this warning
Pattern 244 likelihood is underflown
WARNING: Numerical underflow for lh-branch, use `-safe` option to avoid this warning
Pattern 244 likelihood is underflown
WARNING: Numerical underflow for lh-branch, use `-safe` option to avoid this warning
Pattern 244 likelihood is underflown
WARNING: Numerical underflow for lh-branch, use `-safe` option to avoid this warning
Pattern 103 likelihood is underflown
Pattern 244 likelihood is underflown
WARNING: Numerical underflow for lh-branch, use `-safe` option to avoid this warning
Pattern 103 likelihood is underflown
Pattern 244 likelihood is underflown
WARNING: Numerical underflow for lh-branch, use `-safe` option to avoid this warning
Pattern 103 likelihood is underflown
Pattern 244 likelihood is underflown
WARNING: Numerical underflow for lh-branch, use `-safe` option to avoid this warning
Pattern 103 likelihood is underflown
Pattern 244 likelihood is underflown
WARNING: Numerical underflow for lh-branch, use `-safe` option to avoid this warning
Pattern 103 likelihood is underflown
Pattern 244 likelihood is underflown
WARNING: Numerical underflow for lh-branch, use `-safe` option to avoid this warning
Pattern 103 likelihood is underflown
Pattern 244 likelihood is underflown
WARNING: Numerical underflow for lh-branch, use `-safe` option to avoid this warning
Pattern 103 likelihood is underflown
Pattern 244 likelihood is underflown
WARNING: Numerical underflow for lh-branch, use `-safe` option to avoid this warning
Pattern 103 likelihood is underflown
Pattern 244 likelihood is underflown
WARNING: Numerical underflow for lh-branch, use `-safe` option to avoid this warning
Pattern 103 likelihood is underflown
Pattern 244 likelihood is underflown
 15  GTR+F+I+R3    43529.541    248 87555.082    87559.244    89615.048
 24  SYM+I         44451.222    241 89384.445    89388.375    91386.267
 46  TVM+F+I       43543.757    243 87573.514    87577.509    89591.948
 68  TVMe+I        44472.654    240 89425.307    89429.205    91418.823
 90  TIM3+F+I      43537.353    242 87558.705    87562.668    89568.834
112  TIM3e+I       44461.665    239 89401.331    89405.196    91386.540
134  TIM2+F+I      43529.298    242 87542.595    87546.558    89552.723
156  TIM2e+I       44460.985    239 89399.970    89403.835    91385.179
178  TIM+F+I       43529.160    242 87542.321    87546.284    89552.449
200  TIMe+I        44458.654    239 89395.308    89399.173    91380.518
222  TPM3u+F+I     43558.339    241 87598.678    87602.608    89600.500
244  TPM3+I        44482.984    238 89441.968    89445.801    91418.871
266  TPM2u+F+I     43550.358    241 87582.715    87586.646    89584.538
288  TPM2+I        44482.255    238 89440.509    89444.342    91417.413
310  K3Pu+F+I      43550.292    241 87582.584    87586.514    89584.406
332  K3P+I         44479.771    238 89435.543    89439.375    91412.446
354  TN+F+I        43538.632    241 87559.265    87563.195    89561.087
376  TNe+I         44466.450    238 89408.900    89412.732    91385.803
398  HKY+F+I       43559.740    240 87599.480    87603.377    89592.995
420  K2P+I         44487.580    237 89449.160    89452.961    91417.757
442  F81+F+I       43645.058    239 87768.116    87771.981    89753.325
464  JC+I          44568.372    236 89608.743    89612.512    91569.034
Akaike Information Criterion:           GTR+F+I
Corrected Akaike Information Criterion: GTR+F+I
Bayesian Information Criterion:         TIM+F+I
Best-fit model: TIM+F+I chosen according to BIC

All model information printed to results/sarscov2_usa_early2020/sarscov2_usa_early2020_mlrep3.model.gz
CPU time for ModelFinder: 10.727 seconds (0h:0m:10s)
Wall-clock time for ModelFinder: 8.322 seconds (0h:0m:8s)

NOTE: 2 MB RAM (0 GB) is required!
Estimate model parameters (epsilon = 0.100)
1. Initial log-likelihood: -43645.205
2. Current log-likelihood: -43596.561
3. Current log-likelihood: -43581.619
4. Current log-likelihood: -43529.172
Optimal log-likelihood: -43529.157
Rate parameters:  A-C: 1.00000  A-G: 1.79716  A-T: 0.37569  C-G: 0.37569  C-T: 5.11743  G-T: 1.00000
Base frequencies:  A: 0.299  C: 0.184  G: 0.196  T: 0.321
Proportion of invariable sites: 0.928
Parameters optimization took 4 rounds (0.447 sec)
Wrote distance file to... 
Computing ML distances based on estimated model parameters...
Calculating distance matrix: done in 0.0558287 secs using 97.21% CPU
Computing ML distances took 0.056537 sec (of wall-clock time) 0.054989 sec (of CPU time)
Setting up auxiliary I and S matrices: done in 0.000555865 secs using 97.15% CPU
Computing RapidNJ tree took 0.002899 sec (of wall-clock time) 0.002827 sec (of CPU time)
Log-likelihood of RapidNJ tree: -43543.981
--------------------------------------------------------------------
|             INITIALIZING CANDIDATE TREE SET                      |
--------------------------------------------------------------------
Generating 98 parsimony trees... 1.400 second
Computing log-likelihood of 98 initial trees ... 2.166 seconds
Current best score: -43513.718

Do NNI search on 20 best initial trees
Estimate model parameters (epsilon = 0.100)
BETTER TREE FOUND at iteration 1: -43513.366
Estimate model parameters (epsilon = 0.100)
BETTER TREE FOUND at iteration 3: -43513.337
Iteration 10 / LogL: -43516.036 / Time: 0h:0m:19s
Iteration 20 / LogL: -43516.936 / Time: 0h:0m:21s
Finish initializing candidate tree set (20)
Current best tree score: -43513.337 / CPU time: 12.645
Number of iterations: 20
--------------------------------------------------------------------
|               OPTIMIZING CANDIDATE TREE SET                      |
--------------------------------------------------------------------
Iteration 30 / LogL: -43516.601 / Time: 0h:0m:23s (0h:0m:37s left)
Iteration 40 / LogL: -43513.800 / Time: 0h:0m:24s (0h:0m:25s left)
Iteration 50 / LogL: -43518.914 / Time: 0h:0m:25s (0h:0m:18s left)
Iteration 60 / LogL: -43513.772 / Time: 0h:0m:26s (0h:0m:12s left)
Iteration 70 / LogL: -43531.458 / Time: 0h:0m:26s (0h:0m:8s left)
Iteration 80 / LogL: -43516.178 / Time: 0h:0m:28s (0h:0m:5s left)
Iteration 90 / LogL: -43513.760 / Time: 0h:0m:30s (0h:0m:3s left)
Iteration 100 / LogL: -43513.936 / Time: 0h:0m:32s (0h:0m:0s left)
TREE SEARCH COMPLETED AFTER 104 ITERATIONS / Time: 0h:0m:34s

--------------------------------------------------------------------
|                    FINALIZING TREE SEARCH                        |
--------------------------------------------------------------------
Performs final model parameters optimization
Estimate model parameters (epsilon = 0.010)
1. Initial log-likelihood: -43513.337
Optimal log-likelihood: -43513.335
Rate parameters:  A-C: 1.00000  A-G: 1.80996  A-T: 0.35824  C-G: 0.35824  C-T: 5.10658  G-T: 1.00000
Base frequencies:  A: 0.299  C: 0.184  G: 0.196  T: 0.321
Proportion of invariable sites: 0.921
Parameters optimization took 1 rounds (0.111 sec)
BEST SCORE FOUND : -43513.335
Total tree length: 0.009

Total number of iterations: 104
CPU time used for tree search: 30.373 sec (0h:0m:30s)
Wall-clock time used for tree search: 25.094 sec (0h:0m:25s)
Total CPU time used: 41.858 sec (0h:0m:41s)
Total wall-clock time used: 34.189 sec (0h:0m:34s)

Analysis results written to: 
  IQ-TREE report:                results/sarscov2_usa_early2020/sarscov2_usa_early2020_mlrep3.iqtree
  Maximum-likelihood tree:       results/sarscov2_usa_early2020/sarscov2_usa_early2020_mlrep3.treefile
  Likelihood distances:          results/sarscov2_usa_early2020/sarscov2_usa_early2020_mlrep3.mldist
  Screen log file:               results/sarscov2_usa_early2020/sarscov2_usa_early2020_mlrep3.log

Date and Time: Wed Sep  9 00:27:35 2026
