IQ-TREE multicore version 2.3.6 for Linux x86 64-bit built Aug  1 2024
Developed by Bui Quang Minh, Nguyen Lam Tung, Olga Chernomor, Heiko Schmidt,
Dominik Schrempf, Michael Woodhams, Ly Trong Nhan, Thomas Wong

Host:    07be82772fbe (AVX2, FMA3, 503 GB RAM)
Command: /workspaces/maximum_likelihood_vs_bayesian_20260908_230005_3f2f2099/code/bin/iqtree2 -s /workspaces/maximum_likelihood_vs_bayesian_20260908_230005_3f2f2099/datasets/sarscov2_usa_early2020/analysis.fasta -m MFP --prefix results/sarscov2_usa_early2020/sarscov2_usa_early2020_mlrep2 -T 2 -redo --quiet -seed 2024
Seed:    2024 (Using SPRNG - Scalable Parallel Random Number Generator)
Time:    Wed Sep  9 00:26:55 2026
Kernel:  AVX+FMA - 2 threads (32 CPU cores detected)

Reading alignment file /workspaces/maximum_likelihood_vs_bayesian_20260908_230005_3f2f2099/datasets/sarscov2_usa_early2020/analysis.fasta ... Fasta format detected
Reading fasta file: done in 0.173087 secs using 34.29% CPU
Alignment most likely contains DNA/RNA sequences
Alignment has 120 sequences with 29921 columns, 592 distinct patterns
57 parsimony-informative, 199 singleton sites, 29665 constant sites
          Gap/Ambiguity  Composition  p-value
Analyzing sequences: done in 9.71749e-05 secs using 995.1% CPU
   1  MT598633    0.21%    passed     99.98%
   2  MT370904    0.69%    passed     99.99%
   3  MT304491    0.15%    passed     99.99%
   4  MT627246    0.21%    passed     99.97%
   5  MT325632    0.13%    passed     99.99%
   6  MT325599    0.13%    passed    100.00%
   7  MT325609    0.13%    passed    100.00%
   8  MT325623    0.13%    passed     99.97%
   9  MT627632    0.21%    passed     99.98%
  10  MT512425    0.14%    passed     99.98%
  11  MT520509    0.19%    passed    100.00%
  12  MT605817    0.21%    passed     99.98%
  13  MT252803    0.53%    passed     99.84%
  14  MT512437    0.13%    passed     99.99%
  15  MT412252    0.29%    passed     99.96%
  16  MT627420    0.06%    passed     99.59%
  17  MT614537    0.46%    passed     99.98%
  18  MT614557    0.46%    passed    100.00%
  19  MT614559    0.46%    passed     99.98%
  20  MT627435    0.07%    passed     99.61%
  21  MT627437    0.15%    passed    100.00%
  22  MT632552    0.17%    passed     99.99%
  23  MT263447    0.18%    passed     99.81%
  24  MT614481    0.46%    passed     99.99%
  25  MT263467    0.23%    passed     99.67%
  26  MT646076    0.47%    passed     99.98%
  27  MT499206    0.06%    passed     99.58%
  28  MT509471    0.47%    passed     99.99%
  29  MT370883    0.69%    passed     99.99%
  30  MT499194    0.28%    passed     99.97%
  31  MT509486    0.48%    passed     99.99%
  32  MT520535    0.31%    passed     99.94%
  33  MT326135    0.42%    passed     99.43%
  34  MT326140    0.18%    passed     99.83%
  35  MT520438    3.62%    passed     89.54%
  36  MT628132    0.24%    passed     99.98%
  37  MT632514    0.19%    passed     99.98%
  38  MT646100    1.20%    passed     99.89%
  39  MT326159    0.28%    passed     99.92%
  40  MT326172    0.27%    passed     99.76%
  41  MT499183    0.06%    passed     99.69%
  42  MT509467    0.48%    passed     99.99%
  43  MT520342    0.27%    passed     99.98%
  44  MT520455    1.22%    passed     99.75%
  45  MT326053    0.54%    passed     99.57%
  46  MT499191    0.09%    passed     99.76%
  47  MT326058    0.30%    passed     99.90%
  48  MT499180    0.09%    passed     99.64%
  49  MT520444    0.22%    passed    100.00%
  50  MT628140    0.32%    passed     99.99%
  51  MT628243    0.24%    passed     99.98%
  52  MT632927    0.18%    passed     99.99%
  53  MT633015    0.19%    passed     99.98%
  54  MT358726    0.61%    passed     99.82%
  55  MT520437    0.27%    passed     99.98%
  56  MT632849    0.19%    passed     99.98%
  57  MT632774    1.71%    passed     99.32%
  58  MT632815    0.21%    passed     99.98%
  59  MT632871    0.18%    passed     99.99%
  60  MT632933    0.20%    passed     99.99%
  61  MT632840    0.20%    passed     99.97%
  62  MT633020    0.19%    passed     99.98%
  63  MT412229    0.55%    passed     99.87%
  64  MT412327    0.01%    passed     98.06%
  65  MT507796    0.15%    passed     99.99%
  66  MT520330    0.27%    passed     99.98%
  67  MT533237    0.39%    passed     99.94%
  68  MT631817    0.27%    passed     99.99%
  69  MT633029    0.18%    passed     99.99%
  70  MT671826    0.31%    passed     99.98%
  71  MT520251    0.19%    passed     99.98%
  72  MT585092    0.52%    passed     99.95%
  73  MT628226    0.95%    passed     99.95%
  74  MT412271    0.08%    passed     99.59%
  75  MT585099    0.49%    passed     99.98%
  76  MT585104    0.51%    passed     99.96%
  77  MT641578    0.20%    passed     99.99%
  78  MT641608    0.21%    passed     99.99%
  79  MT628097    0.41%    passed     99.84%
  80  MT432195    0.14%    passed     99.99%
  81  MT641548    0.15%    passed    100.00%
  82  MT534323    0.21%    passed     99.98%
  83  MT534336    0.10%    passed     99.74%
  84  MT641612    0.18%    passed     99.99%
  85  MT506997    5.14%    passed     98.80%
  86  MT507002    2.26%    passed     99.78%
  87  MT641613    0.21%    passed     99.98%
  88  MT551605    0.29%    passed     99.96%
  89  MT558658    0.20%    passed     99.97%
  90  MT558660    0.21%    passed     99.98%
  91  MT558675    0.12%    passed     99.72%
  92  MT609589    0.12%    passed     99.58%
  93  MT680234    0.28%    passed     99.99%
  94  MT533209    1.23%    passed     99.81%
  95  MT628050    0.18%    passed     99.99%
  96  MT631791    0.72%    passed     99.98%
  97  MT642268    0.17%    passed     99.99%
  98  MT642343    0.21%    passed     99.99%
  99  MT620769    0.10%    passed     99.78%
 100  MT642152    0.16%    passed     99.99%
 101  MT577612    2.36%    passed     99.59%
 102  MT642346    0.20%    passed     99.98%
 103  MT628158    0.25%    passed     99.99%
 104  MT577618    2.55%    passed     98.21%
 105  MT585019    0.44%    passed     99.98%
 106  MT585028    3.09%    passed     98.64%
 107  MT642129    0.21%    passed     99.98%
 108  MT585064    0.32%    passed     99.89%
 109  MT628204    0.23%    passed     99.95%
 110  MT642121    0.22%    passed     99.99%
 111  MT628168    3.90%    passed     99.85%
 112  MT642182    0.18%    passed     99.98%
 113  MT642384    0.18%    passed     99.99%
 114  MT642146    0.18%    passed     99.97%
 115  MT642297    0.20%    passed     99.98%
 116  MT512645    0.13%    passed    100.00%
 117  MT609572    0.07%    passed     99.73%
 118  MT679171    0.18%    passed     99.66%
 119  MT679196    0.18%    passed     99.77%
 120  MT412243    0.19%    passed     99.99%
****  TOTAL       0.47%  0 sequences failed composition chi2 test (p-value<5%; df=3)
NOTE: MT627632 is identical to MT598633 but kept for subsequent analysis
NOTE: MT633020 is identical to MT633015 but kept for subsequent analysis
NOTE: 1 identical sequences (see below) will be ignored for subsequent analysis
NOTE: MT605817 (identical to MT598633) is ignored but added at the end
Alignment was printed to results/sarscov2_usa_early2020/sarscov2_usa_early2020_mlrep2.uniqueseq.phy

For your convenience alignment with unique sequences printed to results/sarscov2_usa_early2020/sarscov2_usa_early2020_mlrep2.uniqueseq.phy


Create initial parsimony tree by phylogenetic likelihood library (PLL)... 0.007 seconds
Perform fast likelihood tree search using GTR+I+G model...
Estimate model parameters (epsilon = 5.000)
Perform nearest neighbor interchange...
Estimate model parameters (epsilon = 1.000)
1. Initial log-likelihood: -43511.500
Optimal log-likelihood: -43511.480
Rate parameters:  A-C: 0.38034  A-G: 1.27756  A-T: 0.20337  C-G: 0.35335  C-T: 3.48354  G-T: 1.00000
Base frequencies:  A: 0.299  C: 0.184  G: 0.196  T: 0.321
Proportion of invariable sites: 0.496
Gamma shape alpha: 0.020
Parameters optimization took 1 rounds (1.071 sec)
Time for fast ML tree search: 4.586 seconds

NOTE: ModelFinder requires 22 MB RAM!
ModelFinder will test up to 484 DNA models (sample size: 29921 epsilon: 0.100) ...
 No. Model         -LnL         df  AIC          AICc         BIC
  1  GTR+F         43541.190    243 87568.380    87572.376    89586.815
  2  GTR+F+I       43509.487    244 87506.973    87511.002    89533.714
  3  GTR+F+G4      43518.957    244 87525.914    87529.943    89552.655
  4  GTR+F+I+G4    43511.476    245 87512.952    87517.014    89548.000
  5  GTR+F+R2      43529.328    245 87548.656    87552.718    89583.703
  6  GTR+F+R3      43525.681    247 87545.363    87549.491    89597.023
 14  GTR+F+I+R2    43518.993    246 87529.987    87534.082    89573.340
WARNING: Numerical underflow for lh-branch, use `-safe` option to avoid this warning
Pattern 113 likelihood is underflown
WARNING: Numerical underflow for lh-branch, use `-safe` option to avoid this warning
Pattern 113 likelihood is underflown
WARNING: Numerical underflow for lh-branch, use `-safe` option to avoid this warning
Pattern 113 likelihood is underflown
WARNING: Numerical underflow for lh-branch, use `-safe` option to avoid this warning
Pattern 113 likelihood is underflown
WARNING: Numerical underflow for lh-branch, use `-safe` option to avoid this warning
Pattern 113 likelihood is underflown
WARNING: Numerical underflow for lh-branch, use `-safe` option to avoid this warning
Pattern 113 likelihood is underflown
WARNING: Numerical underflow for lh-branch, use `-safe` option to avoid this warning
Pattern 113 likelihood is underflown
WARNING: Numerical underflow for lh-branch, use `-safe` option to avoid this warning
Pattern 113 likelihood is underflown
WARNING: Numerical underflow for lh-branch, use `-safe` option to avoid this warning
Pattern 113 likelihood is underflown
 15  GTR+F+I+R3    43514.555    248 87525.110    87529.273    89585.077
 24  SYM+I         44438.080    241 89358.160    89362.090    91359.982
 46  TVM+F+I       43530.082    243 87546.164    87550.160    89564.599
 68  TVMe+I        44459.157    240 89398.313    89402.211    91391.829
 90  TIM3+F+I      43524.467    242 87532.934    87536.897    89543.062
112  TIM3e+I       44448.805    239 89375.610    89379.475    91360.819
134  TIM2+F+I      43515.926    242 87515.852    87519.814    89525.980
156  TIM2e+I       44447.662    239 89373.325    89377.190    91358.534
178  TIM+F+I       43516.073    242 87516.146    87520.109    89526.275
200  TIMe+I        44445.567    239 89369.135    89373.000    91354.344
222  TPM3u+F+I     43545.171    241 87572.343    87576.273    89574.165
244  TPM3+I        44469.726    238 89415.452    89419.285    91392.355
266  TPM2u+F+I     43536.647    241 87555.294    87559.224    89557.116
288  TPM2+I        44468.600    238 89413.200    89417.033    91390.103
310  K3Pu+F+I      43536.964    241 87555.928    87559.858    89557.750
332  K3P+I         44466.332    238 89408.664    89412.496    91385.567
354  TN+F+I        43525.852    241 87533.704    87537.634    89535.526
376  TNe+I         44453.619    238 89383.239    89387.071    91360.142
398  HKY+F+I       43546.568    240 87573.137    87577.034    89566.653
420  K2P+I         44474.278    237 89422.556    89426.357    91391.153
442  F81+F+I       43631.063    239 87740.127    87743.992    89725.336
464  JC+I          44554.099    236 89580.199    89583.967    91540.489
Akaike Information Criterion:           GTR+F+I
Corrected Akaike Information Criterion: GTR+F+I
Bayesian Information Criterion:         TIM2+F+I
Best-fit model: TIM2+F+I chosen according to BIC

All model information printed to results/sarscov2_usa_early2020/sarscov2_usa_early2020_mlrep2.model.gz
CPU time for ModelFinder: 18.501 seconds (0h:0m:18s)
Wall-clock time for ModelFinder: 17.361 seconds (0h:0m:17s)

NOTE: 2 MB RAM (0 GB) is required!
Estimate model parameters (epsilon = 0.100)
1. Initial log-likelihood: -43631.147
2. Current log-likelihood: -43516.884
3. Current log-likelihood: -43515.930
Optimal log-likelihood: -43515.928
Rate parameters:  A-C: 0.36002  A-G: 1.70610  A-T: 0.36002  C-G: 1.00000  C-T: 4.75750  G-T: 1.00000
Base frequencies:  A: 0.299  C: 0.184  G: 0.196  T: 0.321
Proportion of invariable sites: 0.920
Parameters optimization took 3 rounds (0.268 sec)
Wrote distance file to... 
Computing ML distances based on estimated model parameters...
Calculating distance matrix: done in 0.0355712 secs using 151.7% CPU
Computing ML distances took 0.052059 sec (of wall-clock time) 0.064803 sec (of CPU time)
Setting up auxiliary I and S matrices: done in 0.000516941 secs using 98.27% CPU
Computing RapidNJ tree took 0.002711 sec (of wall-clock time) 0.005336 sec (of CPU time)
Log-likelihood of RapidNJ tree: -43548.072
--------------------------------------------------------------------
|             INITIALIZING CANDIDATE TREE SET                      |
--------------------------------------------------------------------
Generating 98 parsimony trees... 0.919 second
Computing log-likelihood of 98 initial trees ... 1.550 seconds
Current best score: -43513.441

Do NNI search on 20 best initial trees
Estimate model parameters (epsilon = 0.100)
BETTER TREE FOUND at iteration 1: -43513.319
Estimate model parameters (epsilon = 0.100)
BETTER TREE FOUND at iteration 2: -43513.090
Iteration 10 / LogL: -43513.293 / Time: 0h:0m:21s
Iteration 20 / LogL: -43513.217 / Time: 0h:0m:22s
Finish initializing candidate tree set (20)
Current best tree score: -43513.090 / CPU time: 4.158
Number of iterations: 20
--------------------------------------------------------------------
|               OPTIMIZING CANDIDATE TREE SET                      |
--------------------------------------------------------------------
Iteration 30 / LogL: -43525.578 / Time: 0h:0m:23s (0h:0m:14s left)
Iteration 40 / LogL: -43513.334 / Time: 0h:0m:24s (0h:0m:10s left)
Iteration 50 / LogL: -43513.948 / Time: 0h:0m:26s (0h:0m:9s left)
Iteration 60 / LogL: -43533.418 / Time: 0h:0m:28s (0h:0m:7s left)
Iteration 70 / LogL: -43516.612 / Time: 0h:0m:29s (0h:0m:5s left)
Iteration 80 / LogL: -43513.533 / Time: 0h:0m:30s (0h:0m:3s left)
Iteration 90 / LogL: -43537.160 / Time: 0h:0m:31s (0h:0m:1s left)
Iteration 100 / LogL: -43531.599 / Time: 0h:0m:32s (0h:0m:0s left)
TREE SEARCH COMPLETED AFTER 103 ITERATIONS / Time: 0h:0m:32s

--------------------------------------------------------------------
|                    FINALIZING TREE SEARCH                        |
--------------------------------------------------------------------
Performs final model parameters optimization
Estimate model parameters (epsilon = 0.010)
1. Initial log-likelihood: -43513.090
Optimal log-likelihood: -43513.089
Rate parameters:  A-C: 0.37107  A-G: 1.70639  A-T: 0.37107  C-G: 1.00000  C-T: 4.75139  G-T: 1.00000
Base frequencies:  A: 0.299  C: 0.184  G: 0.196  T: 0.321
Proportion of invariable sites: 0.920
Parameters optimization took 1 rounds (0.019 sec)
BEST SCORE FOUND : -43513.089
Total tree length: 0.009

Total number of iterations: 103
CPU time used for tree search: 21.124 sec (0h:0m:21s)
Wall-clock time used for tree search: 14.495 sec (0h:0m:14s)
Total CPU time used: 40.305 sec (0h:0m:40s)
Total wall-clock time used: 32.381 sec (0h:0m:32s)

Analysis results written to: 
  IQ-TREE report:                results/sarscov2_usa_early2020/sarscov2_usa_early2020_mlrep2.iqtree
  Maximum-likelihood tree:       results/sarscov2_usa_early2020/sarscov2_usa_early2020_mlrep2.treefile
  Likelihood distances:          results/sarscov2_usa_early2020/sarscov2_usa_early2020_mlrep2.mldist
  Screen log file:               results/sarscov2_usa_early2020/sarscov2_usa_early2020_mlrep2.log

Date and Time: Wed Sep  9 00:27:28 2026
