IQ-TREE multicore version 2.3.6 for Linux x86 64-bit built Aug  1 2024
Developed by Bui Quang Minh, Nguyen Lam Tung, Olga Chernomor, Heiko Schmidt,
Dominik Schrempf, Michael Woodhams, Ly Trong Nhan, Thomas Wong

Host:    07be82772fbe (AVX2, FMA3, 503 GB RAM)
Command: /workspaces/maximum_likelihood_vs_bayesian_20260908_230005_3f2f2099/code/bin/iqtree2 -s /workspaces/maximum_likelihood_vs_bayesian_20260908_230005_3f2f2099/datasets/sarscov2_usa_early2020/analysis.fasta -m MFP --prefix results/sarscov2_usa_early2020/sarscov2_usa_early2020_ml -T 4 -redo --quiet -B 1000 --wbtl -alrt 1000 -seed 1
Seed:    1 (Using SPRNG - Scalable Parallel Random Number Generator)
Time:    Wed Sep  9 00:26:42 2026
Kernel:  AVX+FMA - 4 threads (32 CPU cores detected)

Reading alignment file /workspaces/maximum_likelihood_vs_bayesian_20260908_230005_3f2f2099/datasets/sarscov2_usa_early2020/analysis.fasta ... Fasta format detected
Reading fasta file: done in 0.0772501 secs using 72.11% CPU
Alignment most likely contains DNA/RNA sequences
Alignment has 120 sequences with 29921 columns, 592 distinct patterns
57 parsimony-informative, 199 singleton sites, 29665 constant sites
          Gap/Ambiguity  Composition  p-value
Analyzing sequences: done in 0.0146786 secs using 150% CPU
   1  MT598633    0.21%    passed     99.98%
   2  MT370904    0.69%    passed     99.99%
   3  MT304491    0.15%    passed     99.99%
   4  MT627246    0.21%    passed     99.97%
   5  MT325632    0.13%    passed     99.99%
   6  MT325599    0.13%    passed    100.00%
   7  MT325609    0.13%    passed    100.00%
   8  MT325623    0.13%    passed     99.97%
   9  MT627632    0.21%    passed     99.98%
  10  MT512425    0.14%    passed     99.98%
  11  MT520509    0.19%    passed    100.00%
  12  MT605817    0.21%    passed     99.98%
  13  MT252803    0.53%    passed     99.84%
  14  MT512437    0.13%    passed     99.99%
  15  MT412252    0.29%    passed     99.96%
  16  MT627420    0.06%    passed     99.59%
  17  MT614537    0.46%    passed     99.98%
  18  MT614557    0.46%    passed    100.00%
  19  MT614559    0.46%    passed     99.98%
  20  MT627435    0.07%    passed     99.61%
  21  MT627437    0.15%    passed    100.00%
  22  MT632552    0.17%    passed     99.99%
  23  MT263447    0.18%    passed     99.81%
  24  MT614481    0.46%    passed     99.99%
  25  MT263467    0.23%    passed     99.67%
  26  MT646076    0.47%    passed     99.98%
  27  MT499206    0.06%    passed     99.58%
  28  MT509471    0.47%    passed     99.99%
  29  MT370883    0.69%    passed     99.99%
  30  MT499194    0.28%    passed     99.97%
  31  MT509486    0.48%    passed     99.99%
  32  MT520535    0.31%    passed     99.94%
  33  MT326135    0.42%    passed     99.43%
  34  MT326140    0.18%    passed     99.83%
  35  MT520438    3.62%    passed     89.54%
  36  MT628132    0.24%    passed     99.98%
  37  MT632514    0.19%    passed     99.98%
  38  MT646100    1.20%    passed     99.89%
  39  MT326159    0.28%    passed     99.92%
  40  MT326172    0.27%    passed     99.76%
  41  MT499183    0.06%    passed     99.69%
  42  MT509467    0.48%    passed     99.99%
  43  MT520342    0.27%    passed     99.98%
  44  MT520455    1.22%    passed     99.75%
  45  MT326053    0.54%    passed     99.57%
  46  MT499191    0.09%    passed     99.76%
  47  MT326058    0.30%    passed     99.90%
  48  MT499180    0.09%    passed     99.64%
  49  MT520444    0.22%    passed    100.00%
  50  MT628140    0.32%    passed     99.99%
  51  MT628243    0.24%    passed     99.98%
  52  MT632927    0.18%    passed     99.99%
  53  MT633015    0.19%    passed     99.98%
  54  MT358726    0.61%    passed     99.82%
  55  MT520437    0.27%    passed     99.98%
  56  MT632849    0.19%    passed     99.98%
  57  MT632774    1.71%    passed     99.32%
  58  MT632815    0.21%    passed     99.98%
  59  MT632871    0.18%    passed     99.99%
  60  MT632933    0.20%    passed     99.99%
  61  MT632840    0.20%    passed     99.97%
  62  MT633020    0.19%    passed     99.98%
  63  MT412229    0.55%    passed     99.87%
  64  MT412327    0.01%    passed     98.06%
  65  MT507796    0.15%    passed     99.99%
  66  MT520330    0.27%    passed     99.98%
  67  MT533237    0.39%    passed     99.94%
  68  MT631817    0.27%    passed     99.99%
  69  MT633029    0.18%    passed     99.99%
  70  MT671826    0.31%    passed     99.98%
  71  MT520251    0.19%    passed     99.98%
  72  MT585092    0.52%    passed     99.95%
  73  MT628226    0.95%    passed     99.95%
  74  MT412271    0.08%    passed     99.59%
  75  MT585099    0.49%    passed     99.98%
  76  MT585104    0.51%    passed     99.96%
  77  MT641578    0.20%    passed     99.99%
  78  MT641608    0.21%    passed     99.99%
  79  MT628097    0.41%    passed     99.84%
  80  MT432195    0.14%    passed     99.99%
  81  MT641548    0.15%    passed    100.00%
  82  MT534323    0.21%    passed     99.98%
  83  MT534336    0.10%    passed     99.74%
  84  MT641612    0.18%    passed     99.99%
  85  MT506997    5.14%    passed     98.80%
  86  MT507002    2.26%    passed     99.78%
  87  MT641613    0.21%    passed     99.98%
  88  MT551605    0.29%    passed     99.96%
  89  MT558658    0.20%    passed     99.97%
  90  MT558660    0.21%    passed     99.98%
  91  MT558675    0.12%    passed     99.72%
  92  MT609589    0.12%    passed     99.58%
  93  MT680234    0.28%    passed     99.99%
  94  MT533209    1.23%    passed     99.81%
  95  MT628050    0.18%    passed     99.99%
  96  MT631791    0.72%    passed     99.98%
  97  MT642268    0.17%    passed     99.99%
  98  MT642343    0.21%    passed     99.99%
  99  MT620769    0.10%    passed     99.78%
 100  MT642152    0.16%    passed     99.99%
 101  MT577612    2.36%    passed     99.59%
 102  MT642346    0.20%    passed     99.98%
 103  MT628158    0.25%    passed     99.99%
 104  MT577618    2.55%    passed     98.21%
 105  MT585019    0.44%    passed     99.98%
 106  MT585028    3.09%    passed     98.64%
 107  MT642129    0.21%    passed     99.98%
 108  MT585064    0.32%    passed     99.89%
 109  MT628204    0.23%    passed     99.95%
 110  MT642121    0.22%    passed     99.99%
 111  MT628168    3.90%    passed     99.85%
 112  MT642182    0.18%    passed     99.98%
 113  MT642384    0.18%    passed     99.99%
 114  MT642146    0.18%    passed     99.97%
 115  MT642297    0.20%    passed     99.98%
 116  MT512645    0.13%    passed    100.00%
 117  MT609572    0.07%    passed     99.73%
 118  MT679171    0.18%    passed     99.66%
 119  MT679196    0.18%    passed     99.77%
 120  MT412243    0.19%    passed     99.99%
****  TOTAL       0.47%  0 sequences failed composition chi2 test (p-value<5%; df=3)
NOTE: MT627632 is identical to MT598633 but kept for subsequent analysis
NOTE: MT633020 is identical to MT633015 but kept for subsequent analysis
NOTE: 1 identical sequences (see below) will be ignored for subsequent analysis
NOTE: MT605817 (identical to MT598633) is ignored but added at the end
Alignment was printed to results/sarscov2_usa_early2020/sarscov2_usa_early2020_ml.uniqueseq.phy

For your convenience alignment with unique sequences printed to results/sarscov2_usa_early2020/sarscov2_usa_early2020_ml.uniqueseq.phy


Create initial parsimony tree by phylogenetic likelihood library (PLL)... 0.006 seconds
Perform fast likelihood tree search using GTR+I+G model...
Estimate model parameters (epsilon = 5.000)
Perform nearest neighbor interchange...
Estimate model parameters (epsilon = 1.000)
1. Initial log-likelihood: -43513.041
Optimal log-likelihood: -43512.995
Rate parameters:  A-C: 0.42294  A-G: 1.30604  A-T: 0.20300  C-G: 0.36458  C-T: 3.48226  G-T: 1.00000
Base frequencies:  A: 0.299  C: 0.184  G: 0.196  T: 0.321
Proportion of invariable sites: 0.496
Gamma shape alpha: 0.020
Parameters optimization took 1 rounds (2.035 sec)
Time for fast ML tree search: 23.983 seconds

NOTE: ModelFinder requires 25 MB RAM!
ModelFinder will test up to 484 DNA models (sample size: 29921 epsilon: 0.100) ...
 No. Model         -LnL         df  AIC          AICc         BIC
  1  GTR+F         43542.656    243 87571.312    87575.308    89589.747
  2  GTR+F+I       43511.030    244 87510.060    87514.089    89536.802
  3  GTR+F+G4      43520.436    244 87528.871    87532.900    89555.612
  4  GTR+F+I+G4    43512.973    245 87515.945    87520.007    89550.993
  5  GTR+F+R2      43530.795    245 87551.589    87555.651    89586.636
WARNING: Numerical underflow for lh-branch, use `-safe` option to avoid this warning
Pattern 443 likelihood is underflown
WARNING: Numerical underflow for lh-branch, use `-safe` option to avoid this warning
Pattern 443 likelihood is underflown
WARNING: Numerical underflow for lh-branch, use `-safe` option to avoid this warning
Pattern 443 likelihood is underflown
WARNING: Numerical underflow for lh-branch, use `-safe` option to avoid this warning
Pattern 443 likelihood is underflown
WARNING: Numerical underflow for lh-branch, use `-safe` option to avoid this warning
Pattern 443 likelihood is underflown
WARNING: Numerical underflow for lh-branch, use `-safe` option to avoid this warning
Pattern 443 likelihood is underflown
WARNING: Numerical underflow for lh-branch, use `-safe` option to avoid this warning
Pattern 443 likelihood is underflown
WARNING: Numerical underflow for lh-branch, use `-safe` option to avoid this warning
Pattern 443 likelihood is underflown
WARNING: Numerical underflow for lh-branch, use `-safe` option to avoid this warning
Pattern 443 likelihood is underflown
  6  GTR+F+R3      43527.116    247 87548.231    87552.360    89599.891
 14  GTR+F+I+R2    43520.469    246 87532.939    87537.034    89576.293
WARNING: Numerical underflow for lh-branch, use `-safe` option to avoid this warning
Pattern 230 likelihood is underflown
WARNING: Numerical underflow for lh-branch, use `-safe` option to avoid this warning
Pattern 230 likelihood is underflown
WARNING: Numerical underflow for lh-branch, use `-safe` option to avoid this warning
Pattern 230 likelihood is underflown
WARNING: Numerical underflow for lh-branch, use `-safe` option to avoid this warning
Pattern 230 likelihood is underflown
WARNING: Numerical underflow for lh-branch, use `-safe` option to avoid this warning
Pattern 230 likelihood is underflown
WARNING: Numerical underflow for lh-branch, use `-safe` option to avoid this warning
Pattern 230 likelihood is underflown
WARNING: Numerical underflow for lh-branch, use `-safe` option to avoid this warning
Pattern 230 likelihood is underflown
WARNING: Numerical underflow for lh-branch, use `-safe` option to avoid this warning
Pattern 230 likelihood is underflown
WARNING: Numerical underflow for lh-branch, use `-safe` option to avoid this warning
Pattern 230 likelihood is underflown
WARNING: Numerical underflow for lh-branch, use `-safe` option to avoid this warning
Pattern 230 likelihood is underflown
Pattern 290 likelihood is underflown
WARNING: Numerical underflow for lh-branch, use `-safe` option to avoid this warning
Pattern 230 likelihood is underflown
Pattern 290 likelihood is underflown
WARNING: Numerical underflow for lh-branch, use `-safe` option to avoid this warning
Pattern 230 likelihood is underflown
Pattern 290 likelihood is underflown
WARNING: Numerical underflow for lh-branch, use `-safe` option to avoid this warning
Pattern 230 likelihood is underflown
Pattern 290 likelihood is underflown
WARNING: Numerical underflow for lh-branch, use `-safe` option to avoid this warning
Pattern 230 likelihood is underflown
Pattern 290 likelihood is underflown
WARNING: Numerical underflow for lh-branch, use `-safe` option to avoid this warning
Pattern 230 likelihood is underflown
Pattern 290 likelihood is underflown
WARNING: Numerical underflow for lh-branch, use `-safe` option to avoid this warning
Pattern 230 likelihood is underflown
Pattern 290 likelihood is underflown
WARNING: Numerical underflow for lh-branch, use `-safe` option to avoid this warning
Pattern 230 likelihood is underflown
Pattern 290 likelihood is underflown
WARNING: Numerical underflow for lh-branch, use `-safe` option to avoid this warning
Pattern 230 likelihood is underflown
Pattern 290 likelihood is underflown
 15  GTR+F+I+R3    43515.963    248 87527.927    87532.089    89587.893
 24  SYM+I         44439.640    241 89361.279    89365.210    91363.101
 46  TVM+F+I       43531.279    243 87548.559    87552.555    89566.994
 68  TVMe+I        44460.265    240 89400.530    89404.427    91394.046
 90  TIM3+F+I      43526.202    242 87536.404    87540.367    89546.532
112  TIM3e+I       44450.636    239 89379.272    89383.137    91364.481
134  TIM2+F+I      43517.869    242 87519.738    87523.701    89529.866
156  TIM2e+I       44449.394    239 89376.788    89380.653    91361.998
178  TIM+F+I       43517.055    242 87518.110    87522.073    89528.239
200  TIMe+I        44446.451    239 89370.902    89374.768    91356.112
222  TPM3u+F+I     43546.515    241 87575.029    87578.959    89576.851
244  TPM3+I        44471.175    238 89418.350    89422.183    91395.253
266  TPM2u+F+I     43538.258    241 87558.516    87562.446    89560.338
288  TPM2+I        44469.887    238 89415.774    89419.607    91392.677
310  K3Pu+F+I      43537.478    241 87556.956    87560.886    89558.778
332  K3P+I         44466.815    238 89409.630    89413.463    91386.534
354  TN+F+I        43527.221    241 87536.442    87540.372    89538.264
376  TNe+I         44454.869    238 89385.739    89389.571    91362.642
398  HKY+F+I       43547.626    240 87575.252    87579.150    89568.768
420  K2P+I         44475.217    237 89424.434    89428.234    91393.031
442  F81+F+I       43630.710    239 87739.420    87743.285    89724.629
464  JC+I          44553.671    236 89579.343    89583.111    91539.633
Akaike Information Criterion:           GTR+F+I
Corrected Akaike Information Criterion: GTR+F+I
Bayesian Information Criterion:         TIM+F+I
Best-fit model: TIM+F+I chosen according to BIC

All model information printed to results/sarscov2_usa_early2020/sarscov2_usa_early2020_ml.model.gz
CPU time for ModelFinder: 222.083 seconds (0h:3m:42s)
Wall-clock time for ModelFinder: 126.339 seconds (0h:2m:6s)
Generating 1000 samples for ultrafast bootstrap (seed: 1)...

NOTE: 4 MB RAM (0 GB) is required!
Estimate model parameters (epsilon = 0.100)
1. Initial log-likelihood: -43630.794
2. Current log-likelihood: -43585.022
3. Current log-likelihood: -43570.952
4. Current log-likelihood: -43517.221
5. Current log-likelihood: -43517.104
Optimal log-likelihood: -43517.093
Rate parameters:  A-C: 1.00000  A-G: 1.93322  A-T: 0.36287  C-G: 0.36287  C-T: 5.27002  G-T: 1.00000
Base frequencies:  A: 0.299  C: 0.184  G: 0.196  T: 0.321
Proportion of invariable sites: 0.921
Parameters optimization took 5 rounds (8.610 sec)
Wrote distance file to... 
Computing ML distances based on estimated model parameters...
Calculating distance matrix: done in 0.0251568 secs using 248.2% CPU
Computing ML distances took 0.025431 sec (of wall-clock time) 0.062716 sec (of CPU time)
Setting up auxiliary I and S matrices: done in 0.000579159 secs using 99.45% CPU
Computing RapidNJ tree took 0.003009 sec (of wall-clock time) 0.003978 sec (of CPU time)
Log-likelihood of RapidNJ tree: -43544.339
--------------------------------------------------------------------
|             INITIALIZING CANDIDATE TREE SET                      |
--------------------------------------------------------------------
Generating 98 parsimony trees... 1.014 second
Computing log-likelihood of 98 initial trees ... 7.100 seconds
Current best score: -43513.666

Do NNI search on 20 best initial trees
Estimate model parameters (epsilon = 0.100)
BETTER TREE FOUND at iteration 1: -43513.529
Estimate model parameters (epsilon = 0.100)
BETTER TREE FOUND at iteration 2: -43513.309
Iteration 10 / LogL: -43514.924 / Time: 0h:2m:45s
Iteration 20 / LogL: -43513.487 / Time: 0h:3m:9s
Finish initializing candidate tree set (20)
Current best tree score: -43513.309 / CPU time: 54.499
Number of iterations: 20
--------------------------------------------------------------------
|               OPTIMIZING CANDIDATE TREE SET                      |
--------------------------------------------------------------------
Iteration 30 / LogL: -43513.588 / Time: 0h:3m:30s (0h:3m:29s left)
Iteration 40 / LogL: -43530.173 / Time: 0h:3m:59s (0h:2m:59s left)
Iteration 50 / LogL: -43513.606 / Time: 0h:4m:7s (0h:2m:8s left)
Log-likelihood cutoff on original alignment: -43561.565
UFBoot trees printed to results/sarscov2_usa_early2020/sarscov2_usa_early2020_ml.ufboot
Iteration 60 / LogL: -43528.487 / Time: 0h:4m:28s (0h:1m:41s left)
Iteration 70 / LogL: -43522.342 / Time: 0h:4m:52s (0h:1m:17s left)
Iteration 80 / LogL: -43530.133 / Time: 0h:5m:17s (0h:0m:53s left)
Iteration 90 / LogL: -43513.964 / Time: 0h:5m:36s (0h:0m:28s left)
Iteration 100 / LogL: -43514.237 / Time: 0h:5m:48s (0h:0m:4s left)
Log-likelihood cutoff on original alignment: -43561.565
NOTE: Bootstrap correlation coefficient of split occurrence frequencies: 0.997
UFBoot trees printed to results/sarscov2_usa_early2020/sarscov2_usa_early2020_ml.ufboot
TREE SEARCH COMPLETED AFTER 103 ITERATIONS / Time: 0h:5m:51s

--------------------------------------------------------------------
|                    FINALIZING TREE SEARCH                        |
--------------------------------------------------------------------
Performs final model parameters optimization
Estimate model parameters (epsilon = 0.010)
1. Initial log-likelihood: -43513.309
Optimal log-likelihood: -43513.304
Rate parameters:  A-C: 1.00000  A-G: 1.90811  A-T: 0.37125  C-G: 0.37125  C-T: 5.25908  G-T: 1.00000
Base frequencies:  A: 0.299  C: 0.184  G: 0.196  T: 0.321
Proportion of invariable sites: 0.921
Parameters optimization took 1 rounds (0.019 sec)
BEST SCORE FOUND : -43513.304

Testing tree branches by SH-like aLRT with 1000 replicates...
1.965 sec.
Creating bootstrap support values...
Split supports printed to NEXUS file results/sarscov2_usa_early2020/sarscov2_usa_early2020_ml.splits.nex
Total tree length: 0.009

Total number of iterations: 103
CPU time used for tree search: 501.419 sec (0h:8m:21s)
Wall-clock time used for tree search: 216.003 sec (0h:3m:36s)
Total CPU time used: 747.208 sec (0h:12m:27s)
Total wall-clock time used: 353.962 sec (0h:5m:53s)
UFBoot trees printed to results/sarscov2_usa_early2020/sarscov2_usa_early2020_ml.ufboot

Computing bootstrap consensus tree...
Reading input file results/sarscov2_usa_early2020/sarscov2_usa_early2020_ml.splits.nex...
119 taxa and 3682 splits.
Consensus tree written to results/sarscov2_usa_early2020/sarscov2_usa_early2020_ml.contree
Reading input trees file results/sarscov2_usa_early2020/sarscov2_usa_early2020_ml.contree
Log-likelihood of consensus tree: -43517.868

Analysis results written to: 
  IQ-TREE report:                results/sarscov2_usa_early2020/sarscov2_usa_early2020_ml.iqtree
  Maximum-likelihood tree:       results/sarscov2_usa_early2020/sarscov2_usa_early2020_ml.treefile
  Likelihood distances:          results/sarscov2_usa_early2020/sarscov2_usa_early2020_ml.mldist

Ultrafast bootstrap approximation results written to:
  Split support values:          results/sarscov2_usa_early2020/sarscov2_usa_early2020_ml.splits.nex
  Consensus tree:                results/sarscov2_usa_early2020/sarscov2_usa_early2020_ml.contree
  UFBoot trees:                  results/sarscov2_usa_early2020/sarscov2_usa_early2020_ml.ufboot
  Screen log file:               results/sarscov2_usa_early2020/sarscov2_usa_early2020_ml.log

Date and Time: Wed Sep  9 00:32:37 2026
