IQ-TREE multicore version 2.3.6 for Linux x86 64-bit built Aug  1 2024
Developed by Bui Quang Minh, Nguyen Lam Tung, Olga Chernomor, Heiko Schmidt,
Dominik Schrempf, Michael Woodhams, Ly Trong Nhan, Thomas Wong

Host:    07be82772fbe (AVX2, FMA3, 503 GB RAM)
Command: /workspaces/maximum_likelihood_vs_bayesian_20260908_230005_3f2f2099/code/bin/iqtree2 -s /workspaces/maximum_likelihood_vs_bayesian_20260908_230005_3f2f2099/datasets/mers_korea_2015/analysis.fasta -m MFP --prefix results/mers_korea_2015/mers_korea_2015_mlrep2 -T 2 -redo --quiet -seed 2024
Seed:    2024 (Using SPRNG - Scalable Parallel Random Number Generator)
Time:    Wed Sep  9 00:24:59 2026
Kernel:  AVX+FMA - 2 threads (32 CPU cores detected)

Reading alignment file /workspaces/maximum_likelihood_vs_bayesian_20260908_230005_3f2f2099/datasets/mers_korea_2015/analysis.fasta ... Fasta format detected
Reading fasta file: done in 0.0197082 secs using 62.26% CPU
Alignment most likely contains DNA/RNA sequences
Alignment has 34 sequences with 30119 columns, 75 distinct patterns
20 parsimony-informative, 14 singleton sites, 30085 constant sites
          Gap/Ambiguity  Composition  p-value
Analyzing sequences: done in 1.99471e-05 secs
   1  KT029139    0.04%    passed    100.00%
   2  MK796425    0.04%    passed     99.99%
   3  MT387202    0.04%    passed     99.99%
   4  KT326819    0.41%    passed     99.71%
   5  KX034093    1.36%    passed     99.72%
   6  KT374052    0.96%    passed     99.84%
   7  KT374054    0.96%    passed     99.80%
   8  KX034095    0.00%    passed     99.93%
   9  KT868867    0.17%    passed    100.00%
  10  KT868868    0.17%    passed    100.00%
  11  KU308549    0.00%    passed     99.92%
  12  KT868871    0.17%    passed    100.00%
  13  KT868870    0.18%    passed    100.00%
  14  KT868872    0.17%    passed    100.00%
  15  KT868873    0.17%    passed    100.00%
  16  KT868875    0.17%    passed    100.00%
  17  KT868876    0.17%    passed    100.00%
  18  KT868865    0.17%    passed    100.00%
  19  KT868866    0.17%    passed    100.00%
  20  KT868869    0.17%    passed    100.00%
  21  KT868874    0.17%    passed    100.00%
  22  KX034094    0.03%    passed     99.99%
  23  KT374053    0.96%    passed     99.87%
  24  KX034096    0.12%    passed     99.85%
  25  KX034097    0.00%    passed     99.92%
  26  KT374055    0.96%    passed     99.80%
  27  KT374051    0.96%    passed     99.84%
  28  KT374056    0.96%    passed     99.76%
  29  KT868877    0.18%    passed    100.00%
  30  KX034098    0.04%    passed    100.00%
  31  KT374057    0.96%    passed     99.75%
  32  KX034099    0.03%    passed     99.99%
  33  KT374050    0.96%    passed     99.84%
  34  KX034100    0.00%    passed     99.91%
****  TOTAL       0.35%  0 sequences failed composition chi2 test (p-value<5%; df=3)
NOTE: MT387202 is identical to MK796425 but kept for subsequent analysis
NOTE: KT374055 is identical to KT374054 but kept for subsequent analysis
NOTE: KT868873 is identical to KT868868 but kept for subsequent analysis
NOTE: KT868876 is identical to KT868872 but kept for subsequent analysis
NOTE: KT374050 is identical to KT374051 but kept for subsequent analysis
NOTE: 2 identical sequences (see below) will be ignored for subsequent analysis
NOTE: KT868865 (identical to KT868868) is ignored but added at the end
NOTE: KT868866 (identical to KT868868) is ignored but added at the end
Alignment was printed to results/mers_korea_2015/mers_korea_2015_mlrep2.uniqueseq.phy

For your convenience alignment with unique sequences printed to results/mers_korea_2015/mers_korea_2015_mlrep2.uniqueseq.phy


Create initial parsimony tree by phylogenetic likelihood library (PLL)... 0.001 seconds
WARNING: Number of threads seems too high for short alignments. Use -T AUTO to determine best number of threads.
Perform fast likelihood tree search using GTR+I+G model...
Estimate model parameters (epsilon = 5.000)
Perform nearest neighbor interchange...
Estimate model parameters (epsilon = 1.000)
1. Initial log-likelihood: -41576.960
Optimal log-likelihood: -41576.941
Rate parameters:  A-C: 11.01741  A-G: 37.59068  A-T: 4.21952  C-G: 12.34283  C-T: 41.10947  G-T: 1.00000
Base frequencies:  A: 0.262  C: 0.202  G: 0.209  T: 0.326
Proportion of invariable sites: 0.500
Gamma shape alpha: 0.020
Parameters optimization took 1 rounds (0.010 sec)
Time for fast ML tree search: 0.059 seconds

NOTE: ModelFinder requires 0 MB RAM!
ModelFinder will test up to 484 DNA models (sample size: 30119 epsilon: 0.100) ...
 No. Model         -LnL         df  AIC          AICc         BIC
WARNING: Number of threads seems too high for short alignments. Use -T AUTO to determine best number of threads.
  1  GTR+F         41585.095    69  83308.189    83308.511    83881.780
WARNING: Number of threads seems too high for short alignments. Use -T AUTO to determine best number of threads.
  2  GTR+F+I       41568.349    70  83276.698    83277.029    83858.602
WARNING: Number of threads seems too high for short alignments. Use -T AUTO to determine best number of threads.
  3  GTR+F+G4      41579.548    70  83299.096    83299.427    83881.000
WARNING: Number of threads seems too high for short alignments. Use -T AUTO to determine best number of threads.
  4  GTR+F+I+G4    41576.845    71  83295.691    83296.031    83885.908
WARNING: Number of threads seems too high for short alignments. Use -T AUTO to determine best number of threads.
  5  GTR+F+R2      41582.209    71  83306.417    83306.758    83896.634
WARNING: Number of threads seems too high for short alignments. Use -T AUTO to determine best number of threads.
  6  GTR+F+R3      41581.361    73  83308.722    83309.081    83915.564
WARNING: Number of threads seems too high for short alignments. Use -T AUTO to determine best number of threads.
 14  GTR+F+I+R2    41579.398    72  83302.797    83303.147    83901.327
WARNING: Number of threads seems too high for short alignments. Use -T AUTO to determine best number of threads.
 15  GTR+F+I+R3    41578.123    74  83304.246    83304.615    83919.401
WARNING: Number of threads seems too high for short alignments. Use -T AUTO to determine best number of threads.
 24  SYM+I         42154.591    67  84443.181    84443.484    85000.146
WARNING: Number of threads seems too high for short alignments. Use -T AUTO to determine best number of threads.
 46  TVM+F+I       41568.361    69  83274.723    83275.044    83848.314
WARNING: Number of threads seems too high for short alignments. Use -T AUTO to determine best number of threads.
 68  TVMe+I        42154.887    66  84441.774    84442.068    84990.426
WARNING: Number of threads seems too high for short alignments. Use -T AUTO to determine best number of threads.
 90  TIM3+F+I      41569.085    68  83274.171    83274.483    83839.449
WARNING: Number of threads seems too high for short alignments. Use -T AUTO to determine best number of threads.
112  TIM3e+I       42155.462    65  84440.924    84441.210    84981.264
WARNING: Number of threads seems too high for short alignments. Use -T AUTO to determine best number of threads.
134  TIM2+F+I      41570.783    68  83277.567    83277.879    83842.845
WARNING: Number of threads seems too high for short alignments. Use -T AUTO to determine best number of threads.
156  TIM2e+I       42156.139    65  84442.278    84442.563    84982.617
WARNING: Number of threads seems too high for short alignments. Use -T AUTO to determine best number of threads.
178  TIM+F+I       41570.682    68  83277.363    83277.676    83842.641
WARNING: Number of threads seems too high for short alignments. Use -T AUTO to determine best number of threads.
200  TIMe+I        42156.258    65  84442.516    84442.801    84982.855
WARNING: Number of threads seems too high for short alignments. Use -T AUTO to determine best number of threads.
222  TPM3u+F+I     41569.974    67  83273.948    83274.251    83830.913
WARNING: Number of threads seems too high for short alignments. Use -T AUTO to determine best number of threads.
244  TPM3+I        42156.085    64  84440.170    84440.447    84972.196
WARNING: Number of threads seems too high for short alignments. Use -T AUTO to determine best number of threads.
266  TPM2u+F+I     41571.275    67  83276.550    83276.853    83833.515
WARNING: Number of threads seems too high for short alignments. Use -T AUTO to determine best number of threads.
288  TPM2+I        42156.721    64  84441.442    84441.719    84973.469
WARNING: Number of threads seems too high for short alignments. Use -T AUTO to determine best number of threads.
310  K3Pu+F+I      41571.217    67  83276.434    83276.737    83833.399
WARNING: Number of threads seems too high for short alignments. Use -T AUTO to determine best number of threads.
332  K3P+I         42157.014    64  84442.027    84442.304    84974.054
WARNING: Number of threads seems too high for short alignments. Use -T AUTO to determine best number of threads.
354  TN+F+I        41570.740    67  83275.480    83275.783    83832.445
WARNING: Number of threads seems too high for short alignments. Use -T AUTO to determine best number of threads.
376  TNe+I         42156.247    64  84440.494    84440.771    84972.521
WARNING: Number of threads seems too high for short alignments. Use -T AUTO to determine best number of threads.
398  HKY+F+I       41571.078    66  83274.155    83274.449    83822.807
WARNING: Number of threads seems too high for short alignments. Use -T AUTO to determine best number of threads.
420  K2P+I         42156.868    63  84439.737    84440.005    84963.450
WARNING: Number of threads seems too high for short alignments. Use -T AUTO to determine best number of threads.
442  F81+F+I       41588.032    65  83306.063    83306.349    83846.402
WARNING: Number of threads seems too high for short alignments. Use -T AUTO to determine best number of threads.
464  JC+I          42173.636    62  84471.271    84471.531    84986.672
Akaike Information Criterion:           TPM3u+F+I
Corrected Akaike Information Criterion: TPM3u+F+I
Bayesian Information Criterion:         HKY+F+I
Best-fit model: HKY+F+I chosen according to BIC

All model information printed to results/mers_korea_2015/mers_korea_2015_mlrep2.model.gz
CPU time for ModelFinder: 0.704 seconds (0h:0m:0s)
Wall-clock time for ModelFinder: 0.371 seconds (0h:0m:0s)

NOTE: 0 MB RAM (0 GB) is required!
WARNING: Number of threads seems too high for short alignments. Use -T AUTO to determine best number of threads.
Estimate model parameters (epsilon = 0.100)
1. Initial log-likelihood: -41588.040
2. Current log-likelihood: -41572.957
Optimal log-likelihood: -41572.904
Rate parameters:  A-C: 1.00000  A-G: 18.02780  A-T: 1.00000  C-G: 1.00000  C-T: 18.02780  G-T: 1.00000
Base frequencies:  A: 0.262  C: 0.202  G: 0.209  T: 0.326
Proportion of invariable sites: 0.994
Parameters optimization took 2 rounds (0.005 sec)
Wrote distance file to... 
Computing ML distances based on estimated model parameters...
Calculating distance matrix: done in 0.000948451 secs using 419.6% CPU
Computing ML distances took 0.001017 sec (of wall-clock time) 0.004047 sec (of CPU time)
Setting up auxiliary I and S matrices: done in 0.000101262 secs using 98.75% CPU
Computing RapidNJ tree took 0.000553 sec (of wall-clock time) 0.000553 sec (of CPU time)
Log-likelihood of RapidNJ tree: -41574.523
--------------------------------------------------------------------
|             INITIALIZING CANDIDATE TREE SET                      |
--------------------------------------------------------------------
Generating 98 parsimony trees... 0.081 second
Computing log-likelihood of 98 initial trees ... 0.112 seconds
Current best score: -41572.902

Do NNI search on 20 best initial trees
Estimate model parameters (epsilon = 0.100)
BETTER TREE FOUND at iteration 1: -41572.837
Iteration 10 / LogL: -41572.851 / Time: 0h:0m:0s
Iteration 20 / LogL: -41572.851 / Time: 0h:0m:0s
Finish initializing candidate tree set (20)
Current best tree score: -41572.837 / CPU time: 0.402
Number of iterations: 20
--------------------------------------------------------------------
|               OPTIMIZING CANDIDATE TREE SET                      |
--------------------------------------------------------------------
Iteration 30 / LogL: -41573.213 / Time: 0h:0m:1s (0h:0m:1s left)
Estimate model parameters (epsilon = 0.100)
BETTER TREE FOUND at iteration 39: -41567.848
Iteration 40 / LogL: -41573.441 / Time: 0h:0m:1s (0h:0m:2s left)
Estimate model parameters (epsilon = 0.100)
BETTER TREE FOUND at iteration 44: -41567.734
Iteration 50 / LogL: -41567.957 / Time: 0h:0m:1s (0h:0m:2s left)
Iteration 60 / LogL: -41567.808 / Time: 0h:0m:1s (0h:0m:1s left)
BETTER TREE FOUND at iteration 66: -41567.733
Iteration 70 / LogL: -41567.931 / Time: 0h:0m:1s (0h:0m:2s left)
Iteration 80 / LogL: -41567.934 / Time: 0h:0m:2s (0h:0m:1s left)
Estimate model parameters (epsilon = 0.100)
BETTER TREE FOUND at iteration 87: -41567.705
Iteration 90 / LogL: -41567.951 / Time: 0h:0m:2s (0h:0m:2s left)
Iteration 100 / LogL: -41567.728 / Time: 0h:0m:2s (0h:0m:1s left)
BETTER TREE FOUND at iteration 106: -41567.697
Iteration 110 / LogL: -41567.872 / Time: 0h:0m:2s (0h:0m:2s left)
Iteration 120 / LogL: -41567.782 / Time: 0h:0m:2s (0h:0m:1s left)
Iteration 130 / LogL: -41567.720 / Time: 0h:0m:3s (0h:0m:1s left)
BETTER TREE FOUND at iteration 140: -41567.697
Iteration 140 / LogL: -41567.697 / Time: 0h:0m:3s (0h:0m:2s left)
Iteration 150 / LogL: -41567.707 / Time: 0h:0m:3s (0h:0m:1s left)
Iteration 160 / LogL: -41567.795 / Time: 0h:0m:3s (0h:0m:1s left)
Iteration 170 / LogL: -41567.905 / Time: 0h:0m:4s (0h:0m:1s left)
Iteration 180 / LogL: -41567.705 / Time: 0h:0m:4s (0h:0m:1s left)
Iteration 190 / LogL: -41567.959 / Time: 0h:0m:4s (0h:0m:1s left)
Iteration 200 / LogL: -41567.789 / Time: 0h:0m:4s (0h:0m:0s left)
Iteration 210 / LogL: -41567.783 / Time: 0h:0m:4s (0h:0m:0s left)
Iteration 220 / LogL: -41567.702 / Time: 0h:0m:4s (0h:0m:0s left)
BETTER TREE FOUND at iteration 228: -41567.697
Iteration 230 / LogL: -41567.725 / Time: 0h:0m:5s (0h:0m:2s left)
Iteration 240 / LogL: -41567.987 / Time: 0h:0m:5s (0h:0m:1s left)
BETTER TREE FOUND at iteration 243: -41567.697
Iteration 250 / LogL: -41567.788 / Time: 0h:0m:5s (0h:0m:1s left)
Iteration 260 / LogL: -41567.924 / Time: 0h:0m:5s (0h:0m:1s left)
Iteration 270 / LogL: -41567.894 / Time: 0h:0m:6s (0h:0m:1s left)
Iteration 280 / LogL: -41567.784 / Time: 0h:0m:6s (0h:0m:1s left)
Iteration 290 / LogL: -41567.713 / Time: 0h:0m:6s (0h:0m:1s left)
Estimate model parameters (epsilon = 0.100)
BETTER TREE FOUND at iteration 291: -41567.669
Iteration 300 / LogL: -41567.703 / Time: 0h:0m:6s (0h:0m:1s left)
BETTER TREE FOUND at iteration 309: -41567.668
Iteration 310 / LogL: -41567.702 / Time: 0h:0m:6s (0h:0m:2s left)
Iteration 320 / LogL: -41573.051 / Time: 0h:0m:7s (0h:0m:1s left)
Iteration 330 / LogL: -41567.789 / Time: 0h:0m:7s (0h:0m:1s left)
Iteration 340 / LogL: -41567.925 / Time: 0h:0m:7s (0h:0m:1s left)
BETTER TREE FOUND at iteration 344: -41567.668
Iteration 350 / LogL: -41567.906 / Time: 0h:0m:7s (0h:0m:1s left)
Iteration 360 / LogL: -41567.922 / Time: 0h:0m:7s (0h:0m:1s left)
Iteration 370 / LogL: -41567.833 / Time: 0h:0m:8s (0h:0m:1s left)
Iteration 380 / LogL: -41567.900 / Time: 0h:0m:8s (0h:0m:1s left)
Iteration 390 / LogL: -41567.812 / Time: 0h:0m:8s (0h:0m:1s left)
Iteration 400 / LogL: -41567.934 / Time: 0h:0m:8s (0h:0m:0s left)
Iteration 410 / LogL: -41567.714 / Time: 0h:0m:8s (0h:0m:0s left)
Iteration 420 / LogL: -41567.812 / Time: 0h:0m:9s (0h:0m:0s left)
Iteration 430 / LogL: -41571.605 / Time: 0h:0m:9s (0h:0m:0s left)
Iteration 440 / LogL: -41567.771 / Time: 0h:0m:9s (0h:0m:0s left)
TREE SEARCH COMPLETED AFTER 445 ITERATIONS / Time: 0h:0m:9s

--------------------------------------------------------------------
|                    FINALIZING TREE SEARCH                        |
--------------------------------------------------------------------
Performs final model parameters optimization
Estimate model parameters (epsilon = 0.010)
1. Initial log-likelihood: -41567.668
2. Current log-likelihood: -41567.657
3. Current log-likelihood: -41567.646
4. Current log-likelihood: -41567.635
5. Current log-likelihood: -41567.625
6. Current log-likelihood: -41567.614
7. Current log-likelihood: -41567.604
8. Current log-likelihood: -41567.594
9. Current log-likelihood: -41567.584
Optimal log-likelihood: -41567.574
Rate parameters:  A-C: 1.00000  A-G: 16.45238  A-T: 1.00000  C-G: 1.00000  C-T: 16.45238  G-T: 1.00000
Base frequencies:  A: 0.262  C: 0.202  G: 0.209  T: 0.326
Proportion of invariable sites: 0.995
Parameters optimization took 9 rounds (0.022 sec)
BEST SCORE FOUND : -41567.574
Total tree length: 0.001

Total number of iterations: 445
CPU time used for tree search: 15.499 sec (0h:0m:15s)
Wall-clock time used for tree search: 9.154 sec (0h:0m:9s)
Total CPU time used: 16.291 sec (0h:0m:16s)
Total wall-clock time used: 9.572 sec (0h:0m:9s)

Analysis results written to: 
  IQ-TREE report:                results/mers_korea_2015/mers_korea_2015_mlrep2.iqtree
  Maximum-likelihood tree:       results/mers_korea_2015/mers_korea_2015_mlrep2.treefile
  Likelihood distances:          results/mers_korea_2015/mers_korea_2015_mlrep2.mldist
  Screen log file:               results/mers_korea_2015/mers_korea_2015_mlrep2.log

Date and Time: Wed Sep  9 00:25:09 2026
