IQ-TREE multicore version 2.3.6 for Linux x86 64-bit built Aug  1 2024
Developed by Bui Quang Minh, Nguyen Lam Tung, Olga Chernomor, Heiko Schmidt,
Dominik Schrempf, Michael Woodhams, Ly Trong Nhan, Thomas Wong

Host:    07be82772fbe (AVX2, FMA3, 503 GB RAM)
Command: /workspaces/maximum_likelihood_vs_bayesian_20260908_230005_3f2f2099/code/bin/iqtree2 -s /workspaces/maximum_likelihood_vs_bayesian_20260908_230005_3f2f2099/datasets/mers_korea_2015/analysis.fasta -m MFP --prefix results/mers_korea_2015/mers_korea_2015_mlrep4 -T 2 -redo --quiet -seed 31337
Seed:    31337 (Using SPRNG - Scalable Parallel Random Number Generator)
Time:    Wed Sep  9 00:25:06 2026
Kernel:  AVX+FMA - 2 threads (32 CPU cores detected)

Reading alignment file /workspaces/maximum_likelihood_vs_bayesian_20260908_230005_3f2f2099/datasets/mers_korea_2015/analysis.fasta ... Fasta format detected
Reading fasta file: done in 0.0244586 secs using 81.7% CPU
Alignment most likely contains DNA/RNA sequences
Alignment has 34 sequences with 30119 columns, 75 distinct patterns
20 parsimony-informative, 14 singleton sites, 30085 constant sites
          Gap/Ambiguity  Composition  p-value
Analyzing sequences: done in 1.86448e-05 secs
   1  KT029139    0.04%    passed    100.00%
   2  MK796425    0.04%    passed     99.99%
   3  MT387202    0.04%    passed     99.99%
   4  KT326819    0.41%    passed     99.71%
   5  KX034093    1.36%    passed     99.72%
   6  KT374052    0.96%    passed     99.84%
   7  KT374054    0.96%    passed     99.80%
   8  KX034095    0.00%    passed     99.93%
   9  KT868867    0.17%    passed    100.00%
  10  KT868868    0.17%    passed    100.00%
  11  KU308549    0.00%    passed     99.92%
  12  KT868871    0.17%    passed    100.00%
  13  KT868870    0.18%    passed    100.00%
  14  KT868872    0.17%    passed    100.00%
  15  KT868873    0.17%    passed    100.00%
  16  KT868875    0.17%    passed    100.00%
  17  KT868876    0.17%    passed    100.00%
  18  KT868865    0.17%    passed    100.00%
  19  KT868866    0.17%    passed    100.00%
  20  KT868869    0.17%    passed    100.00%
  21  KT868874    0.17%    passed    100.00%
  22  KX034094    0.03%    passed     99.99%
  23  KT374053    0.96%    passed     99.87%
  24  KX034096    0.12%    passed     99.85%
  25  KX034097    0.00%    passed     99.92%
  26  KT374055    0.96%    passed     99.80%
  27  KT374051    0.96%    passed     99.84%
  28  KT374056    0.96%    passed     99.76%
  29  KT868877    0.18%    passed    100.00%
  30  KX034098    0.04%    passed    100.00%
  31  KT374057    0.96%    passed     99.75%
  32  KX034099    0.03%    passed     99.99%
  33  KT374050    0.96%    passed     99.84%
  34  KX034100    0.00%    passed     99.91%
****  TOTAL       0.35%  0 sequences failed composition chi2 test (p-value<5%; df=3)
NOTE: MT387202 is identical to MK796425 but kept for subsequent analysis
NOTE: KT374055 is identical to KT374054 but kept for subsequent analysis
NOTE: KT868873 is identical to KT868868 but kept for subsequent analysis
NOTE: KT868876 is identical to KT868872 but kept for subsequent analysis
NOTE: KT374050 is identical to KT374051 but kept for subsequent analysis
NOTE: 2 identical sequences (see below) will be ignored for subsequent analysis
NOTE: KT868865 (identical to KT868868) is ignored but added at the end
NOTE: KT868866 (identical to KT868868) is ignored but added at the end
Alignment was printed to results/mers_korea_2015/mers_korea_2015_mlrep4.uniqueseq.phy

For your convenience alignment with unique sequences printed to results/mers_korea_2015/mers_korea_2015_mlrep4.uniqueseq.phy


Create initial parsimony tree by phylogenetic likelihood library (PLL)... 0.001 seconds
WARNING: Number of threads seems too high for short alignments. Use -T AUTO to determine best number of threads.
Perform fast likelihood tree search using GTR+I+G model...
Estimate model parameters (epsilon = 5.000)
Perform nearest neighbor interchange...
Estimate model parameters (epsilon = 1.000)
1. Initial log-likelihood: -41577.362
Optimal log-likelihood: -41577.349
Rate parameters:  A-C: 12.15087  A-G: 42.10319  A-T: 4.25829  C-G: 12.81113  C-T: 44.97295  G-T: 1.00000
Base frequencies:  A: 0.262  C: 0.202  G: 0.209  T: 0.326
Proportion of invariable sites: 0.500
Gamma shape alpha: 0.020
Parameters optimization took 1 rounds (0.006 sec)
Time for fast ML tree search: 0.038 seconds

NOTE: ModelFinder requires 0 MB RAM!
ModelFinder will test up to 484 DNA models (sample size: 30119 epsilon: 0.100) ...
 No. Model         -LnL         df  AIC          AICc         BIC
WARNING: Number of threads seems too high for short alignments. Use -T AUTO to determine best number of threads.
  1  GTR+F         41585.509    69  83309.019    83309.340    83882.610
WARNING: Number of threads seems too high for short alignments. Use -T AUTO to determine best number of threads.
  2  GTR+F+I       41568.740    70  83277.481    83277.811    83859.384
WARNING: Number of threads seems too high for short alignments. Use -T AUTO to determine best number of threads.
  3  GTR+F+G4      41579.979    70  83299.958    83300.289    83881.862
WARNING: Number of threads seems too high for short alignments. Use -T AUTO to determine best number of threads.
  4  GTR+F+I+G4    41577.279    71  83296.558    83296.898    83886.775
WARNING: Number of threads seems too high for short alignments. Use -T AUTO to determine best number of threads.
  5  GTR+F+R2      41582.647    71  83307.293    83307.634    83897.510
WARNING: Number of threads seems too high for short alignments. Use -T AUTO to determine best number of threads.
  6  GTR+F+R3      41581.809    73  83309.619    83309.978    83916.461
WARNING: Number of threads seems too high for short alignments. Use -T AUTO to determine best number of threads.
 14  GTR+F+I+R2    41579.849    72  83303.698    83304.048    83902.228
WARNING: Number of threads seems too high for short alignments. Use -T AUTO to determine best number of threads.
 15  GTR+F+I+R3    41578.583    74  83305.166    83305.536    83920.322
WARNING: Number of threads seems too high for short alignments. Use -T AUTO to determine best number of threads.
 24  SYM+I         42154.576    67  84443.152    84443.455    85000.117
WARNING: Number of threads seems too high for short alignments. Use -T AUTO to determine best number of threads.
 46  TVM+F+I       41568.752    69  83275.504    83275.826    83849.095
WARNING: Number of threads seems too high for short alignments. Use -T AUTO to determine best number of threads.
 68  TVMe+I        42154.820    66  84441.639    84441.934    84990.292
WARNING: Number of threads seems too high for short alignments. Use -T AUTO to determine best number of threads.
 90  TIM3+F+I      41569.530    68  83275.060    83275.372    83840.338
WARNING: Number of threads seems too high for short alignments. Use -T AUTO to determine best number of threads.
112  TIM3e+I       42155.483    65  84440.965    84441.251    84981.305
WARNING: Number of threads seems too high for short alignments. Use -T AUTO to determine best number of threads.
134  TIM2+F+I      41571.246    68  83278.491    83278.804    83843.769
WARNING: Number of threads seems too high for short alignments. Use -T AUTO to determine best number of threads.
156  TIM2e+I       42156.149    65  84442.298    84442.584    84982.638
WARNING: Number of threads seems too high for short alignments. Use -T AUTO to determine best number of threads.
178  TIM+F+I       41571.147    68  83278.295    83278.607    83843.573
WARNING: Number of threads seems too high for short alignments. Use -T AUTO to determine best number of threads.
200  TIMe+I        42156.279    65  84442.557    84442.843    84982.897
WARNING: Number of threads seems too high for short alignments. Use -T AUTO to determine best number of threads.
222  TPM3u+F+I     41570.445    67  83274.890    83275.193    83831.855
WARNING: Number of threads seems too high for short alignments. Use -T AUTO to determine best number of threads.
244  TPM3+I        42156.105    64  84440.210    84440.487    84972.237
WARNING: Number of threads seems too high for short alignments. Use -T AUTO to determine best number of threads.
266  TPM2u+F+I     41571.740    67  83277.481    83277.784    83834.446
WARNING: Number of threads seems too high for short alignments. Use -T AUTO to determine best number of threads.
288  TPM2+I        42156.756    64  84441.513    84441.790    84973.539
WARNING: Number of threads seems too high for short alignments. Use -T AUTO to determine best number of threads.
310  K3Pu+F+I      41571.703    67  83277.406    83277.709    83834.371
WARNING: Number of threads seems too high for short alignments. Use -T AUTO to determine best number of threads.
332  K3P+I         42157.054    64  84442.107    84442.384    84974.134
WARNING: Number of threads seems too high for short alignments. Use -T AUTO to determine best number of threads.
354  TN+F+I        41571.205    67  83276.409    83276.713    83833.374
WARNING: Number of threads seems too high for short alignments. Use -T AUTO to determine best number of threads.
376  TNe+I         42156.268    64  84440.535    84440.812    84972.561
WARNING: Number of threads seems too high for short alignments. Use -T AUTO to determine best number of threads.
398  HKY+F+I       41571.550    66  83275.100    83275.395    83823.752
WARNING: Number of threads seems too high for short alignments. Use -T AUTO to determine best number of threads.
420  K2P+I         42156.895    63  84439.790    84440.058    84963.504
WARNING: Number of threads seems too high for short alignments. Use -T AUTO to determine best number of threads.
442  F81+F+I       41588.494    65  83306.988    83307.273    83847.327
WARNING: Number of threads seems too high for short alignments. Use -T AUTO to determine best number of threads.
464  JC+I          42173.633    62  84471.265    84471.525    84986.666
Akaike Information Criterion:           TPM3u+F+I
Corrected Akaike Information Criterion: TPM3u+F+I
Bayesian Information Criterion:         HKY+F+I
Best-fit model: HKY+F+I chosen according to BIC

All model information printed to results/mers_korea_2015/mers_korea_2015_mlrep4.model.gz
CPU time for ModelFinder: 0.406 seconds (0h:0m:0s)
Wall-clock time for ModelFinder: 0.244 seconds (0h:0m:0s)

NOTE: 0 MB RAM (0 GB) is required!
WARNING: Number of threads seems too high for short alignments. Use -T AUTO to determine best number of threads.
Estimate model parameters (epsilon = 0.100)
1. Initial log-likelihood: -41588.502
2. Current log-likelihood: -41573.428
Optimal log-likelihood: -41573.372
Rate parameters:  A-C: 1.00000  A-G: 18.01852  A-T: 1.00000  C-G: 1.00000  C-T: 18.01852  G-T: 1.00000
Base frequencies:  A: 0.262  C: 0.202  G: 0.209  T: 0.326
Proportion of invariable sites: 0.994
Parameters optimization took 2 rounds (0.003 sec)
Wrote distance file to... 
Computing ML distances based on estimated model parameters...
Calculating distance matrix: done in 0.000996652 secs using 220% CPU
Computing ML distances took 0.001058 sec (of wall-clock time) 0.002247 sec (of CPU time)
Setting up auxiliary I and S matrices: done in 0.000102455 secs using 80.04% CPU
Computing RapidNJ tree took 0.000519 sec (of wall-clock time) 0.000422 sec (of CPU time)
Log-likelihood of RapidNJ tree: -41574.522
--------------------------------------------------------------------
|             INITIALIZING CANDIDATE TREE SET                      |
--------------------------------------------------------------------
Generating 98 parsimony trees... 0.097 second
Computing log-likelihood of 98 initial trees ... 0.079 seconds
Current best score: -41572.901

Do NNI search on 20 best initial trees
Estimate model parameters (epsilon = 0.100)
BETTER TREE FOUND at iteration 1: -41572.850
BETTER TREE FOUND at iteration 2: -41572.849
BETTER TREE FOUND at iteration 3: -41572.849
BETTER TREE FOUND at iteration 7: -41572.849
Estimate model parameters (epsilon = 0.100)
BETTER TREE FOUND at iteration 8: -41572.784
BETTER TREE FOUND at iteration 9: -41572.784
Iteration 10 / LogL: -41572.798 / Time: 0h:0m:0s
BETTER TREE FOUND at iteration 19: -41572.784
BETTER TREE FOUND at iteration 20: -41572.784
Iteration 20 / LogL: -41572.784 / Time: 0h:0m:0s
Finish initializing candidate tree set (20)
Current best tree score: -41572.784 / CPU time: 0.315
Number of iterations: 20
--------------------------------------------------------------------
|               OPTIMIZING CANDIDATE TREE SET                      |
--------------------------------------------------------------------
Iteration 30 / LogL: -41572.985 / Time: 0h:0m:0s (0h:0m:1s left)
Iteration 40 / LogL: -41572.977 / Time: 0h:0m:0s (0h:0m:1s left)
Estimate model parameters (epsilon = 0.100)
BETTER TREE FOUND at iteration 44: -41567.753
Iteration 50 / LogL: -41567.755 / Time: 0h:0m:0s (0h:0m:1s left)
Iteration 60 / LogL: -41568.004 / Time: 0h:0m:1s (0h:0m:1s left)
Iteration 70 / LogL: -41567.939 / Time: 0h:0m:1s (0h:0m:1s left)
Iteration 80 / LogL: -41567.849 / Time: 0h:0m:1s (0h:0m:0s left)
Iteration 90 / LogL: -41567.878 / Time: 0h:0m:1s (0h:0m:0s left)
BETTER TREE FOUND at iteration 95: -41567.747
Iteration 100 / LogL: -41567.952 / Time: 0h:0m:1s (0h:0m:1s left)
Iteration 110 / LogL: -41567.915 / Time: 0h:0m:1s (0h:0m:1s left)
Iteration 120 / LogL: -41567.972 / Time: 0h:0m:1s (0h:0m:0s left)
Iteration 130 / LogL: -41567.948 / Time: 0h:0m:1s (0h:0m:0s left)
BETTER TREE FOUND at iteration 133: -41567.747
Iteration 140 / LogL: -41567.994 / Time: 0h:0m:2s (0h:0m:1s left)
Iteration 150 / LogL: -41576.222 / Time: 0h:0m:2s (0h:0m:1s left)
Iteration 160 / LogL: -41567.887 / Time: 0h:0m:2s (0h:0m:0s left)
BETTER TREE FOUND at iteration 164: -41567.747
Iteration 170 / LogL: -41567.839 / Time: 0h:0m:2s (0h:0m:1s left)
Iteration 180 / LogL: -41567.809 / Time: 0h:0m:2s (0h:0m:1s left)
Iteration 190 / LogL: -41567.853 / Time: 0h:0m:2s (0h:0m:1s left)
BETTER TREE FOUND at iteration 194: -41567.738
Iteration 200 / LogL: -41567.845 / Time: 0h:0m:3s (0h:0m:1s left)
Iteration 210 / LogL: -41567.982 / Time: 0h:0m:3s (0h:0m:1s left)
Iteration 220 / LogL: -41568.027 / Time: 0h:0m:3s (0h:0m:1s left)
Iteration 230 / LogL: -41567.748 / Time: 0h:0m:3s (0h:0m:0s left)
Estimate model parameters (epsilon = 0.100)
BETTER TREE FOUND at iteration 237: -41567.706
Iteration 240 / LogL: -41567.818 / Time: 0h:0m:3s (0h:0m:1s left)
Iteration 250 / LogL: -41567.916 / Time: 0h:0m:4s (0h:0m:1s left)
Iteration 260 / LogL: -41567.853 / Time: 0h:0m:4s (0h:0m:1s left)
Iteration 270 / LogL: -41568.077 / Time: 0h:0m:4s (0h:0m:1s left)
Iteration 280 / LogL: -41567.877 / Time: 0h:0m:4s (0h:0m:0s left)
Iteration 290 / LogL: -41567.807 / Time: 0h:0m:5s (0h:0m:0s left)
Iteration 300 / LogL: -41568.039 / Time: 0h:0m:5s (0h:0m:0s left)
Iteration 310 / LogL: -41567.782 / Time: 0h:0m:5s (0h:0m:0s left)
Iteration 320 / LogL: -41567.922 / Time: 0h:0m:5s (0h:0m:0s left)
Iteration 330 / LogL: -41567.985 / Time: 0h:0m:5s (0h:0m:0s left)
TREE SEARCH COMPLETED AFTER 338 ITERATIONS / Time: 0h:0m:6s

--------------------------------------------------------------------
|                    FINALIZING TREE SEARCH                        |
--------------------------------------------------------------------
Performs final model parameters optimization
Estimate model parameters (epsilon = 0.010)
1. Initial log-likelihood: -41567.706
2. Current log-likelihood: -41567.695
3. Current log-likelihood: -41567.684
4. Current log-likelihood: -41567.673
5. Current log-likelihood: -41567.662
6. Current log-likelihood: -41567.652
7. Current log-likelihood: -41567.642
8. Current log-likelihood: -41567.631
Optimal log-likelihood: -41567.621
Rate parameters:  A-C: 1.00000  A-G: 16.53332  A-T: 1.00000  C-G: 1.00000  C-T: 16.53332  G-T: 1.00000
Base frequencies:  A: 0.262  C: 0.202  G: 0.209  T: 0.326
Proportion of invariable sites: 0.995
Parameters optimization took 8 rounds (0.022 sec)
BEST SCORE FOUND : -41567.621
Total tree length: 0.001

Total number of iterations: 338
CPU time used for tree search: 9.381 sec (0h:0m:9s)
Wall-clock time used for tree search: 5.884 sec (0h:0m:5s)
Total CPU time used: 9.860 sec (0h:0m:9s)
Total wall-clock time used: 6.171 sec (0h:0m:6s)

Analysis results written to: 
  IQ-TREE report:                results/mers_korea_2015/mers_korea_2015_mlrep4.iqtree
  Maximum-likelihood tree:       results/mers_korea_2015/mers_korea_2015_mlrep4.treefile
  Likelihood distances:          results/mers_korea_2015/mers_korea_2015_mlrep4.mldist
  Screen log file:               results/mers_korea_2015/mers_korea_2015_mlrep4.log

Date and Time: Wed Sep  9 00:25:12 2026
