

                            MrBayes 3.2.7a x86_64

                      (Bayesian Analysis of Phylogeny)

              Distributed under the GNU General Public License


               Type "help" or "help <command>" for information
                     on the commands that are available.

                   Type "about" for authorship and general
                       information about the program.



   Executing file "results/mers_korea_2015/mers_korea_2015_mb.mb.nex"
   UNIX line termination
   Longest line length = 75
   Parsing file
   Expecting NEXUS formatted file
   Reading mrbayes block
      Setting autoclose to yes
      Setting nowarnings to yes
      Setting seed to 42
      Setting swapseed to 42

      Executing file "datasets/mers_korea_2015/analysis.nex"...

   UNIX line termination
   Longest line length = 30134
   Parsing file
   Expecting NEXUS formatted file
   Reading data block
      Allocated taxon set
      Allocated matrix
      Defining new matrix with 34 taxa and 30119 characters
      Data is Dna
      Missing data coded as ?
      Gaps coded as -
      Taxon  1 -> KT029139
      Taxon  2 -> MK796425
      Taxon  3 -> MT387202
      Taxon  4 -> KT326819
      Taxon  5 -> KX034093
      Taxon  6 -> KT374052
      Taxon  7 -> KT374054
      Taxon  8 -> KX034095
      Taxon  9 -> KT868867
      Taxon 10 -> KT868868
      Taxon 11 -> KU308549
      Taxon 12 -> KT868871
      Taxon 13 -> KT868870
      Taxon 14 -> KT868872
      Taxon 15 -> KT868873
      Taxon 16 -> KT868875
      Taxon 17 -> KT868876
      Taxon 18 -> KT868865
      Taxon 19 -> KT868866
      Taxon 20 -> KT868869
      Taxon 21 -> KT868874
      Taxon 22 -> KX034094
      Taxon 23 -> KT374053
      Taxon 24 -> KX034096
      Taxon 25 -> KX034097
      Taxon 26 -> KT374055
      Taxon 27 -> KT374051
      Taxon 28 -> KT374056
      Taxon 29 -> KT868877
      Taxon 30 -> KX034098
      Taxon 31 -> KT374057
      Taxon 32 -> KX034099
      Taxon 33 -> KT374050
      Taxon 34 -> KX034100
      Successfully read matrix
      Setting default partition (does not divide up characters)
      Setting model defaults
      Seed (for generating default start values) = 42
      Setting output file names to "datasets/mers_korea_2015/analysis.nex.run<i>.<p|t>"
   Exiting data block
   Reached end of file

   Returning execution to calling file ...

      Setting Nst to 6
      Setting Rates to Invgamma
      Successfully set likelihood model parameters
      Setting Statefreqpr to Dirichlet(1.00,1.00,1.00,1.00)
      Setting Revmatpr to Dirichlet(1.00,1.00,1.00,1.00,1.00,1.00)
      Setting Shapepr to Exponential(1.00)
      Setting Pinvarpr to Uniform(0.00,1.00)
      Setting Brlenspr to Unconstrained:GammaDir(1.00,1000.0000,1.00,1.00)
      Successfully set prior model parameters
      Setting number of generations to 3000000
      Setting number of runs to 2
      Setting number of chains to 4
      Setting sample frequency to 300
      Setting print frequency to 150000
      Setting diagnosing frequency to 150000
      Setting chain output file names to "results/mers_korea_2015/mers_korea_2015_mb.run<i>.<p/t>"
      Successfully set chain parameters
      Running Markov chain
      MCMC stamp = 7313498599
      Seed = 1051081424
      Swapseed = 42
      Model settings:

         Data not partitioned --
            Datatype  = DNA
            Nucmodel  = 4by4
            Nst       = 6
                        Substitution rates, expressed as proportions
                        of the rate sum, have a Dirichlet prior
                        (1.00,1.00,1.00,1.00,1.00,1.00)
            Covarion  = No
            # States  = 4
                        State frequencies have a Dirichlet prior
                        (1.00,1.00,1.00,1.00)
            Rates     = Invgamma
                        The distribution is approximated using 4 categories.
                        Shape parameter is exponentially
                        distributed with parameter (1.00).
                        Proportion of invariable sites is uniformly dist-
                        ributed on the interval (0.00,1.00).

      Active parameters: 

         Parameters
         ---------------------
         Revmat              1
         Statefreq           2
         Shape               3
         Pinvar              4
         Ratemultiplier      5
         Topology            6
         Brlens              7
         ---------------------

         1 --  Parameter  = Revmat
               Type       = Rates of reversible rate matrix
               Prior      = Dirichlet(1.00,1.00,1.00,1.00,1.00,1.00)

         2 --  Parameter  = Pi
               Type       = Stationary state frequencies
               Prior      = Dirichlet

         3 --  Parameter  = Alpha
               Type       = Shape of scaled gamma distribution of site rates
               Prior      = Exponential(1.00)

         4 --  Parameter  = Pinvar
               Type       = Proportion of invariable sites
               Prior      = Uniform(0.00,1.00)

         5 --  Parameter  = Ratemultiplier
               Type       = Partition-specific rate multiplier
               Prior      = Fixed(1.0)

         6 --  Parameter  = Tau
               Type       = Topology
               Prior      = All topologies equally probable a priori
               Subparam.  = V

         7 --  Parameter  = V
               Type       = Branch lengths
               Prior      = Unconstrained:GammaDir(1.0,1000.0000,1.0,1.0)



      The MCMC sampler will use the following moves:
         With prob.  Chain will use move
            0.93 %   Dirichlet(Revmat)
            0.93 %   Slider(Revmat)
            0.93 %   Dirichlet(Pi)
            0.93 %   Slider(Pi)
            1.85 %   Multiplier(Alpha)
            1.85 %   Slider(Pinvar)
            9.26 %   ExtSPR(Tau,V)
            9.26 %   ExtTBR(Tau,V)
            9.26 %   NNI(Tau,V)
            9.26 %   ParsSPR(Tau,V)
           37.04 %   Multiplier(V)
           12.96 %   Nodeslider(V)
            5.56 %   TLMultiplier(V)

      Division 1 has 75 unique site patterns
      Initializing conditional likelihoods
      Using standard FMA likelihood calculator for division 1 (single-precision)
      Initializing invariable-site conditional likelihoods

      Initial log likelihoods and log prior probs for run 1:
         Chain 1 -- -67965.423174 -- -1200.565637
         Chain 2 -- -67971.945925 -- -1200.565637
         Chain 3 -- -67967.558485 -- -1200.565637
         Chain 4 -- -67972.261700 -- -1200.565637

      Initial log likelihoods and log prior probs for run 2:
         Chain 1 -- -67963.256946 -- -1200.565637
         Chain 2 -- -67975.189892 -- -1200.565637
         Chain 3 -- -67968.753317 -- -1200.565637
         Chain 4 -- -67944.867120 -- -1200.565637


      Using a relative burnin of 25.0 % for diagnostics

      Chain results (3000000 generations requested):

          0 -- [-67965.423] (-67971.946) (-67967.558) (-67972.262) * [-67963.257] (-67975.190) (-67968.753) (-67944.867) 
      150000 -- (-41610.373) [-41604.497] (-41599.628) (-41620.915) * (-41627.920) [-41596.777] (-41617.577) (-41597.410) -- 0:18:41

      Average standard deviation of split frequencies: 0.027183

      300000 -- [-41606.988] (-41604.830) (-41616.191) (-41623.890) * [-41594.310] (-41622.078) (-41612.403) (-41600.077) -- 0:17:51

      Average standard deviation of split frequencies: 0.012823

      450000 -- (-41617.919) [-41600.328] (-41620.268) (-41607.574) * (-41605.855) (-41597.040) [-41593.007] (-41621.325) -- 0:16:48

      Average standard deviation of split frequencies: 0.007332

      600000 -- (-41610.580) (-41601.244) [-41601.644] (-41634.486) * (-41602.450) (-41637.506) [-41597.007] (-41608.994) -- 0:15:48

      Average standard deviation of split frequencies: 0.008552

      750000 -- (-41601.121) (-41597.375) [-41602.504] (-41602.365) * (-41603.527) (-41605.552) [-41603.829] (-41635.022) -- 0:14:51

      Average standard deviation of split frequencies: 0.012777

      900000 -- (-41608.179) (-41627.920) [-41599.155] (-41617.775) * [-41608.990] (-41605.964) (-41630.252) (-41606.370) -- 0:13:48

      Average standard deviation of split frequencies: 0.015879

      1050000 -- [-41607.859] (-41606.386) (-41596.063) (-41632.004) * (-41596.594) (-41622.018) (-41614.893) [-41600.560] -- 0:12:48

      Average standard deviation of split frequencies: 0.015490

      1200000 -- (-41609.063) [-41594.089] (-41610.053) (-41605.480) * (-41615.508) (-41608.177) (-41602.964) [-41602.183] -- 0:11:49

      Average standard deviation of split frequencies: 0.014550

      1350000 -- (-41608.657) [-41598.683] (-41611.415) (-41595.574) * [-41609.182] (-41601.970) (-41609.844) (-41610.013) -- 0:10:53

      Average standard deviation of split frequencies: 0.012394

      1500000 -- (-41605.073) (-41631.386) (-41602.696) [-41601.620] * (-41611.850) (-41644.678) (-41621.683) [-41591.712] -- 0:10:00

      Average standard deviation of split frequencies: 0.009991

      1650000 -- [-41597.540] (-41612.075) (-41617.043) (-41628.184) * [-41600.121] (-41612.960) (-41620.813) (-41603.334) -- 0:08:59

      Average standard deviation of split frequencies: 0.009910

      1800000 -- (-41609.202) [-41611.271] (-41605.445) (-41615.241) * (-41623.052) (-41612.462) [-41597.437] (-41606.676) -- 0:07:59

      Average standard deviation of split frequencies: 0.006520

      1950000 -- (-41615.244) (-41606.050) (-41602.212) [-41599.750] * (-41635.282) [-41602.625] (-41594.524) (-41607.769) -- 0:06:58

      Average standard deviation of split frequencies: 0.007907

      2100000 -- (-41627.173) (-41605.863) (-41638.172) [-41604.633] * (-41627.746) (-41600.174) [-41588.654] (-41608.402) -- 0:05:58

      Average standard deviation of split frequencies: 0.006864

      2250000 -- (-41609.390) [-41608.094] (-41592.399) (-41620.505) * [-41604.286] (-41632.513) (-41607.936) (-41591.656) -- 0:04:58

      Average standard deviation of split frequencies: 0.006426

      2400000 -- (-41602.979) (-41612.442) (-41597.125) [-41596.784] * [-41595.854] (-41605.838) (-41618.166) (-41609.767) -- 0:03:58

      Average standard deviation of split frequencies: 0.004265

      2550000 -- [-41609.836] (-41613.631) (-41601.199) (-41638.043) * [-41606.058] (-41620.589) (-41624.462) (-41605.061) -- 0:02:58

      Average standard deviation of split frequencies: 0.003823

      2700000 -- (-41619.230) [-41601.670] (-41608.531) (-41613.499) * (-41609.525) [-41596.768] (-41615.426) (-41646.003) -- 0:01:59

      Average standard deviation of split frequencies: 0.003899

      2850000 -- (-41609.694) (-41603.622) (-41626.703) [-41605.010] * (-41616.575) [-41598.678] (-41605.014) (-41605.826) -- 0:00:59

      Average standard deviation of split frequencies: 0.006564
      3000000 -- (-41626.908) [-41597.343] (-41614.045) (-41619.862) * [-41607.924] (-41622.321) (-41617.133) (-41610.385) -- 0:00:00

      Average standard deviation of split frequencies: 0.006045

      Analysis completed in 19 mins 52 seconds
      Analysis used 1192.23 seconds of CPU time
      Likelihood of best state for "cold" chain of run 1 was -41583.14
      Likelihood of best state for "cold" chain of run 2 was -41583.21

      Acceptance rates for the moves in the "cold" chain of run 1:
         With prob.   (last 100)   chain accepted proposals by move
            44.3 %     ( 28 %)     Dirichlet(Revmat)
            62.4 %     ( 47 %)     Slider(Revmat)
             4.8 %     ( 20 %)     Dirichlet(Pi)
            19.6 %     ( 30 %)     Slider(Pi)
            48.6 %     ( 23 %)     Multiplier(Alpha)
            27.2 %     ( 17 %)     Slider(Pinvar)
            59.9 %     ( 61 %)     ExtSPR(Tau,V)
            56.6 %     ( 48 %)     ExtTBR(Tau,V)
            70.8 %     ( 70 %)     NNI(Tau,V)
            28.2 %     ( 24 %)     ParsSPR(Tau,V)
            26.2 %     ( 23 %)     Multiplier(V)
            75.3 %     ( 74 %)     Nodeslider(V)
            25.8 %     ( 19 %)     TLMultiplier(V)

      Acceptance rates for the moves in the "cold" chain of run 2:
         With prob.   (last 100)   chain accepted proposals by move
            44.4 %     ( 24 %)     Dirichlet(Revmat)
            62.7 %     ( 44 %)     Slider(Revmat)
             4.9 %     ( 13 %)     Dirichlet(Pi)
            19.4 %     ( 26 %)     Slider(Pi)
            48.7 %     ( 34 %)     Multiplier(Alpha)
            27.1 %     ( 32 %)     Slider(Pinvar)
            59.9 %     ( 63 %)     ExtSPR(Tau,V)
            56.5 %     ( 51 %)     ExtTBR(Tau,V)
            71.0 %     ( 72 %)     NNI(Tau,V)
            28.0 %     ( 28 %)     ParsSPR(Tau,V)
            26.3 %     ( 29 %)     Multiplier(V)
            75.5 %     ( 83 %)     Nodeslider(V)
            25.8 %     ( 24 %)     TLMultiplier(V)

      Chain swap information for run 1:

                   1       2       3       4 
           ----------------------------------
         1 |            0.38    0.09    0.01 
         2 |  500282            0.40    0.09 
         3 |  501036  498701            0.39 
         4 |  500616  499890  499475         

      Chain swap information for run 2:

                   1       2       3       4 
           ----------------------------------
         1 |            0.38    0.09    0.01 
         2 |  501251            0.40    0.09 
         3 |  499793  499661            0.39 
         4 |  500390  499885  499020         

      Upper diagonal: Proportion of successful state exchanges between chains
      Lower diagonal: Number of attempted state exchanges between chains

      Chain information:

        ID -- Heat 
       -----------
         1 -- 1.00  (cold chain)
         2 -- 0.91 
         3 -- 0.83 
         4 -- 0.77 

      Heat = 1 / (1 + T * (ID - 1))
         (where T = 0.10 is the temperature and ID is the chain number)

      Using relative burnin (a fraction of samples discarded).
      Setting burnin fraction to 0.25
      Setting sumt conformat to Simple
      Setting sumt contype to Allcompat
      Summarizing trees in files "results/mers_korea_2015/mers_korea_2015_mb.run1.t" and "results/mers_korea_2015/mers_korea_2015_mb.run2.t"
      Using relative burnin ('relburnin=yes'), discarding the first 25 % of sampled trees
      Writing statistics to files results/mers_korea_2015/mers_korea_2015_mb.<parts|tstat|vstat|trprobs|con>
      Examining first file ...
      Found one tree block in file "results/mers_korea_2015/mers_korea_2015_mb.run1.t" with 10001 trees in last block
      Expecting the same number of trees in the last tree block of all files

      Tree reading status:

      0      10      20      30      40      50      60      70      80      90     100
      v-------v-------v-------v-------v-------v-------v-------v-------v-------v-------v
      *********************************************************************************

      Read a total of 20002 trees in 2 files (sampling 15002 of them)
         (Each file contained 10001 trees of which 7501 were sampled)
                                                                                   
      General explanation:                                                          
                                                                                   
      In an unrooted tree, a taxon bipartition (split) is specified by removing a   
      branch, thereby dividing the species into those to the left and those to the  
      right of the branch. Here, taxa to one side of the removed branch are denoted 
      '.' and those to the other side are denoted '*'. Specifically, the '.' symbol 
      is used for the taxa on the same side as the outgroup.                        
                                                                                   
      In a rooted or clock tree, the tree is rooted using the model and not by      
      reference to an outgroup. Each bipartition therefore corresponds to a clade,  
      that is, a group that includes all the descendants of a particular branch in  
      the tree.  Taxa that are included in each clade are denoted using '*', and    
      taxa that are not included are denoted using the '.' symbol.                  
                                                                                   
      The output first includes a key to all the bipartitions with frequency larger 
      or equual to (Minpartfreq) in at least one run. Minpartfreq is a parameter to 
      sumt command and currently it is set to 0.10.  This is followed by a table  
      with statistics for the informative bipartitions (those including at least    
      two taxa), sorted from highest to lowest probability. For each bipartition,   
      the table gives the number of times the partition or split was observed in all
      runs (#obs) and the posterior probability of the bipartition (Probab.), which 
      is the same as the split frequency. If several runs are summarized, this is   
      followed by the minimum split frequency (Min(s)), the maximum frequency       
      (Max(s)), and the standard deviation of frequencies (Stddev(s)) across runs.  
      The latter value should approach 0 for all bipartitions as MCMC runs converge.
                                                                                   
      This is followed by a table summarizing branch lengths, node heights (if a    
      clock model was used) and relaxed clock parameters (if a relaxed clock model  
      was used). The mean, variance, and 95 % credible interval are given for each 
      of these parameters. If several runs are summarized, the potential scale      
      reduction factor (PSRF) is also given; it should approach 1 as runs converge. 
      Node heights will take calibration points into account, if such points were   
      used in the analysis.                                                         
                                                                                    
      Note that Stddev may be unreliable if the partition is not present in all     
      runs (the last column indicates the number of runs that sampled the partition 
      if more than one run is summarized). The PSRF is not calculated at all if     
      the partition is not present in all runs.The PSRF is also sensitive to small  
      sample sizes and it should only be considered a rough guide to convergence    
      since some of the assumptions allowing one to interpret it as a true potential
      scale reduction factor are violated in MrBayes.                               
                                                                                    
      List of taxa in bipartitions:                                                 
                                                                                   
         1 -- KT029139
         2 -- MK796425
         3 -- MT387202
         4 -- KT326819
         5 -- KX034093
         6 -- KT374052
         7 -- KT374054
         8 -- KX034095
         9 -- KT868867
        10 -- KT868868
        11 -- KU308549
        12 -- KT868871
        13 -- KT868870
        14 -- KT868872
        15 -- KT868873
        16 -- KT868875
        17 -- KT868876
        18 -- KT868865
        19 -- KT868866
        20 -- KT868869
        21 -- KT868874
        22 -- KX034094
        23 -- KT374053
        24 -- KX034096
        25 -- KX034097
        26 -- KT374055
        27 -- KT374051
        28 -- KT374056
        29 -- KT868877
        30 -- KX034098
        31 -- KT374057
        32 -- KX034099
        33 -- KT374050
        34 -- KX034100

      Key to taxon bipartitions (saved to file "results/mers_korea_2015/mers_korea_2015_mb.parts"):

      ID -- Partition
      ----------------------------------------
       1 -- .*********************************
       2 -- .*................................
       3 -- ..*...............................
       4 -- ...*..............................
       5 -- ....*.............................
       6 -- .....*............................
       7 -- ......*...........................
       8 -- .......*..........................
       9 -- ........*.........................
      10 -- .........*........................
      11 -- ..........*.......................
      12 -- ...........*......................
      13 -- ............*.....................
      14 -- .............*....................
      15 -- ..............*...................
      16 -- ...............*..................
      17 -- ................*.................
      18 -- .................*................
      19 -- ..................*...............
      20 -- ...................*..............
      21 -- ....................*.............
      22 -- .....................*............
      23 -- ......................*...........
      24 -- .......................*..........
      25 -- ........................*.........
      26 -- .........................*........
      27 -- ..........................*.......
      28 -- ...........................*......
      29 -- ............................*.....
      30 -- .............................*....
      31 -- ..............................*...
      32 -- ...............................*..
      33 -- ................................*.
      34 -- .................................*
      35 -- ...........................*..*...
      36 -- ..........................*.....*.
      37 -- ......*...*..............*........
      38 -- .**...............................
      39 -- .............*..*.................
      40 -- .......*.......*.....*..*..*..*...
      41 -- .....**...*.........*.**.*...*.*.*
      42 -- ...*******************************
      43 -- ...****.****.**.*****.**.*..**.*.*
      44 -- .**.******************************
      45 -- ......*..................*........
      46 -- ......*...*.......................
      47 -- ..........*..............*........
      48 -- .**....*....*..*.....*..*.**..*.*.
      49 -- .......*....*..*.....*..*..*..*...
      50 -- .......*....*..*.....*..*.**..*.*.
      51 -- .......*.......*.....*..*.**..*.*.
      52 -- ............*.............*.....*.
      53 -- .......*.............*............
      54 -- .......*.......*.....*..*.........
      55 -- .......*.......*..................
      56 -- .......*................*.........
      57 -- .......*.......*........*..*..*...
      58 -- ........................*..*..*...
      59 -- ...............*...........*..*...
      60 -- .....................*.....*..*...
      61 -- .....................*..*.........
      62 -- .......*.............*..*..*..*...
      63 -- ...............*.....*............
      64 -- ...............*........*.........
      65 -- ...****.****.**.*****.**.**.**.***
      66 -- ...............*.....*..*..*..*...
      67 -- .......*.......*.....*.....*..*...
      68 -- .......*...................*..*...
      69 -- ...*********.*********************
      70 -- ...****.*******.*****.**.**.**.***
      71 -- ...****.*******.*****.**.*..**.*.*
      72 -- ...***********************.*****.*
      73 -- ...*********.*************.*****.*
      74 -- ....***.****.**.*****.**.*..**.*.*
      ----------------------------------------

      Summary statistics for informative taxon bipartitions
         (saved to file "results/mers_korea_2015/mers_korea_2015_mb.tstat"):

      ID   #obs     Probab.     Sd(s)+      Min(s)      Max(s)   Nruns 
      -----------------------------------------------------------------
      35  15002    1.000000    0.000000    1.000000    1.000000    2
      36  15002    1.000000    0.000000    1.000000    1.000000    2
      37  15001    0.999933    0.000094    0.999867    1.000000    2
      38  14993    0.999400    0.000094    0.999333    0.999467    2
      39  14521    0.967938    0.003111    0.965738    0.970137    2
      40  14470    0.964538    0.001697    0.963338    0.965738    2
      41  13615    0.907546    0.010841    0.899880    0.915211    2
      42   9529    0.635182    0.030260    0.613785    0.656579    2
      43   8096    0.539661    0.032994    0.516331    0.562992    2
      44   5472    0.364751    0.030166    0.343421    0.386082    2
      45   5054    0.336888    0.003582    0.334355    0.339421    2
      46   5018    0.334489    0.002451    0.332756    0.336222    2
      47   4930    0.328623    0.001131    0.327823    0.329423    2
      48   3880    0.258632    0.021305    0.243568    0.273697    2
      49   2976    0.198374    0.004713    0.195041    0.201706    2
      50   2940    0.195974    0.004148    0.193041    0.198907    2
      51   2923    0.194841    0.003488    0.192374    0.197307    2
      52   2874    0.191574    0.002074    0.190108    0.193041    2
      53   2216    0.147714    0.007164    0.142648    0.152780    2
      54   2180    0.145314    0.004525    0.142114    0.148514    2
      55   2161    0.144047    0.006127    0.139715    0.148380    2
      56   2159    0.143914    0.003111    0.141714    0.146114    2
      57   2138    0.142514    0.002074    0.141048    0.143981    2
      58   2130    0.141981    0.007541    0.136648    0.147314    2
      59   2122    0.141448    0.002074    0.139981    0.142914    2
      60   2118    0.141181    0.003017    0.139048    0.143314    2
      61   2116    0.141048    0.003771    0.138382    0.143714    2
      62   2096    0.139715    0.001508    0.138648    0.140781    2
      63   2093    0.139515    0.007070    0.134515    0.144514    2
      64   2089    0.139248    0.007636    0.133849    0.144647    2
      65   2058    0.137182    0.004713    0.133849    0.140515    2
      66   2053    0.136848    0.002357    0.135182    0.138515    2
      67   2047    0.136448    0.002922    0.134382    0.138515    2
      68   2031    0.135382    0.001791    0.134115    0.136648    2
      69   1914    0.127583    0.000377    0.127316    0.127850    2
      70   1910    0.127316    0.001320    0.126383    0.128250    2
      71   1819    0.121250    0.008390    0.115318    0.127183    2
      72   1779    0.118584    0.005373    0.114785    0.122384    2
      73   1740    0.115985    0.003394    0.113585    0.118384    2
      74   1512    0.100787    0.003394    0.098387    0.103186    2
      -----------------------------------------------------------------
      + Convergence diagnostic (standard deviation of split frequencies)
        should approach 0.0 as runs converge.


      Summary statistics for branch and node parameters
         (saved to file "results/mers_korea_2015/mers_korea_2015_mb.vstat"):

                                              95% HPD Interval
                                            --------------------
      Parameter      Mean       Variance     Lower       Upper       Median     PSRF+  Nruns
      --------------------------------------------------------------------------------------
      length[1]     0.000081    0.000000    0.000019    0.000150    0.000076    1.000    2
      length[2]     0.000012    0.000000    0.000000    0.000037    0.000008    1.000    2
      length[3]     0.000012    0.000000    0.000000    0.000037    0.000008    1.000    2
      length[4]     0.000097    0.000000    0.000017    0.000184    0.000090    1.000    2
      length[5]     0.000025    0.000000    0.000001    0.000060    0.000021    1.000    2
      length[6]     0.000012    0.000000    0.000000    0.000038    0.000009    1.000    2
      length[7]     0.000013    0.000000    0.000000    0.000038    0.000009    1.000    2
      length[8]     0.000013    0.000000    0.000000    0.000039    0.000009    1.000    2
      length[9]     0.000013    0.000000    0.000000    0.000038    0.000009    1.000    2
      length[10]    0.000012    0.000000    0.000000    0.000037    0.000009    1.000    2
      length[11]    0.000012    0.000000    0.000000    0.000037    0.000008    1.000    2
      length[12]    0.000037    0.000000    0.000004    0.000082    0.000033    1.000    2
      length[13]    0.000025    0.000000    0.000001    0.000061    0.000021    1.000    2
      length[14]    0.000013    0.000000    0.000000    0.000039    0.000009    1.000    2
      length[15]    0.000013    0.000000    0.000000    0.000038    0.000009    1.000    2
      length[16]    0.000012    0.000000    0.000000    0.000037    0.000009    1.000    2
      length[17]    0.000013    0.000000    0.000000    0.000038    0.000009    1.000    2
      length[18]    0.000013    0.000000    0.000000    0.000038    0.000009    1.000    2
      length[19]    0.000012    0.000000    0.000000    0.000037    0.000009    1.000    2
      length[20]    0.000012    0.000000    0.000000    0.000037    0.000009    1.000    2
      length[21]    0.000013    0.000000    0.000000    0.000038    0.000009    1.000    2
      length[22]    0.000012    0.000000    0.000000    0.000038    0.000008    1.000    2
      length[23]    0.000025    0.000000    0.000001    0.000061    0.000021    1.000    2
      length[24]    0.000012    0.000000    0.000000    0.000038    0.000008    1.000    2
      length[25]    0.000025    0.000000    0.000000    0.000060    0.000021    1.000    2
      length[26]    0.000012    0.000000    0.000000    0.000037    0.000008    1.000    2
      length[27]    0.000013    0.000000    0.000000    0.000039    0.000009    1.000    2
      length[28]    0.000013    0.000000    0.000000    0.000038    0.000009    1.000    2
      length[29]    0.000013    0.000000    0.000000    0.000038    0.000008    1.000    2
      length[30]    0.000012    0.000000    0.000000    0.000038    0.000009    1.000    2
      length[31]    0.000025    0.000000    0.000001    0.000059    0.000021    1.000    2
      length[32]    0.000038    0.000000    0.000003    0.000081    0.000033    1.000    2
      length[33]    0.000013    0.000000    0.000000    0.000038    0.000009    1.000    2
      length[34]    0.000012    0.000000    0.000000    0.000038    0.000008    1.000    2
      length[35]    0.000050    0.000000    0.000007    0.000100    0.000046    1.000    2
      length[36]    0.000051    0.000000    0.000010    0.000104    0.000046    1.000    2
      length[37]    0.000037    0.000000    0.000004    0.000081    0.000033    1.000    2
      length[38]    0.000046    0.000000    0.000004    0.000100    0.000040    1.001    2
      length[39]    0.000025    0.000000    0.000000    0.000060    0.000021    1.000    2
      length[40]    0.000025    0.000000    0.000001    0.000060    0.000021    1.000    2
      length[41]    0.000025    0.000000    0.000001    0.000061    0.000021    1.000    2
      length[42]    0.000039    0.000000    0.000003    0.000084    0.000034    1.000    2
      length[43]    0.000025    0.000000    0.000001    0.000061    0.000021    1.000    2
      length[44]    0.000061    0.000000    0.000015    0.000120    0.000056    1.001    2
      length[45]    0.000012    0.000000    0.000000    0.000038    0.000008    1.000    2
      length[46]    0.000013    0.000000    0.000000    0.000039    0.000009    1.000    2
      length[47]    0.000012    0.000000    0.000000    0.000037    0.000009    1.000    2
      length[48]    0.000025    0.000000    0.000000    0.000061    0.000020    1.001    2
      length[49]    0.000013    0.000000    0.000000    0.000039    0.000009    1.000    2
      length[50]    0.000015    0.000000    0.000000    0.000043    0.000010    1.000    2
      length[51]    0.000013    0.000000    0.000000    0.000041    0.000009    1.000    2
      length[52]    0.000013    0.000000    0.000000    0.000040    0.000009    1.001    2
      length[53]    0.000012    0.000000    0.000000    0.000037    0.000008    1.002    2
      length[54]    0.000013    0.000000    0.000000    0.000039    0.000009    1.000    2
      length[55]    0.000012    0.000000    0.000000    0.000038    0.000008    1.000    2
      length[56]    0.000013    0.000000    0.000000    0.000038    0.000008    1.000    2
      length[57]    0.000013    0.000000    0.000000    0.000038    0.000009    1.000    2
      length[58]    0.000012    0.000000    0.000000    0.000036    0.000009    1.000    2
      length[59]    0.000013    0.000000    0.000000    0.000039    0.000009    1.000    2
      length[60]    0.000013    0.000000    0.000000    0.000037    0.000009    1.000    2
      length[61]    0.000013    0.000000    0.000000    0.000039    0.000009    1.000    2
      length[62]    0.000012    0.000000    0.000000    0.000037    0.000008    1.002    2
      length[63]    0.000013    0.000000    0.000000    0.000038    0.000009    1.000    2
      length[64]    0.000012    0.000000    0.000000    0.000037    0.000008    1.000    2
      length[65]    0.000015    0.000000    0.000000    0.000045    0.000010    1.007    2
      length[66]    0.000012    0.000000    0.000000    0.000037    0.000009    1.000    2
      length[67]    0.000012    0.000000    0.000000    0.000038    0.000009    1.000    2
      length[68]    0.000013    0.000000    0.000000    0.000038    0.000009    1.000    2
      length[69]    0.000013    0.000000    0.000000    0.000039    0.000009    1.000    2
      length[70]    0.000013    0.000000    0.000000    0.000040    0.000009    0.999    2
      length[71]    0.000014    0.000000    0.000000    0.000041    0.000009    1.000    2
      length[72]    0.000013    0.000000    0.000000    0.000040    0.000009    0.999    2
      length[73]    0.000014    0.000000    0.000000    0.000043    0.000009    1.000    2
      length[74]    0.000020    0.000000    0.000000    0.000052    0.000015    0.999    2
      --------------------------------------------------------------------------------------
      + Convergence diagnostic (PSRF = Potential Scale Reduction Factor; Gelman
        and Rubin, 1992) should approach 1.0 as runs converge. NA is reported when
        deviation of parameter values within all runs is 0 or when a parameter
        value (a branch length, for instance) is not sampled in all runs.


      Summary statistics for partitions with frequency >= 0.10 in at least one run:
          Average standard deviation of split frequencies = 0.006045
          Maximum standard deviation of split frequencies = 0.032994
          Average PSRF for parameter values (excluding NA and >10.0) = 1.000
          Maximum PSRF for parameter values = 1.007


      Clade credibility values:

      /----------------------------------------------------------------- KT029139 (1)
      |                                                                               
      |                                                         /------- MK796425 (2)
      |---------------------------100---------------------------+                     
      |                                                         \------- MT387202 (3)
      |                                                                               
      |             /--------------------------------------------------- KT326819 (4)
      |             |                                                                 
      |             |                                           /------- KX034093 (5)
      |             |                                    /---5--+                     
      |             |                                    |      \------- KT868868 (10)
      |             |              /----------0----------+                            
      |             |              |                     |      /------- KT868873 (15)
      |             |              |                     \---5--+                     
      |             |              |                            \------- KT868869 (20)
      |             |              |                                                  
      |             |              |                            /------- KT868867 (9)
      |             |              |             /-------5------+                     
      |      /--54--+       /---1--+             |              \------- KT868877 (29)
      |      |      |       |      |             |                                    
      +      |      |       |      |      /---0--+       /-------------- KT868871 (12)
      |      |      |       |      |      |      |       |                            
      |      |      |       |      |      |      \---5---+      /------- KT868872 (14)
      |      |      |       |      |      |              \--97--+                     
      |      |      |       |      \---0--+                     \------- KT868876 (17)
      |      |      |       |             |                                           
      |      |      |       |             |                     /------- KT868865 (18)
      |      |      |       |             \----------5----------+                     
      |      |      |       |                                   \------- KT868866 (19)
      |      |      |       |                                                         
      |      |      \---10--+                                   /------- KT374052 (6)
      |      |              |             /----------8----------+                     
      |      |              |             |                     \------- KT374053 (23)
      |      |              |             |                                           
      |      |              |             |                     /------- KT868874 (21)
      |      |              |      /---8--+      /-------8------+                     
      |      |              |      |      |      |              \------- KX034100 (34)
      |      |              |      |      |      |                                    
      |      |              |      |      \---1--+              /------- KX034096 (24)
      |      |              |      |             |       /---8--+                     
      \--64--+              |      |             |       |      \------- KX034098 (30)
             |              \--91--+             \---3---+                            
             |                     |                     \-------------- KX034099 (32)
             |                     |                                                  
             |                     |                            /------- KT374054 (7)
             |                     |                     /--34--+                     
             |                     |                     |      \------- KT374055 (26)
             |                     \---------100---------+                            
             |                                           \-------------- KU308549 (11)
             |                                                                        
             |                                                  /------- KX034095 (8)
             |                                           /--15--+                     
             |                                           |      \------- KX034094 (22)
             |                                   /---15--+                            
             |                                   |       |      /------- KT868875 (16)
             |                                   |       \--14--+                     
             |                            /--96--+              \------- KX034097 (25)
             |                            |      |                                    
             |                            |      |              /------- KT374056 (28)
             |                     /--20--+      \------100-----+                     
             |                     |      |                     \------- KT374057 (31)
             |                     |      |                                           
             \----------20---------+      \----------------------------- KT868870 (13)
                                   |                                                  
                                   |                            /------- KT374051 (27)
                                   \-------------100------------+                     
                                                                \------- KT374050 (33)
                                                                                      

      Phylogram (based on average branch lengths):

      /--------------------------------- KT029139 (1)
      |                                                                               
      |                /---- MK796425 (2)
      |----------------+                                                              
      |                \---- MT387202 (3)
      |                                                                               
      |                       /--------------------------------------- KT326819 (4)
      |                       |                                                       
      |                       |                 /--------- KX034093 (5)
      |                       |             /---+                                     
      |                       |             |   \--- KT868868 (10)
      |                       |         /---+                                         
      |                       |         |   |   /---- KT868873 (15)
      |                       |         |   \---+                                     
      |                       |         |       \---- KT868869 (20)
      |                       |         |                                             
      |                       |         |          /---- KT868867 (9)
      |                       |         |      /---+                                  
      |              /--------+     /---+      |   \---- KT868877 (29)
      |              |        |     |   |      |                                      
      +              |        |     |   |   /--+   /-------------- KT868871 (12)
      |              |        |     |   |   |  |   |                                  
      |              |        |     |   |   |  \---+        /---- KT868872 (14)
      |              |        |     |   |   |      \--------+                         
      |              |        |     |   \---+               \---- KT868876 (17)
      |              |        |     |       |                                         
      |              |        |     |       |   /---- KT868865 (18)
      |              |        |     |       \---+                                     
      |              |        |     |           \---- KT868866 (19)
      |              |        |     |                                                 
      |              |        \-----+                /---- KT374052 (6)
      |              |              |             /--+                                
      |              |              |             |  \--------- KT374053 (23)
      |              |              |             |                                   
      |              |              |             |      /--- KT868874 (21)
      |              |              |        /----+  /---+                            
      |              |              |        |    |  |   \--- KX034100 (34)
      |              |              |        |    |  |                                
      |              |              |        |    \--+       /--- KX034096 (24)
      |              |              |        |       |   /---+                        
      \--------------+              |        |       |   |   \--- KX034098 (30)
                     |              \--------+       \---+                            
                     |                       |           \-------------- KX034099 (32)
                     |                       |                                        
                     |                       |                 /---- KT374054 (7)
                     |                       |              /--+                      
                     |                       |              |  \---- KT374055 (26)
                     |                       \--------------+                         
                     |                                      \--- KU308549 (11)
                     |                                                                
                     |                        /--- KX034095 (8)
                     |                    /---+                                       
                     |                    |   \--- KX034094 (22)
                     |                /---+                                           
                     |                |   |   /--- KT868875 (16)
                     |                |   \---+                                       
                     |       /--------+       \-------- KX034097 (25)
                     |       |        |                                               
                     |       |        |                   /--- KT374056 (28)
                     |   /---+        \-------------------+                           
                     |   |   |                            \--------- KT374057 (31)
                     |   |   |                                                        
                     \---+   \--------- KT868870 (13)
                         |                                                            
                         |                   /---- KT374051 (27)
                         \-------------------+                                        
                                             \---- KT374050 (33)
                                                                                      
      |-------| 0.000 expected changes per site

      Calculating tree probabilities...

      Credible sets of trees (15002 trees sampled):
         50 % credible set contains 7501 trees
         90 % credible set contains 13502 trees
         95 % credible set contains 14252 trees
         99 % credible set contains 14852 trees

      Using relative burnin (a fraction of samples discarded).
      Setting burnin fraction to 0.25
      Summarizing parameters in files results/mers_korea_2015/mers_korea_2015_mb.run1.p and results/mers_korea_2015/mers_korea_2015_mb.run2.p
      Writing summary statistics to file results/mers_korea_2015/mers_korea_2015_mb.pstat
      Using relative burnin ('relburnin=yes'), discarding the first 25 % of samples

      Below are rough plots of the generation (x-axis) versus the log   
      probability of observing the data (y-axis). You can use these     
      graphs to determine what the burn in for your analysis should be. 
      When the log probability starts to plateau you may be at station- 
      arity. Sample trees and parameters after the log probability      
      plateaus. Of course, this is not a guarantee that you are at sta- 
      tionarity. Also examine the convergence diagnostics provided by   
      the 'sump' and 'sumt' commands for all the parameters in your     
      model. Remember that the burn in is the number of samples to dis- 
      card. There are a total of ngen / samplefreq samples taken during 
      a MCMC analysis.                                                  

      Overlay plot for both runs:
      (1 = Run number 1; 2 = Run number 2; * = Both runs)

      +------------------------------------------------------------+ -41599.18
      |                                                        2   |
      |    1                                          1            |
      |      2                                  *            2     |
      |              2   1                  2              2 1     |
      | 21    2       1                 1                1    2    |
      |2        1         2  1                       222        2  |
      |         2     2   1 1       1  2  21  11          2        |
      |   2    2 1     112  2 2  2   111 11         1   2 1 2 1 12 |
      |     21 1  21          1*  *  22      1         112 1       |
      | 1 1         *   2          *       2 2 2 2                2|
      |1   21      2       2        2   2     2  1 2        1  1  1|
      |  2    1   1             2        2  1     * 2              |
      |                2   1                       1             1 |
      |          2   1           1                   1             |
      |                      2  1                                  |
      +------+-----+-----+-----+-----+-----+-----+-----+-----+-----+ -41603.75
      ^                                                            ^
      750000                                                       3000000


      Estimated marginal likelihoods for runs sampled in files
         "results/mers_korea_2015/mers_korea_2015_mb.run1.p" and "results/mers_korea_2015/mers_korea_2015_mb.run2.p":
         (Use the harmonic mean for Bayes factor comparisons of models)

         (Values are saved to the file results/mers_korea_2015/mers_korea_2015_mb.lstat)

      Run   Arithmetic mean   Harmonic mean
      --------------------------------------
        1     -41592.18        -41624.03
        2     -41592.62        -41617.93
      --------------------------------------
      TOTAL   -41592.38        -41623.34
      --------------------------------------


      Model parameter summaries over the runs sampled in files
         "results/mers_korea_2015/mers_korea_2015_mb.run1.p" and "results/mers_korea_2015/mers_korea_2015_mb.run2.p":
         Summaries are based on a total of 15002 samples from 2 runs.
         Each run produced 10001 samples of which 7501 samples were included.
         Parameter summaries saved to file "results/mers_korea_2015/mers_korea_2015_mb.pstat".

                                            95% HPD Interval
                                          --------------------
      Parameter      Mean      Variance     Lower       Upper       Median    min ESS*  avg ESS    PSRF+ 
      --------------------------------------------------------------------------------------------------
      TL          0.001296    0.000000    0.000859    0.001749    0.001278   7044.32   7064.57    1.000
      r(A<->C)    0.103935    0.002379    0.022601    0.202889    0.096708   1568.21   1848.17    1.000
      r(A<->G)    0.308316    0.005447    0.174281    0.457152    0.305067   2024.90   2160.85    1.001
      r(A<->T)    0.051310    0.000870    0.005066    0.109178    0.045510   3424.04   3443.76    1.000
      r(C<->G)    0.067706    0.001961    0.001253    0.153638    0.058397   1289.73   1499.36    1.000
      r(C<->T)    0.447437    0.006278    0.288532    0.597506    0.445981   1628.76   1864.38    1.003
      r(G<->T)    0.021295    0.000461    0.000001    0.064337    0.014532   2726.97   2991.54    1.000
      pi(A)       0.262371    0.000006    0.257538    0.267482    0.262365   2833.08   2973.78    1.000
      pi(C)       0.201952    0.000005    0.197527    0.206673    0.201966   2980.01   3082.34    1.000
      pi(G)       0.209195    0.000005    0.204668    0.213654    0.209152   2782.42   2933.56    1.000
      pi(T)       0.326482    0.000007    0.321258    0.331708    0.326504   3026.33   3035.94    1.000
      alpha       0.699012    0.715273    0.000057    2.364274    0.399542   3726.30   4531.32    1.001
      pinvar      0.977174    0.000438    0.942523    0.996772    0.982620   3129.01   3260.61    1.000
      --------------------------------------------------------------------------------------------------
      * Convergence diagnostic (ESS = Estimated Sample Size); min and avg values
        correspond to minimal and average ESS among runs. 
        ESS value below 100 may indicate that the parameter is undersampled. 
      + Convergence diagnostic (PSRF = Potential Scale Reduction Factor; Gelman
        and Rubin, 1992) should approach 1.0 as runs converge.


   Exiting mrbayes block
   Reached end of file

   Tasks completed, exiting program because mode is noninteractive
   To return control to the command line after completion of file processing, 
   set mode to interactive with 'mb -i <filename>' (i is for interactive)
   or use 'set mode=interactive'

