IQ-TREE multicore version 2.3.6 for Linux x86 64-bit built Aug  1 2024
Developed by Bui Quang Minh, Nguyen Lam Tung, Olga Chernomor, Heiko Schmidt,
Dominik Schrempf, Michael Woodhams, Ly Trong Nhan, Thomas Wong

Host:    07be82772fbe (AVX2, FMA3, 503 GB RAM)
Command: /workspaces/maximum_likelihood_vs_bayesian_20260908_230005_3f2f2099/code/bin/iqtree2 -s /workspaces/maximum_likelihood_vs_bayesian_20260908_230005_3f2f2099/datasets/mers_korea_2015/analysis.fasta -m MFP --prefix results/mers_korea_2015/mers_korea_2015_mlrep5 -T 2 -redo --quiet -seed 777
Seed:    777 (Using SPRNG - Scalable Parallel Random Number Generator)
Time:    Wed Sep  9 00:25:09 2026
Kernel:  AVX+FMA - 2 threads (32 CPU cores detected)

Reading alignment file /workspaces/maximum_likelihood_vs_bayesian_20260908_230005_3f2f2099/datasets/mers_korea_2015/analysis.fasta ... Fasta format detected
Reading fasta file: done in 0.0198773 secs using 99.99% CPU
Alignment most likely contains DNA/RNA sequences
Alignment has 34 sequences with 30119 columns, 75 distinct patterns
20 parsimony-informative, 14 singleton sites, 30085 constant sites
          Gap/Ambiguity  Composition  p-value
Analyzing sequences: done in 1.5229e-05 secs using 85.36% CPU
   1  KT029139    0.04%    passed    100.00%
   2  MK796425    0.04%    passed     99.99%
   3  MT387202    0.04%    passed     99.99%
   4  KT326819    0.41%    passed     99.71%
   5  KX034093    1.36%    passed     99.72%
   6  KT374052    0.96%    passed     99.84%
   7  KT374054    0.96%    passed     99.80%
   8  KX034095    0.00%    passed     99.93%
   9  KT868867    0.17%    passed    100.00%
  10  KT868868    0.17%    passed    100.00%
  11  KU308549    0.00%    passed     99.92%
  12  KT868871    0.17%    passed    100.00%
  13  KT868870    0.18%    passed    100.00%
  14  KT868872    0.17%    passed    100.00%
  15  KT868873    0.17%    passed    100.00%
  16  KT868875    0.17%    passed    100.00%
  17  KT868876    0.17%    passed    100.00%
  18  KT868865    0.17%    passed    100.00%
  19  KT868866    0.17%    passed    100.00%
  20  KT868869    0.17%    passed    100.00%
  21  KT868874    0.17%    passed    100.00%
  22  KX034094    0.03%    passed     99.99%
  23  KT374053    0.96%    passed     99.87%
  24  KX034096    0.12%    passed     99.85%
  25  KX034097    0.00%    passed     99.92%
  26  KT374055    0.96%    passed     99.80%
  27  KT374051    0.96%    passed     99.84%
  28  KT374056    0.96%    passed     99.76%
  29  KT868877    0.18%    passed    100.00%
  30  KX034098    0.04%    passed    100.00%
  31  KT374057    0.96%    passed     99.75%
  32  KX034099    0.03%    passed     99.99%
  33  KT374050    0.96%    passed     99.84%
  34  KX034100    0.00%    passed     99.91%
****  TOTAL       0.35%  0 sequences failed composition chi2 test (p-value<5%; df=3)
NOTE: MT387202 is identical to MK796425 but kept for subsequent analysis
NOTE: KT374055 is identical to KT374054 but kept for subsequent analysis
NOTE: KT868873 is identical to KT868868 but kept for subsequent analysis
NOTE: KT868876 is identical to KT868872 but kept for subsequent analysis
NOTE: KT374050 is identical to KT374051 but kept for subsequent analysis
NOTE: 2 identical sequences (see below) will be ignored for subsequent analysis
NOTE: KT868865 (identical to KT868868) is ignored but added at the end
NOTE: KT868866 (identical to KT868868) is ignored but added at the end
Alignment was printed to results/mers_korea_2015/mers_korea_2015_mlrep5.uniqueseq.phy

For your convenience alignment with unique sequences printed to results/mers_korea_2015/mers_korea_2015_mlrep5.uniqueseq.phy


Create initial parsimony tree by phylogenetic likelihood library (PLL)... 0.001 seconds
WARNING: Number of threads seems too high for short alignments. Use -T AUTO to determine best number of threads.
Perform fast likelihood tree search using GTR+I+G model...
Estimate model parameters (epsilon = 5.000)
Perform nearest neighbor interchange...
Estimate model parameters (epsilon = 1.000)
1. Initial log-likelihood: -41577.337
Optimal log-likelihood: -41577.324
Rate parameters:  A-C: 12.14589  A-G: 42.08354  A-T: 4.28412  C-G: 12.74003  C-T: 44.92059  G-T: 1.00000
Base frequencies:  A: 0.262  C: 0.202  G: 0.209  T: 0.326
Proportion of invariable sites: 0.500
Gamma shape alpha: 0.020
Parameters optimization took 1 rounds (0.005 sec)
Time for fast ML tree search: 0.032 seconds

NOTE: ModelFinder requires 0 MB RAM!
ModelFinder will test up to 484 DNA models (sample size: 30119 epsilon: 0.100) ...
 No. Model         -LnL         df  AIC          AICc         BIC
WARNING: Number of threads seems too high for short alignments. Use -T AUTO to determine best number of threads.
  1  GTR+F         41585.485    69  83308.969    83309.290    83882.560
WARNING: Number of threads seems too high for short alignments. Use -T AUTO to determine best number of threads.
  2  GTR+F+I       41568.716    70  83277.433    83277.764    83859.337
WARNING: Number of threads seems too high for short alignments. Use -T AUTO to determine best number of threads.
  3  GTR+F+G4      41579.954    70  83299.909    83300.240    83881.813
WARNING: Number of threads seems too high for short alignments. Use -T AUTO to determine best number of threads.
  4  GTR+F+I+G4    41577.254    71  83296.509    83296.849    83886.726
WARNING: Number of threads seems too high for short alignments. Use -T AUTO to determine best number of threads.
  5  GTR+F+R2      41582.624    71  83307.248    83307.588    83897.465
WARNING: Number of threads seems too high for short alignments. Use -T AUTO to determine best number of threads.
  6  GTR+F+R3      41581.787    73  83309.575    83309.934    83916.417
WARNING: Number of threads seems too high for short alignments. Use -T AUTO to determine best number of threads.
 14  GTR+F+I+R2    41579.827    72  83303.655    83304.004    83902.184
WARNING: Number of threads seems too high for short alignments. Use -T AUTO to determine best number of threads.
 15  GTR+F+I+R3    41578.561    74  83305.122    83305.492    83920.278
WARNING: Number of threads seems too high for short alignments. Use -T AUTO to determine best number of threads.
 24  SYM+I         42154.556    67  84443.111    84443.415    85000.076
WARNING: Number of threads seems too high for short alignments. Use -T AUTO to determine best number of threads.
 46  TVM+F+I       41568.731    69  83275.461    83275.783    83849.052
WARNING: Number of threads seems too high for short alignments. Use -T AUTO to determine best number of threads.
 68  TVMe+I        42154.798    66  84441.597    84441.891    84990.249
WARNING: Number of threads seems too high for short alignments. Use -T AUTO to determine best number of threads.
 90  TIM3+F+I      41569.511    68  83275.022    83275.335    83840.300
WARNING: Number of threads seems too high for short alignments. Use -T AUTO to determine best number of threads.
112  TIM3e+I       42155.465    65  84440.929    84441.215    84981.269
WARNING: Number of threads seems too high for short alignments. Use -T AUTO to determine best number of threads.
134  TIM2+F+I      41571.224    68  83278.449    83278.761    83843.726
WARNING: Number of threads seems too high for short alignments. Use -T AUTO to determine best number of threads.
156  TIM2e+I       42156.130    65  84442.261    84442.546    84982.600
WARNING: Number of threads seems too high for short alignments. Use -T AUTO to determine best number of threads.
178  TIM+F+I       41571.128    68  83278.256    83278.568    83843.534
WARNING: Number of threads seems too high for short alignments. Use -T AUTO to determine best number of threads.
200  TIMe+I        42156.262    65  84442.524    84442.809    84982.863
WARNING: Number of threads seems too high for short alignments. Use -T AUTO to determine best number of threads.
222  TPM3u+F+I     41570.424    67  83274.848    83275.151    83831.813
WARNING: Number of threads seems too high for short alignments. Use -T AUTO to determine best number of threads.
244  TPM3+I        42156.087    64  84440.175    84440.452    84972.201
WARNING: Number of threads seems too high for short alignments. Use -T AUTO to determine best number of threads.
266  TPM2u+F+I     41571.720    67  83277.441    83277.744    83834.406
WARNING: Number of threads seems too high for short alignments. Use -T AUTO to determine best number of threads.
288  TPM2+I        42156.739    64  84441.477    84441.754    84973.503
WARNING: Number of threads seems too high for short alignments. Use -T AUTO to determine best number of threads.
310  K3Pu+F+I      41571.683    67  83277.365    83277.668    83834.330
WARNING: Number of threads seems too high for short alignments. Use -T AUTO to determine best number of threads.
332  K3P+I         42157.036    64  84442.072    84442.349    84974.098
WARNING: Number of threads seems too high for short alignments. Use -T AUTO to determine best number of threads.
354  TN+F+I        41571.185    67  83276.370    83276.673    83833.335
WARNING: Number of threads seems too high for short alignments. Use -T AUTO to determine best number of threads.
376  TNe+I         42156.250    64  84440.501    84440.778    84972.527
WARNING: Number of threads seems too high for short alignments. Use -T AUTO to determine best number of threads.
398  HKY+F+I       41571.530    66  83275.060    83275.354    83823.712
WARNING: Number of threads seems too high for short alignments. Use -T AUTO to determine best number of threads.
420  K2P+I         42156.878    63  84439.755    84440.024    84963.469
WARNING: Number of threads seems too high for short alignments. Use -T AUTO to determine best number of threads.
442  F81+F+I       41588.472    65  83306.945    83307.230    83847.284
WARNING: Number of threads seems too high for short alignments. Use -T AUTO to determine best number of threads.
464  JC+I          42173.614    62  84471.229    84471.489    84986.629
Akaike Information Criterion:           TPM3u+F+I
Corrected Akaike Information Criterion: TPM3u+F+I
Bayesian Information Criterion:         HKY+F+I
Best-fit model: HKY+F+I chosen according to BIC

All model information printed to results/mers_korea_2015/mers_korea_2015_mlrep5.model.gz
CPU time for ModelFinder: 0.366 seconds (0h:0m:0s)
Wall-clock time for ModelFinder: 0.209 seconds (0h:0m:0s)

NOTE: 0 MB RAM (0 GB) is required!
WARNING: Number of threads seems too high for short alignments. Use -T AUTO to determine best number of threads.
Estimate model parameters (epsilon = 0.100)
1. Initial log-likelihood: -41588.480
2. Current log-likelihood: -41573.407
Optimal log-likelihood: -41573.352
Rate parameters:  A-C: 1.00000  A-G: 18.01824  A-T: 1.00000  C-G: 1.00000  C-T: 18.01824  G-T: 1.00000
Base frequencies:  A: 0.262  C: 0.202  G: 0.209  T: 0.326
Proportion of invariable sites: 0.994
Parameters optimization took 2 rounds (0.003 sec)
Wrote distance file to... 
Computing ML distances based on estimated model parameters...
Calculating distance matrix: done in 0.000947078 secs using 200.3% CPU
Computing ML distances took 0.001033 sec (of wall-clock time) 0.005303 sec (of CPU time)
Setting up auxiliary I and S matrices: done in 0.00010531 secs using 97.81% CPU
Computing RapidNJ tree took 0.000521 sec (of wall-clock time) 0.000520 sec (of CPU time)
Log-likelihood of RapidNJ tree: -41574.522
--------------------------------------------------------------------
|             INITIALIZING CANDIDATE TREE SET                      |
--------------------------------------------------------------------
Generating 98 parsimony trees... 0.082 second
Computing log-likelihood of 98 initial trees ... 0.066 seconds
Current best score: -41572.886

Do NNI search on 20 best initial trees
Estimate model parameters (epsilon = 0.100)
BETTER TREE FOUND at iteration 1: -41572.834
Iteration 10 / LogL: -41572.850 / Time: 0h:0m:0s
Iteration 20 / LogL: -41572.849 / Time: 0h:0m:0s
Finish initializing candidate tree set (20)
Current best tree score: -41572.834 / CPU time: 0.264
Number of iterations: 20
--------------------------------------------------------------------
|               OPTIMIZING CANDIDATE TREE SET                      |
--------------------------------------------------------------------
Estimate model parameters (epsilon = 0.100)
BETTER TREE FOUND at iteration 22: -41567.914
BETTER TREE FOUND at iteration 23: -41567.914
Estimate model parameters (epsilon = 0.100)
BETTER TREE FOUND at iteration 27: -41567.877
Iteration 30 / LogL: -41567.904 / Time: 0h:0m:0s (0h:0m:1s left)
Iteration 40 / LogL: -41567.891 / Time: 0h:0m:0s (0h:0m:1s left)
Iteration 50 / LogL: -41568.010 / Time: 0h:0m:0s (0h:0m:0s left)
Iteration 60 / LogL: -41567.892 / Time: 0h:0m:0s (0h:0m:0s left)
Iteration 70 / LogL: -41567.961 / Time: 0h:0m:1s (0h:0m:0s left)
Iteration 80 / LogL: -41568.154 / Time: 0h:0m:1s (0h:0m:0s left)
Iteration 90 / LogL: -41567.945 / Time: 0h:0m:1s (0h:0m:0s left)
Iteration 100 / LogL: -41567.907 / Time: 0h:0m:1s (0h:0m:0s left)
BETTER TREE FOUND at iteration 106: -41567.877
Estimate model parameters (epsilon = 0.100)
BETTER TREE FOUND at iteration 107: -41567.844
Iteration 110 / LogL: -41567.948 / Time: 0h:0m:1s (0h:0m:1s left)
Iteration 120 / LogL: -41567.845 / Time: 0h:0m:1s (0h:0m:1s left)
Iteration 130 / LogL: -41567.864 / Time: 0h:0m:1s (0h:0m:0s left)
Iteration 140 / LogL: -41567.954 / Time: 0h:0m:1s (0h:0m:0s left)
Iteration 150 / LogL: -41567.948 / Time: 0h:0m:1s (0h:0m:0s left)
Estimate model parameters (epsilon = 0.100)
BETTER TREE FOUND at iteration 156: -41567.806
Iteration 160 / LogL: -41568.085 / Time: 0h:0m:2s (0h:0m:1s left)
Iteration 170 / LogL: -41567.849 / Time: 0h:0m:2s (0h:0m:0s left)
Iteration 180 / LogL: -41567.845 / Time: 0h:0m:2s (0h:0m:0s left)
Iteration 190 / LogL: -41567.951 / Time: 0h:0m:2s (0h:0m:0s left)
Iteration 200 / LogL: -41567.941 / Time: 0h:0m:2s (0h:0m:0s left)
BETTER TREE FOUND at iteration 203: -41567.802
Iteration 210 / LogL: -41567.853 / Time: 0h:0m:2s (0h:0m:1s left)
Iteration 220 / LogL: -41567.960 / Time: 0h:0m:2s (0h:0m:0s left)
Iteration 230 / LogL: -41568.130 / Time: 0h:0m:2s (0h:0m:0s left)
Iteration 240 / LogL: -41567.857 / Time: 0h:0m:2s (0h:0m:0s left)
Iteration 250 / LogL: -41567.861 / Time: 0h:0m:3s (0h:0m:0s left)
BETTER TREE FOUND at iteration 253: -41567.801
Iteration 260 / LogL: -41567.864 / Time: 0h:0m:3s (0h:0m:1s left)
BETTER TREE FOUND at iteration 270: -41567.798
Iteration 270 / LogL: -41567.798 / Time: 0h:0m:3s (0h:0m:1s left)
Iteration 280 / LogL: -41567.878 / Time: 0h:0m:3s (0h:0m:1s left)
Iteration 290 / LogL: -41567.890 / Time: 0h:0m:3s (0h:0m:0s left)
Iteration 300 / LogL: -41567.984 / Time: 0h:0m:3s (0h:0m:0s left)
Iteration 310 / LogL: -41567.939 / Time: 0h:0m:3s (0h:0m:0s left)
BETTER TREE FOUND at iteration 315: -41567.796
Iteration 320 / LogL: -41567.798 / Time: 0h:0m:3s (0h:0m:1s left)
BETTER TREE FOUND at iteration 326: -41567.795
Iteration 330 / LogL: -41567.971 / Time: 0h:0m:3s (0h:0m:1s left)
Iteration 340 / LogL: -41567.833 / Time: 0h:0m:4s (0h:0m:0s left)
Iteration 350 / LogL: -41577.358 / Time: 0h:0m:4s (0h:0m:0s left)
Iteration 360 / LogL: -41567.920 / Time: 0h:0m:4s (0h:0m:0s left)
Iteration 370 / LogL: -41567.863 / Time: 0h:0m:4s (0h:0m:0s left)
Iteration 380 / LogL: -41567.887 / Time: 0h:0m:4s (0h:0m:0s left)
BETTER TREE FOUND at iteration 386: -41567.795
Iteration 390 / LogL: -41567.911 / Time: 0h:0m:4s (0h:0m:1s left)
Iteration 400 / LogL: -41567.919 / Time: 0h:0m:4s (0h:0m:0s left)
Iteration 410 / LogL: -41571.570 / Time: 0h:0m:4s (0h:0m:0s left)
Iteration 420 / LogL: -41567.917 / Time: 0h:0m:5s (0h:0m:0s left)
Iteration 430 / LogL: -41567.795 / Time: 0h:0m:5s (0h:0m:0s left)
Iteration 440 / LogL: -41567.897 / Time: 0h:0m:5s (0h:0m:0s left)
Iteration 450 / LogL: -41567.824 / Time: 0h:0m:5s (0h:0m:0s left)
BETTER TREE FOUND at iteration 456: -41567.795
Iteration 460 / LogL: -41568.083 / Time: 0h:0m:5s (0h:0m:1s left)
Iteration 470 / LogL: -41567.859 / Time: 0h:0m:5s (0h:0m:0s left)
Iteration 480 / LogL: -41567.869 / Time: 0h:0m:5s (0h:0m:0s left)
Iteration 490 / LogL: -41567.866 / Time: 0h:0m:5s (0h:0m:0s left)
BETTER TREE FOUND at iteration 500: -41567.795
Iteration 500 / LogL: -41567.795 / Time: 0h:0m:5s (0h:0m:1s left)
Iteration 510 / LogL: -41570.544 / Time: 0h:0m:6s (0h:0m:1s left)
Iteration 520 / LogL: -41567.825 / Time: 0h:0m:6s (0h:0m:0s left)
Iteration 530 / LogL: -41567.890 / Time: 0h:0m:6s (0h:0m:0s left)
Iteration 540 / LogL: -41578.855 / Time: 0h:0m:6s (0h:0m:0s left)
Iteration 550 / LogL: -41567.831 / Time: 0h:0m:6s (0h:0m:0s left)
BETTER TREE FOUND at iteration 554: -41567.795
Iteration 560 / LogL: -41567.887 / Time: 0h:0m:6s (0h:0m:1s left)
Iteration 570 / LogL: -41567.835 / Time: 0h:0m:6s (0h:0m:0s left)
Iteration 580 / LogL: -41567.944 / Time: 0h:0m:6s (0h:0m:0s left)
Iteration 590 / LogL: -41567.947 / Time: 0h:0m:6s (0h:0m:0s left)
Iteration 600 / LogL: -41567.867 / Time: 0h:0m:7s (0h:0m:0s left)
Iteration 610 / LogL: -41567.961 / Time: 0h:0m:7s (0h:0m:0s left)
Iteration 620 / LogL: -41567.817 / Time: 0h:0m:7s (0h:0m:0s left)
BETTER TREE FOUND at iteration 630: -41567.794
Iteration 630 / LogL: -41567.794 / Time: 0h:0m:7s (0h:0m:1s left)
Iteration 640 / LogL: -41567.824 / Time: 0h:0m:7s (0h:0m:1s left)
BETTER TREE FOUND at iteration 650: -41567.789
Iteration 650 / LogL: -41567.789 / Time: 0h:0m:7s (0h:0m:1s left)
BETTER TREE FOUND at iteration 651: -41567.789
Iteration 660 / LogL: -41567.912 / Time: 0h:0m:7s (0h:0m:1s left)
Iteration 670 / LogL: -41567.907 / Time: 0h:0m:7s (0h:0m:0s left)
Iteration 680 / LogL: -41567.818 / Time: 0h:0m:7s (0h:0m:0s left)
Iteration 690 / LogL: -41567.955 / Time: 0h:0m:8s (0h:0m:0s left)
Iteration 700 / LogL: -41567.809 / Time: 0h:0m:8s (0h:0m:0s left)
Iteration 710 / LogL: -41567.837 / Time: 0h:0m:8s (0h:0m:0s left)
Iteration 720 / LogL: -41567.931 / Time: 0h:0m:8s (0h:0m:0s left)
Iteration 730 / LogL: -41567.828 / Time: 0h:0m:8s (0h:0m:0s left)
Iteration 740 / LogL: -41567.848 / Time: 0h:0m:8s (0h:0m:0s left)
Iteration 750 / LogL: -41567.824 / Time: 0h:0m:8s (0h:0m:0s left)
TREE SEARCH COMPLETED AFTER 752 ITERATIONS / Time: 0h:0m:8s

--------------------------------------------------------------------
|                    FINALIZING TREE SEARCH                        |
--------------------------------------------------------------------
Performs final model parameters optimization
Estimate model parameters (epsilon = 0.010)
1. Initial log-likelihood: -41567.789
2. Current log-likelihood: -41567.778
3. Current log-likelihood: -41567.767
4. Current log-likelihood: -41567.756
5. Current log-likelihood: -41567.746
6. Current log-likelihood: -41567.735
7. Current log-likelihood: -41567.725
8. Current log-likelihood: -41567.715
9. Current log-likelihood: -41567.705
Optimal log-likelihood: -41567.695
Rate parameters:  A-C: 1.00000  A-G: 16.44384  A-T: 1.00000  C-G: 1.00000  C-T: 16.44384  G-T: 1.00000
Base frequencies:  A: 0.262  C: 0.202  G: 0.209  T: 0.326
Proportion of invariable sites: 0.995
Parameters optimization took 9 rounds (0.009 sec)
BEST SCORE FOUND : -41567.695
Total tree length: 0.001

Total number of iterations: 752
CPU time used for tree search: 12.202 sec (0h:0m:12s)
Wall-clock time used for tree search: 8.503 sec (0h:0m:8s)
Total CPU time used: 12.606 sec (0h:0m:12s)
Total wall-clock time used: 8.740 sec (0h:0m:8s)

Analysis results written to: 
  IQ-TREE report:                results/mers_korea_2015/mers_korea_2015_mlrep5.iqtree
  Maximum-likelihood tree:       results/mers_korea_2015/mers_korea_2015_mlrep5.treefile
  Likelihood distances:          results/mers_korea_2015/mers_korea_2015_mlrep5.mldist
  Screen log file:               results/mers_korea_2015/mers_korea_2015_mlrep5.log

Date and Time: Wed Sep  9 00:25:17 2026
