IQ-TREE multicore version 2.3.6 for Linux x86 64-bit built Aug  1 2024
Developed by Bui Quang Minh, Nguyen Lam Tung, Olga Chernomor, Heiko Schmidt,
Dominik Schrempf, Michael Woodhams, Ly Trong Nhan, Thomas Wong

Host:    07be82772fbe (AVX2, FMA3, 503 GB RAM)
Command: /workspaces/maximum_likelihood_vs_bayesian_20260908_230005_3f2f2099/code/bin/iqtree2 -s /workspaces/maximum_likelihood_vs_bayesian_20260908_230005_3f2f2099/datasets/mers_korea_2015/analysis.fasta -m MFP --prefix results/mers_korea_2015/mers_korea_2015_mlrep3 -T 2 -redo --quiet -seed 90210
Seed:    90210 (Using SPRNG - Scalable Parallel Random Number Generator)
Time:    Wed Sep  9 00:25:02 2026
Kernel:  AVX+FMA - 2 threads (32 CPU cores detected)

Reading alignment file /workspaces/maximum_likelihood_vs_bayesian_20260908_230005_3f2f2099/datasets/mers_korea_2015/analysis.fasta ... Fasta format detected
Reading fasta file: done in 0.0266209 secs using 68.15% CPU
Alignment most likely contains DNA/RNA sequences
Alignment has 34 sequences with 30119 columns, 75 distinct patterns
20 parsimony-informative, 14 singleton sites, 30085 constant sites
          Gap/Ambiguity  Composition  p-value
Analyzing sequences: done in 2.79129e-05 secs
   1  KT029139    0.04%    passed    100.00%
   2  MK796425    0.04%    passed     99.99%
   3  MT387202    0.04%    passed     99.99%
   4  KT326819    0.41%    passed     99.71%
   5  KX034093    1.36%    passed     99.72%
   6  KT374052    0.96%    passed     99.84%
   7  KT374054    0.96%    passed     99.80%
   8  KX034095    0.00%    passed     99.93%
   9  KT868867    0.17%    passed    100.00%
  10  KT868868    0.17%    passed    100.00%
  11  KU308549    0.00%    passed     99.92%
  12  KT868871    0.17%    passed    100.00%
  13  KT868870    0.18%    passed    100.00%
  14  KT868872    0.17%    passed    100.00%
  15  KT868873    0.17%    passed    100.00%
  16  KT868875    0.17%    passed    100.00%
  17  KT868876    0.17%    passed    100.00%
  18  KT868865    0.17%    passed    100.00%
  19  KT868866    0.17%    passed    100.00%
  20  KT868869    0.17%    passed    100.00%
  21  KT868874    0.17%    passed    100.00%
  22  KX034094    0.03%    passed     99.99%
  23  KT374053    0.96%    passed     99.87%
  24  KX034096    0.12%    passed     99.85%
  25  KX034097    0.00%    passed     99.92%
  26  KT374055    0.96%    passed     99.80%
  27  KT374051    0.96%    passed     99.84%
  28  KT374056    0.96%    passed     99.76%
  29  KT868877    0.18%    passed    100.00%
  30  KX034098    0.04%    passed    100.00%
  31  KT374057    0.96%    passed     99.75%
  32  KX034099    0.03%    passed     99.99%
  33  KT374050    0.96%    passed     99.84%
  34  KX034100    0.00%    passed     99.91%
****  TOTAL       0.35%  0 sequences failed composition chi2 test (p-value<5%; df=3)
NOTE: MT387202 is identical to MK796425 but kept for subsequent analysis
NOTE: KT374055 is identical to KT374054 but kept for subsequent analysis
NOTE: KT868873 is identical to KT868868 but kept for subsequent analysis
NOTE: KT868876 is identical to KT868872 but kept for subsequent analysis
NOTE: KT374050 is identical to KT374051 but kept for subsequent analysis
NOTE: 2 identical sequences (see below) will be ignored for subsequent analysis
NOTE: KT868865 (identical to KT868868) is ignored but added at the end
NOTE: KT868866 (identical to KT868868) is ignored but added at the end
Alignment was printed to results/mers_korea_2015/mers_korea_2015_mlrep3.uniqueseq.phy

For your convenience alignment with unique sequences printed to results/mers_korea_2015/mers_korea_2015_mlrep3.uniqueseq.phy


Create initial parsimony tree by phylogenetic likelihood library (PLL)... 0.001 seconds
WARNING: Number of threads seems too high for short alignments. Use -T AUTO to determine best number of threads.
Perform fast likelihood tree search using GTR+I+G model...
Estimate model parameters (epsilon = 5.000)
Perform nearest neighbor interchange...
Estimate model parameters (epsilon = 1.000)
1. Initial log-likelihood: -41576.961
Optimal log-likelihood: -41576.942
Rate parameters:  A-C: 11.01311  A-G: 37.55833  A-T: 4.21012  C-G: 12.36891  C-T: 41.10682  G-T: 1.00000
Base frequencies:  A: 0.262  C: 0.202  G: 0.209  T: 0.326
Proportion of invariable sites: 0.500
Gamma shape alpha: 0.020
Parameters optimization took 1 rounds (0.012 sec)
Time for fast ML tree search: 0.074 seconds

NOTE: ModelFinder requires 0 MB RAM!
ModelFinder will test up to 484 DNA models (sample size: 30119 epsilon: 0.100) ...
 No. Model         -LnL         df  AIC          AICc         BIC
WARNING: Number of threads seems too high for short alignments. Use -T AUTO to determine best number of threads.
  1  GTR+F         41585.096    69  83308.191    83308.513    83881.782
WARNING: Number of threads seems too high for short alignments. Use -T AUTO to determine best number of threads.
  2  GTR+F+I       41568.351    70  83276.703    83277.033    83858.606
WARNING: Number of threads seems too high for short alignments. Use -T AUTO to determine best number of threads.
  3  GTR+F+G4      41579.549    70  83299.098    83299.429    83881.002
WARNING: Number of threads seems too high for short alignments. Use -T AUTO to determine best number of threads.
  4  GTR+F+I+G4    41576.846    71  83295.693    83296.033    83885.909
WARNING: Number of threads seems too high for short alignments. Use -T AUTO to determine best number of threads.
  5  GTR+F+R2      41582.210    71  83306.419    83306.760    83896.636
WARNING: Number of threads seems too high for short alignments. Use -T AUTO to determine best number of threads.
  6  GTR+F+R3      41581.362    73  83308.723    83309.083    83915.566
WARNING: Number of threads seems too high for short alignments. Use -T AUTO to determine best number of threads.
 14  GTR+F+I+R2    41579.399    72  83302.798    83303.148    83901.328
WARNING: Number of threads seems too high for short alignments. Use -T AUTO to determine best number of threads.
WARNING: Numerical underflow for lh-branch, use `-safe` option to avoid this warning
Pattern 40 likelihood is underflown
Pattern 56 likelihood is underflown
WARNING: Numerical underflow for lh-branch, use `-safe` option to avoid this warning
Pattern 40 likelihood is underflown
Pattern 56 likelihood is underflown
WARNING: Numerical underflow for lh-branch, use `-safe` option to avoid this warning
Pattern 40 likelihood is underflown
Pattern 56 likelihood is underflown
WARNING: Numerical underflow for lh-branch, use `-safe` option to avoid this warning
Pattern 40 likelihood is underflown
Pattern 56 likelihood is underflown
WARNING: Numerical underflow for lh-branch, use `-safe` option to avoid this warning
Pattern 40 likelihood is underflown
Pattern 56 likelihood is underflown
WARNING: Numerical underflow for lh-branch, use `-safe` option to avoid this warning
Pattern 40 likelihood is underflown
Pattern 56 likelihood is underflown
WARNING: Numerical underflow for lh-branch, use `-safe` option to avoid this warning
Pattern 40 likelihood is underflown
Pattern 56 likelihood is underflown
WARNING: Numerical underflow for lh-branch, use `-safe` option to avoid this warning
Pattern 40 likelihood is underflown
Pattern 56 likelihood is underflown
WARNING: Numerical underflow for lh-branch, use `-safe` option to avoid this warning
Pattern 40 likelihood is underflown
Pattern 56 likelihood is underflown
WARNING: Numerical underflow for lh-branch, use `-safe` option to avoid this warning
Pattern 55 likelihood is underflown
WARNING: Numerical underflow for lh-branch, use `-safe` option to avoid this warning
Pattern 55 likelihood is underflown
WARNING: Numerical underflow for lh-branch, use `-safe` option to avoid this warning
Pattern 55 likelihood is underflown
WARNING: Numerical underflow for lh-branch, use `-safe` option to avoid this warning
Pattern 55 likelihood is underflown
WARNING: Numerical underflow for lh-branch, use `-safe` option to avoid this warning
Pattern 55 likelihood is underflown
WARNING: Numerical underflow for lh-branch, use `-safe` option to avoid this warning
Pattern 55 likelihood is underflown
WARNING: Numerical underflow for lh-branch, use `-safe` option to avoid this warning
Pattern 55 likelihood is underflown
WARNING: Numerical underflow for lh-branch, use `-safe` option to avoid this warning
Pattern 55 likelihood is underflown
WARNING: Numerical underflow for lh-branch, use `-safe` option to avoid this warning
Pattern 55 likelihood is underflown
 15  GTR+F+I+R3    41578.123    74  83304.247    83304.616    83919.402
WARNING: Number of threads seems too high for short alignments. Use -T AUTO to determine best number of threads.
 24  SYM+I         42154.593    67  84443.186    84443.489    85000.151
WARNING: Number of threads seems too high for short alignments. Use -T AUTO to determine best number of threads.
 46  TVM+F+I       41568.364    69  83274.728    83275.049    83848.318
WARNING: Number of threads seems too high for short alignments. Use -T AUTO to determine best number of threads.
 68  TVMe+I        42154.891    66  84441.781    84442.076    84990.433
WARNING: Number of threads seems too high for short alignments. Use -T AUTO to determine best number of threads.
 90  TIM3+F+I      41569.086    68  83274.172    83274.484    83839.450
WARNING: Number of threads seems too high for short alignments. Use -T AUTO to determine best number of threads.
112  TIM3e+I       42155.463    65  84440.926    84441.211    84981.265
WARNING: Number of threads seems too high for short alignments. Use -T AUTO to determine best number of threads.
134  TIM2+F+I      41570.785    68  83277.569    83277.882    83842.847
WARNING: Number of threads seems too high for short alignments. Use -T AUTO to determine best number of threads.
156  TIM2e+I       42156.140    65  84442.280    84442.566    84982.620
WARNING: Number of threads seems too high for short alignments. Use -T AUTO to determine best number of threads.
178  TIM+F+I       41570.682    68  83277.364    83277.676    83842.642
WARNING: Number of threads seems too high for short alignments. Use -T AUTO to determine best number of threads.
200  TIMe+I        42156.258    65  84442.516    84442.802    84982.856
WARNING: Number of threads seems too high for short alignments. Use -T AUTO to determine best number of threads.
222  TPM3u+F+I     41569.975    67  83273.949    83274.253    83830.914
WARNING: Number of threads seems too high for short alignments. Use -T AUTO to determine best number of threads.
244  TPM3+I        42156.086    64  84440.171    84440.448    84972.198
WARNING: Number of threads seems too high for short alignments. Use -T AUTO to determine best number of threads.
266  TPM2u+F+I     41571.275    67  83276.551    83276.854    83833.516
WARNING: Number of threads seems too high for short alignments. Use -T AUTO to determine best number of threads.
288  TPM2+I        42156.722    64  84441.444    84441.721    84973.470
WARNING: Number of threads seems too high for short alignments. Use -T AUTO to determine best number of threads.
310  K3Pu+F+I      41571.217    67  83276.435    83276.738    83833.400
WARNING: Number of threads seems too high for short alignments. Use -T AUTO to determine best number of threads.
332  K3P+I         42157.014    64  84442.029    84442.306    84974.055
WARNING: Number of threads seems too high for short alignments. Use -T AUTO to determine best number of threads.
354  TN+F+I        41570.740    67  83275.481    83275.784    83832.446
WARNING: Number of threads seems too high for short alignments. Use -T AUTO to determine best number of threads.
376  TNe+I         42156.248    64  84440.495    84440.772    84972.522
WARNING: Number of threads seems too high for short alignments. Use -T AUTO to determine best number of threads.
398  HKY+F+I       41571.078    66  83274.156    83274.451    83822.808
WARNING: Number of threads seems too high for short alignments. Use -T AUTO to determine best number of threads.
420  K2P+I         42156.869    63  84439.738    84440.006    84963.451
WARNING: Number of threads seems too high for short alignments. Use -T AUTO to determine best number of threads.
442  F81+F+I       41588.032    65  83306.063    83306.349    83846.402
WARNING: Number of threads seems too high for short alignments. Use -T AUTO to determine best number of threads.
464  JC+I          42173.635    62  84471.271    84471.531    84986.671
Akaike Information Criterion:           TPM3u+F+I
Corrected Akaike Information Criterion: TPM3u+F+I
Bayesian Information Criterion:         HKY+F+I
Best-fit model: HKY+F+I chosen according to BIC

All model information printed to results/mers_korea_2015/mers_korea_2015_mlrep3.model.gz
CPU time for ModelFinder: 0.827 seconds (0h:0m:0s)
Wall-clock time for ModelFinder: 0.451 seconds (0h:0m:0s)

NOTE: 0 MB RAM (0 GB) is required!
WARNING: Number of threads seems too high for short alignments. Use -T AUTO to determine best number of threads.
Estimate model parameters (epsilon = 0.100)
1. Initial log-likelihood: -41588.040
2. Current log-likelihood: -41572.958
Optimal log-likelihood: -41572.905
Rate parameters:  A-C: 1.00000  A-G: 18.02746  A-T: 1.00000  C-G: 1.00000  C-T: 18.02746  G-T: 1.00000
Base frequencies:  A: 0.262  C: 0.202  G: 0.209  T: 0.326
Proportion of invariable sites: 0.994
Parameters optimization took 2 rounds (0.007 sec)
Wrote distance file to... 
Computing ML distances based on estimated model parameters...
Calculating distance matrix: done in 0.00107296 secs using 333.4% CPU
Computing ML distances took 0.001154 sec (of wall-clock time) 0.003654 sec (of CPU time)
Setting up auxiliary I and S matrices: done in 9.41891e-05 secs using 98.74% CPU
Computing RapidNJ tree took 0.000562 sec (of wall-clock time) 0.000562 sec (of CPU time)
Log-likelihood of RapidNJ tree: -41574.523
--------------------------------------------------------------------
|             INITIALIZING CANDIDATE TREE SET                      |
--------------------------------------------------------------------
Generating 98 parsimony trees... 0.097 second
Computing log-likelihood of 98 initial trees ... 0.131 seconds
Current best score: -41572.903

Do NNI search on 20 best initial trees
Estimate model parameters (epsilon = 0.100)
BETTER TREE FOUND at iteration 1: -41572.851
Estimate model parameters (epsilon = 0.100)
BETTER TREE FOUND at iteration 2: -41572.786
BETTER TREE FOUND at iteration 6: -41572.785
Iteration 10 / LogL: -41572.786 / Time: 0h:0m:0s
BETTER TREE FOUND at iteration 15: -41572.785
Iteration 20 / LogL: -41572.801 / Time: 0h:0m:0s
Finish initializing candidate tree set (20)
Current best tree score: -41572.785 / CPU time: 0.489
Number of iterations: 20
--------------------------------------------------------------------
|               OPTIMIZING CANDIDATE TREE SET                      |
--------------------------------------------------------------------
Estimate model parameters (epsilon = 0.100)
BETTER TREE FOUND at iteration 21: -41567.636
Iteration 30 / LogL: -41567.751 / Time: 0h:0m:1s (0h:0m:2s left)
Iteration 40 / LogL: -41567.832 / Time: 0h:0m:1s (0h:0m:2s left)
Iteration 50 / LogL: -41567.795 / Time: 0h:0m:1s (0h:0m:1s left)
Iteration 60 / LogL: -41567.678 / Time: 0h:0m:1s (0h:0m:1s left)
Iteration 70 / LogL: -41567.763 / Time: 0h:0m:2s (0h:0m:1s left)
Iteration 80 / LogL: -41567.953 / Time: 0h:0m:2s (0h:0m:0s left)
Iteration 90 / LogL: -41567.801 / Time: 0h:0m:2s (0h:0m:0s left)
Iteration 100 / LogL: -41567.862 / Time: 0h:0m:2s (0h:0m:0s left)
Iteration 110 / LogL: -41567.992 / Time: 0h:0m:2s (0h:0m:0s left)
Iteration 120 / LogL: -41567.777 / Time: 0h:0m:3s (0h:0m:0s left)
TREE SEARCH COMPLETED AFTER 122 ITERATIONS / Time: 0h:0m:3s

--------------------------------------------------------------------
|                    FINALIZING TREE SEARCH                        |
--------------------------------------------------------------------
Performs final model parameters optimization
Estimate model parameters (epsilon = 0.010)
1. Initial log-likelihood: -41567.636
2. Current log-likelihood: -41567.625
3. Current log-likelihood: -41567.614
4. Current log-likelihood: -41567.603
5. Current log-likelihood: -41567.592
6. Current log-likelihood: -41567.581
7. Current log-likelihood: -41567.571
8. Current log-likelihood: -41567.560
9. Current log-likelihood: -41567.550
10. Current log-likelihood: -41567.540
Optimal log-likelihood: -41567.530
Rate parameters:  A-C: 1.00000  A-G: 16.44193  A-T: 1.00000  C-G: 1.00000  C-T: 16.44193  G-T: 1.00000
Base frequencies:  A: 0.262  C: 0.202  G: 0.209  T: 0.326
Proportion of invariable sites: 0.995
Parameters optimization took 10 rounds (0.029 sec)
BEST SCORE FOUND : -41567.530
Total tree length: 0.001

Total number of iterations: 122
CPU time used for tree search: 4.581 sec (0h:0m:4s)
Wall-clock time used for tree search: 2.781 sec (0h:0m:2s)
Total CPU time used: 5.508 sec (0h:0m:5s)
Total wall-clock time used: 3.292 sec (0h:0m:3s)

Analysis results written to: 
  IQ-TREE report:                results/mers_korea_2015/mers_korea_2015_mlrep3.iqtree
  Maximum-likelihood tree:       results/mers_korea_2015/mers_korea_2015_mlrep3.treefile
  Likelihood distances:          results/mers_korea_2015/mers_korea_2015_mlrep3.mldist
  Screen log file:               results/mers_korea_2015/mers_korea_2015_mlrep3.log

Date and Time: Wed Sep  9 00:25:06 2026
