IQ-TREE multicore version 2.3.6 for Linux x86 64-bit built Aug  1 2024
Developed by Bui Quang Minh, Nguyen Lam Tung, Olga Chernomor, Heiko Schmidt,
Dominik Schrempf, Michael Woodhams, Ly Trong Nhan, Thomas Wong

Host:    07be82772fbe (AVX2, FMA3, 503 GB RAM)
Command: /workspaces/maximum_likelihood_vs_bayesian_20260908_230005_3f2f2099/code/bin/iqtree2 -s /workspaces/maximum_likelihood_vs_bayesian_20260908_230005_3f2f2099/datasets/zika_americas_2015_2016/analysis.fasta -m MFP --prefix results/zika_americas_2015_2016/zika_americas_2015_2016_mlrep2 -T 2 -redo --quiet -seed 2024
Seed:    2024 (Using SPRNG - Scalable Parallel Random Number Generator)
Time:    Wed Sep  9 00:25:13 2026
Kernel:  AVX+FMA - 2 threads (32 CPU cores detected)

Reading alignment file /workspaces/maximum_likelihood_vs_bayesian_20260908_230005_3f2f2099/datasets/zika_americas_2015_2016/analysis.fasta ... Fasta format detected
Reading fasta file: done in 0.0172668 secs using 69.02% CPU
Alignment most likely contains DNA/RNA sequences
Alignment has 100 sequences with 10877 columns, 985 distinct patterns
283 parsimony-informative, 558 singleton sites, 10036 constant sites
          Gap/Ambiguity  Composition  p-value
Analyzing sequences: done in 0.00015793 secs
   1  KU509998    0.64%    passed     99.65%
   2  KX694534    0.97%    passed     98.70%
   3  MF073359    0.64%    passed     98.82%
   4  KU321639    1.85%    passed     99.78%
   5  MF352141    0.68%    passed     99.76%
   6  MF073358    0.64%    passed     99.86%
   7  MH158237    0.64%    passed     99.52%
   8  MK028857    4.68%    passed     98.41%
   9  MK028858    0.97%    passed     99.37%
  10  MK028861    4.19%    passed     92.48%
  11  KU940228    1.85%    passed     99.92%
  12  KU940224    3.25%    passed     98.79%
  13  KX520666    3.12%    passed     99.92%
  14  KU312312    4.62%    passed     97.97%
  15  KY631493    1.80%    passed     99.86%
  16  KY631494    1.16%    passed     99.87%
  17  KU501217    5.56%    passed     98.87%
  18  KU501216    5.56%    passed     98.58%
  19  KX197205    0.12%    passed     97.55%
  20  MH513598    2.21%    passed     99.93%
  21  KX156775    1.12%    passed     99.51%
  22  MH513599    2.01%    passed    100.00%
  23  KU647676    2.39%    passed     99.96%
  24  KU758877    4.72%    passed     99.05%
  25  KX087101    0.91%    passed     98.83%
  26  KX377337    0.64%    passed     99.52%
  27  MF574557    2.00%    passed     99.91%
  28  MF574562    2.00%    passed     99.97%
  29  MF574574    2.00%    passed     99.96%
  30  KX156776    1.11%    passed     99.67%
  31  KX446951    0.80%    passed     99.23%
  32  KX827268    0.83%    passed     99.01%
  33  KX421194    2.73%    passed     99.87%
  34  MH544701    0.64%    passed     99.90%
  35  KX421195    2.15%    passed     99.99%
  36  KY348640    0.64%    passed     99.71%
  37  KU926310    0.64%    passed     99.81%
  38  KU870645    0.73%    passed     99.83%
  39  MF801384    2.95%    passed     99.88%
  40  KU937936    3.08%    passed     99.97%
  41  MK049245    6.31%    passed     90.62%
  42  KY606271    2.24%    passed     96.23%
  43  MK049246    6.31%    passed     88.79%
  44  KX702400    0.63%    passed     99.97%
  45  KX893855    0.65%    passed     99.98%
  46  KY014307    5.77%    passed     99.49%
  47  MF801387    1.81%    passed     99.96%
  48  KY785479    6.48%    passed     95.19%
  49  KY785426    6.57%    passed     99.03%
  50  KY785469    2.60%    passed     99.96%
  51  KY785465    6.59%    passed     99.81%
  52  KY785464    4.03%    passed     99.70%
  53  KX879604    0.62%    passed     99.62%
  54  MH882527    1.14%    passed     99.43%
  55  MH882528    1.15%    passed     99.42%
  56  KY785466    4.84%    passed     94.40%
  57  MF794971    0.93%    passed     99.95%
  58  MF783073    0.63%    passed     99.83%
  59  MF384325    0.63%    passed     99.71%
  60  MF801401    7.31%    passed     99.16%
  61  MF801402    1.40%    passed     99.88%
  62  KY014315    4.71%    passed     99.17%
  63  KY785484    4.58%    passed     99.96%
  64  KY785448    4.08%    passed     98.02%
  65  KY785419    4.78%    passed     89.07%
  66  KX842449    4.48%    passed     98.04%
  67  KY014295    0.91%    passed     99.15%
  68  KY693678    1.94%    passed     99.98%
  69  KY765322    2.28%    passed     99.81%
  70  KY765323    1.51%    passed     99.84%
  71  KX198135    0.91%    passed     99.98%
  72  KY648934    2.11%    passed     99.99%
  73  MF801381    1.85%    passed     99.90%
  74  MH882537    6.60%    passed     99.67%
  75  KY785435    2.88%    passed     99.95%
  76  KY693679    1.74%    passed     99.95%
  77  MH882538    0.86%    passed     99.63%
  78  KY785445    4.10%    passed     99.62%
  79  MF801378    1.43%    passed     99.82%
  80  MH882540    1.34%    passed     99.83%
  81  MK049248    4.53%    passed     97.04%
  82  KY606272    0.76%    passed     99.24%
  83  MF434516    1.14%    passed     99.52%
  84  KY693676    1.68%    passed     99.90%
  85  MF434522    1.03%    passed     99.09%
  86  KY014299    1.41%    passed     99.83%
  87  KY325477    2.44%    passed     98.48%
  88  KY325476    1.20%    passed     98.74%
  89  KY693680    1.96%    passed     99.86%
  90  MH157204    4.18%    passed     99.61%
  91  MG494697    1.94%    passed     99.96%
  92  MF574578    2.20%    passed    100.00%
  93  MF574582    2.20%    passed     99.95%
  94  MF574586    3.64%    passed     99.78%
  95  MF438286    5.57%    passed     99.68%
  96  MG770184    7.43%    passed     98.32%
  97  MG770186    6.90%    passed     98.87%
  98  MF159531    2.49%    passed     99.91%
  99  MH063262    2.37%    passed     99.94%
 100  MH063264    4.70%    passed     97.37%
****  TOTAL       2.61%  0 sequences failed composition chi2 test (p-value<5%; df=3)
NOTE: KX377337 is identical to MH158237 but kept for subsequent analysis


Create initial parsimony tree by phylogenetic likelihood library (PLL)... 0.010 seconds
Perform fast likelihood tree search using GTR+I+G model...
Estimate model parameters (epsilon = 5.000)
Perform nearest neighbor interchange...
Estimate model parameters (epsilon = 1.000)
1. Initial log-likelihood: -23018.221
Optimal log-likelihood: -23018.210
Rate parameters:  A-C: 1.16228  A-G: 7.24852  A-T: 1.13049  C-G: 0.54741  C-T: 20.20265  G-T: 1.00000
Base frequencies:  A: 0.274  C: 0.220  G: 0.292  T: 0.214
Proportion of invariable sites: 0.461
Gamma shape alpha: 0.930
Parameters optimization took 1 rounds (0.073 sec)
Time for fast ML tree search: 1.009 seconds

NOTE: ModelFinder requires 32 MB RAM!
ModelFinder will test up to 484 DNA models (sample size: 10877 epsilon: 0.100) ...
 No. Model         -LnL         df  AIC          AICc         BIC
  1  GTR+F         23092.815    205 46595.630    46603.545    48090.983
  2  GTR+F+I       23020.355    206 46452.710    46460.703    47955.358
  3  GTR+F+G4      23019.261    206 46450.523    46458.516    47953.170
  4  GTR+F+I+G4    23018.202    207 46450.404    46458.475    47960.346
  5  GTR+F+R2      23020.989    207 46455.977    46464.048    47965.919
  6  GTR+F+R3      23018.591    209 46455.182    46463.411    47979.712
 14  GTR+F+I+R2    23020.352    208 46456.703    46464.853    47973.939
 15  GTR+F+I+R3    23018.969    210 46457.938    46466.246    47989.763
 24  SYM+I         23121.752    203 46649.503    46657.263    48130.268
 25  SYM+G4        23120.666    203 46647.332    46655.093    48128.097
 26  SYM+I+G4      23119.578    204 46647.155    46654.993    48135.214
 46  TVM+F+I       23110.925    205 46631.850    46639.765    48127.203
 47  TVM+F+G4      23110.588    205 46631.175    46639.090    48126.528
 48  TVM+F+I+G4    23108.762    206 46629.524    46637.517    48132.172
 68  TVMe+I        23170.913    202 46745.826    46753.510    48219.296
 69  TVMe+G4       23170.317    202 46744.635    46752.318    48218.105
 70  TVMe+I+G4     23168.807    203 46743.613    46751.373    48224.378
 90  TIM3+F+I      23024.086    204 46456.172    46464.010    47944.231
 91  TIM3+F+G4     23023.007    204 46454.014    46461.851    47942.073
 92  TIM3+F+I+G4   23021.947    205 46453.895    46461.810    47949.248
112  TIM3e+I       23125.190    201 46652.380    46659.987    48118.556
113  TIM3e+G4      23124.111    201 46650.222    46657.829    48116.397
114  TIM3e+I+G4    23123.026    202 46650.052    46657.735    48123.522
134  TIM2+F+I      23023.028    204 46454.056    46461.893    47942.115
135  TIM2+F+G4     23021.924    204 46451.848    46459.685    47939.906
136  TIM2+F+I+G4   23020.855    205 46451.711    46459.626    47947.064
156  TIM2e+I       23124.331    201 46650.662    46658.269    48116.838
157  TIM2e+G4      23123.231    201 46648.462    46656.068    48114.637
158  TIM2e+I+G4    23122.134    202 46648.269    46655.952    48121.739
178  TIM+F+I       23023.807    204 46455.614    46463.452    47943.673
179  TIM+F+G4      23022.707    204 46453.414    46461.251    47941.473
180  TIM+F+I+G4    23021.635    205 46453.270    46461.185    47948.623
200  TIMe+I        23124.759    201 46651.518    46659.125    48117.694
201  TIMe+G4       23123.665    201 46649.329    46656.936    48115.505
202  TIMe+I+G4     23122.562    202 46649.124    46656.808    48122.594
222  TPM3u+F+I     23114.703    203 46635.405    46643.165    48116.170
223  TPM3u+F+G4    23114.372    203 46634.745    46642.505    48115.509
224  TPM3u+F+I+G4  23112.571    204 46633.143    46640.980    48121.201
244  TPM3+I        23174.288    200 46748.575    46756.106    48207.456
245  TPM3+G4       23173.705    200 46747.410    46754.941    48206.291
246  TPM3+I+G4     23172.212    201 46746.424    46754.031    48212.600
266  TPM2u+F+I     23113.636    203 46633.273    46641.033    48114.037
267  TPM2u+F+G4    23113.288    203 46632.576    46640.337    48113.341
268  TPM2u+F+I+G4  23111.450    204 46630.899    46638.736    48118.958
288  TPM2+I        23173.478    200 46746.956    46754.487    48205.837
289  TPM2+G4       23172.874    200 46745.749    46753.279    48204.630
290  TPM2+I+G4     23171.356    201 46744.712    46752.319    48210.888
310  K3Pu+F+I      23114.405    203 46634.810    46642.570    48115.574
311  K3Pu+F+G4     23114.066    203 46634.133    46641.893    48114.897
312  K3Pu+F+I+G4   23112.234    204 46632.468    46640.305    48120.527
332  K3P+I         23173.865    200 46747.731    46755.262    48206.612
333  K3P+G4        23173.273    200 46746.545    46754.076    48205.426
334  K3P+I+G4      23171.752    201 46745.504    46753.111    48211.679
354  TN+F+I        23025.105    203 46456.211    46463.971    47936.975
355  TN+F+G4       23024.004    203 46454.007    46461.767    47934.772
356  TN+F+I+G4     23022.932    204 46453.864    46461.701    47941.922
376  TNe+I         23126.058    200 46652.115    46659.646    48110.996
377  TNe+G4        23124.962    200 46649.924    46657.455    48108.805
378  TNe+I+G4      23123.862    201 46649.723    46657.330    48115.899
398  HKY+F+I       23115.717    202 46635.434    46643.117    48108.904
399  HKY+F+G4      23115.377    202 46634.755    46642.438    48108.225
400  HKY+F+I+G4    23113.546    203 46633.091    46640.851    48113.855
420  K2P+I         23175.158    199 46748.315    46755.770    48199.902
421  K2P+G4        23174.564    199 46747.129    46754.584    48198.715
422  K2P+I+G4      23173.047    200 46746.095    46753.625    48204.976
442  F81+F+I       23704.499    201 47810.998    47818.605    49277.174
443  F81+F+G4      23703.807    201 47809.615    47817.222    49275.790
444  F81+F+I+G4    23702.494    202 47808.988    47816.672    49282.458
464  JC+I          23770.974    198 47937.947    47945.327    49382.240
465  JC+G4         23770.373    198 47936.747    47944.127    49381.039
466  JC+I+G4       23768.940    199 47935.880    47943.335    49387.466
Akaike Information Criterion:           GTR+F+I+G4
Corrected Akaike Information Criterion: GTR+F+I+G4
Bayesian Information Criterion:         TN+F+G4
Best-fit model: TN+F+G4 chosen according to BIC

All model information printed to results/zika_americas_2015_2016/zika_americas_2015_2016_mlrep2.model.gz
CPU time for ModelFinder: 33.974 seconds (0h:0m:33s)
Wall-clock time for ModelFinder: 23.699 seconds (0h:0m:23s)

NOTE: 12 MB RAM (0 GB) is required!
Estimate model parameters (epsilon = 0.100)
1. Initial log-likelihood: -23703.857
2. Current log-likelihood: -23024.019
Optimal log-likelihood: -23023.999
Rate parameters:  A-C: 1.00000  A-G: 7.46830  A-T: 1.00000  C-G: 1.00000  C-T: 20.90016  G-T: 1.00000
Base frequencies:  A: 0.274  C: 0.220  G: 0.292  T: 0.214
Gamma shape alpha: 0.213
Parameters optimization took 2 rounds (1.389 sec)
Wrote distance file to... 
Computing ML distances based on estimated model parameters...
Calculating distance matrix: done in 0.130492 secs using 71.44% CPU
Computing ML distances took 0.130863 sec (of wall-clock time) 0.093598 sec (of CPU time)
Setting up auxiliary I and S matrices: done in 0.000369431 secs using 98.53% CPU
Computing RapidNJ tree took 0.005176 sec (of wall-clock time) 0.009180 sec (of CPU time)
Log-likelihood of RapidNJ tree: -23108.172
--------------------------------------------------------------------
|             INITIALIZING CANDIDATE TREE SET                      |
--------------------------------------------------------------------
Generating 98 parsimony trees... 2.053 second
Computing log-likelihood of 98 initial trees ... 3.890 seconds
Current best score: -23023.999

Do NNI search on 20 best initial trees
Estimate model parameters (epsilon = 0.100)
BETTER TREE FOUND at iteration 1: -23023.999
Estimate model parameters (epsilon = 0.100)
BETTER TREE FOUND at iteration 2: -23023.948
BETTER TREE FOUND at iteration 10: -23023.943
Iteration 10 / LogL: -23023.943 / Time: 0h:0m:42s
Iteration 20 / LogL: -23024.015 / Time: 0h:0m:56s
Finish initializing candidate tree set (20)
Current best tree score: -23023.943 / CPU time: 30.943
Number of iterations: 20
--------------------------------------------------------------------
|               OPTIMIZING CANDIDATE TREE SET                      |
--------------------------------------------------------------------
Iteration 30 / LogL: -23029.556 / Time: 0h:1m:7s (0h:2m:1s left)
Iteration 40 / LogL: -23024.170 / Time: 0h:1m:24s (0h:1m:48s left)
Iteration 50 / LogL: -23024.167 / Time: 0h:1m:32s (0h:1m:24s left)
Iteration 60 / LogL: -23024.248 / Time: 0h:1m:38s (0h:1m:3s left)
Iteration 70 / LogL: -23024.159 / Time: 0h:1m:42s (0h:0m:45s left)
Iteration 80 / LogL: -23027.126 / Time: 0h:1m:57s (0h:0m:35s left)
Iteration 90 / LogL: -23027.137 / Time: 0h:2m:0s (0h:0m:21s left)
Iteration 100 / LogL: -23028.069 / Time: 0h:2m:4s (0h:0m:10s left)
Iteration 110 / LogL: -23024.145 / Time: 0h:2m:13s (0h:0m:0s left)
TREE SEARCH COMPLETED AFTER 111 ITERATIONS / Time: 0h:2m:16s

--------------------------------------------------------------------
|                    FINALIZING TREE SEARCH                        |
--------------------------------------------------------------------
Performs final model parameters optimization
Estimate model parameters (epsilon = 0.010)
1. Initial log-likelihood: -23023.943
Optimal log-likelihood: -23023.943
Rate parameters:  A-C: 1.00000  A-G: 7.46363  A-T: 1.00000  C-G: 1.00000  C-T: 20.88983  G-T: 1.00000
Base frequencies:  A: 0.274  C: 0.220  G: 0.292  T: 0.214
Gamma shape alpha: 0.213
Parameters optimization took 1 rounds (0.833 sec)
BEST SCORE FOUND : -23023.943
Total tree length: 0.093

Total number of iterations: 111
CPU time used for tree search: 129.383 sec (0h:2m:9s)
Wall-clock time used for tree search: 110.663 sec (0h:1m:50s)
Total CPU time used: 166.348 sec (0h:2m:46s)
Total wall-clock time used: 137.324 sec (0h:2m:17s)

Analysis results written to: 
  IQ-TREE report:                results/zika_americas_2015_2016/zika_americas_2015_2016_mlrep2.iqtree
  Maximum-likelihood tree:       results/zika_americas_2015_2016/zika_americas_2015_2016_mlrep2.treefile
  Likelihood distances:          results/zika_americas_2015_2016/zika_americas_2015_2016_mlrep2.mldist
  Screen log file:               results/zika_americas_2015_2016/zika_americas_2015_2016_mlrep2.log

Date and Time: Wed Sep  9 00:27:30 2026
