IQ-TREE multicore version 2.3.6 for Linux x86 64-bit built Aug  1 2024
Developed by Bui Quang Minh, Nguyen Lam Tung, Olga Chernomor, Heiko Schmidt,
Dominik Schrempf, Michael Woodhams, Ly Trong Nhan, Thomas Wong

Host:    07be82772fbe (AVX2, FMA3, 503 GB RAM)
Command: /workspaces/maximum_likelihood_vs_bayesian_20260908_230005_3f2f2099/code/bin/iqtree2 -s /workspaces/maximum_likelihood_vs_bayesian_20260908_230005_3f2f2099/datasets/zika_americas_2015_2016/analysis.fasta -m MFP --prefix results/zika_americas_2015_2016/zika_americas_2015_2016_ml -T 4 -redo --quiet -B 1000 --wbtl -alrt 1000 -seed 1
Seed:    1 (Using SPRNG - Scalable Parallel Random Number Generator)
Time:    Wed Sep  9 00:25:12 2026
Kernel:  AVX+FMA - 4 threads (32 CPU cores detected)

Reading alignment file /workspaces/maximum_likelihood_vs_bayesian_20260908_230005_3f2f2099/datasets/zika_americas_2015_2016/analysis.fasta ... Fasta format detected
Reading fasta file: done in 0.02586 secs using 73.38% CPU
Alignment most likely contains DNA/RNA sequences
Alignment has 100 sequences with 10877 columns, 985 distinct patterns
283 parsimony-informative, 558 singleton sites, 10036 constant sites
          Gap/Ambiguity  Composition  p-value
Analyzing sequences: done in 0.00687705 secs using 245.1% CPU
   1  KU509998    0.64%    passed     99.65%
   2  KX694534    0.97%    passed     98.70%
   3  MF073359    0.64%    passed     98.82%
   4  KU321639    1.85%    passed     99.78%
   5  MF352141    0.68%    passed     99.76%
   6  MF073358    0.64%    passed     99.86%
   7  MH158237    0.64%    passed     99.52%
   8  MK028857    4.68%    passed     98.41%
   9  MK028858    0.97%    passed     99.37%
  10  MK028861    4.19%    passed     92.48%
  11  KU940228    1.85%    passed     99.92%
  12  KU940224    3.25%    passed     98.79%
  13  KX520666    3.12%    passed     99.92%
  14  KU312312    4.62%    passed     97.97%
  15  KY631493    1.80%    passed     99.86%
  16  KY631494    1.16%    passed     99.87%
  17  KU501217    5.56%    passed     98.87%
  18  KU501216    5.56%    passed     98.58%
  19  KX197205    0.12%    passed     97.55%
  20  MH513598    2.21%    passed     99.93%
  21  KX156775    1.12%    passed     99.51%
  22  MH513599    2.01%    passed    100.00%
  23  KU647676    2.39%    passed     99.96%
  24  KU758877    4.72%    passed     99.05%
  25  KX087101    0.91%    passed     98.83%
  26  KX377337    0.64%    passed     99.52%
  27  MF574557    2.00%    passed     99.91%
  28  MF574562    2.00%    passed     99.97%
  29  MF574574    2.00%    passed     99.96%
  30  KX156776    1.11%    passed     99.67%
  31  KX446951    0.80%    passed     99.23%
  32  KX827268    0.83%    passed     99.01%
  33  KX421194    2.73%    passed     99.87%
  34  MH544701    0.64%    passed     99.90%
  35  KX421195    2.15%    passed     99.99%
  36  KY348640    0.64%    passed     99.71%
  37  KU926310    0.64%    passed     99.81%
  38  KU870645    0.73%    passed     99.83%
  39  MF801384    2.95%    passed     99.88%
  40  KU937936    3.08%    passed     99.97%
  41  MK049245    6.31%    passed     90.62%
  42  KY606271    2.24%    passed     96.23%
  43  MK049246    6.31%    passed     88.79%
  44  KX702400    0.63%    passed     99.97%
  45  KX893855    0.65%    passed     99.98%
  46  KY014307    5.77%    passed     99.49%
  47  MF801387    1.81%    passed     99.96%
  48  KY785479    6.48%    passed     95.19%
  49  KY785426    6.57%    passed     99.03%
  50  KY785469    2.60%    passed     99.96%
  51  KY785465    6.59%    passed     99.81%
  52  KY785464    4.03%    passed     99.70%
  53  KX879604    0.62%    passed     99.62%
  54  MH882527    1.14%    passed     99.43%
  55  MH882528    1.15%    passed     99.42%
  56  KY785466    4.84%    passed     94.40%
  57  MF794971    0.93%    passed     99.95%
  58  MF783073    0.63%    passed     99.83%
  59  MF384325    0.63%    passed     99.71%
  60  MF801401    7.31%    passed     99.16%
  61  MF801402    1.40%    passed     99.88%
  62  KY014315    4.71%    passed     99.17%
  63  KY785484    4.58%    passed     99.96%
  64  KY785448    4.08%    passed     98.02%
  65  KY785419    4.78%    passed     89.07%
  66  KX842449    4.48%    passed     98.04%
  67  KY014295    0.91%    passed     99.15%
  68  KY693678    1.94%    passed     99.98%
  69  KY765322    2.28%    passed     99.81%
  70  KY765323    1.51%    passed     99.84%
  71  KX198135    0.91%    passed     99.98%
  72  KY648934    2.11%    passed     99.99%
  73  MF801381    1.85%    passed     99.90%
  74  MH882537    6.60%    passed     99.67%
  75  KY785435    2.88%    passed     99.95%
  76  KY693679    1.74%    passed     99.95%
  77  MH882538    0.86%    passed     99.63%
  78  KY785445    4.10%    passed     99.62%
  79  MF801378    1.43%    passed     99.82%
  80  MH882540    1.34%    passed     99.83%
  81  MK049248    4.53%    passed     97.04%
  82  KY606272    0.76%    passed     99.24%
  83  MF434516    1.14%    passed     99.52%
  84  KY693676    1.68%    passed     99.90%
  85  MF434522    1.03%    passed     99.09%
  86  KY014299    1.41%    passed     99.83%
  87  KY325477    2.44%    passed     98.48%
  88  KY325476    1.20%    passed     98.74%
  89  KY693680    1.96%    passed     99.86%
  90  MH157204    4.18%    passed     99.61%
  91  MG494697    1.94%    passed     99.96%
  92  MF574578    2.20%    passed    100.00%
  93  MF574582    2.20%    passed     99.95%
  94  MF574586    3.64%    passed     99.78%
  95  MF438286    5.57%    passed     99.68%
  96  MG770184    7.43%    passed     98.32%
  97  MG770186    6.90%    passed     98.87%
  98  MF159531    2.49%    passed     99.91%
  99  MH063262    2.37%    passed     99.94%
 100  MH063264    4.70%    passed     97.37%
****  TOTAL       2.61%  0 sequences failed composition chi2 test (p-value<5%; df=3)
NOTE: KX377337 is identical to MH158237 but kept for subsequent analysis


Create initial parsimony tree by phylogenetic likelihood library (PLL)... 0.016 seconds
Perform fast likelihood tree search using GTR+I+G model...
Estimate model parameters (epsilon = 5.000)
Perform nearest neighbor interchange...
Estimate model parameters (epsilon = 1.000)
1. Initial log-likelihood: -23018.149
Optimal log-likelihood: -23018.137
Rate parameters:  A-C: 1.10958  A-G: 6.92206  A-T: 1.07861  C-G: 0.52099  C-T: 19.21321  G-T: 1.00000
Base frequencies:  A: 0.274  C: 0.220  G: 0.292  T: 0.214
Proportion of invariable sites: 0.461
Gamma shape alpha: 0.929
Parameters optimization took 1 rounds (0.044 sec)
Time for fast ML tree search: 0.748 seconds

NOTE: ModelFinder requires 35 MB RAM!
ModelFinder will test up to 484 DNA models (sample size: 10877 epsilon: 0.100) ...
 No. Model         -LnL         df  AIC          AICc         BIC
  1  GTR+F         23092.750    205 46595.500    46603.415    48090.854
  2  GTR+F+I       23020.273    206 46452.546    46460.539    47955.193
  3  GTR+F+G4      23019.188    206 46450.376    46458.369    47953.024
  4  GTR+F+I+G4    23018.131    207 46450.261    46458.333    47960.203
  5  GTR+F+R2      23020.931    207 46455.863    46463.934    47965.805
  6  GTR+F+R3      23018.539    209 46455.078    46463.307    47979.609
 14  GTR+F+I+R2    23020.298    208 46456.596    46464.745    47973.832
 15  GTR+F+I+R3    23018.919    210 46457.838    46466.147    47989.664
 24  SYM+I         23121.798    203 46649.596    46657.356    48130.360
 25  SYM+G4        23120.709    203 46647.418    46655.178    48128.182
 26  SYM+I+G4      23119.617    204 46647.234    46655.072    48135.293
 46  TVM+F+I       23110.858    205 46631.716    46639.631    48127.070
 47  TVM+F+G4      23110.520    205 46631.040    46638.955    48126.393
 48  TVM+F+I+G4    23108.701    206 46629.402    46637.394    48132.049
 68  TVMe+I        23170.846    202 46745.693    46753.376    48219.163
 69  TVMe+G4       23170.255    202 46744.509    46752.192    48217.979
 70  TVMe+I+G4     23168.748    203 46743.497    46751.257    48224.261
 90  TIM3+F+I      23024.069    204 46456.138    46463.976    47944.197
 91  TIM3+F+G4     23022.987    204 46453.975    46461.812    47942.034
 92  TIM3+F+I+G4   23021.934    205 46453.868    46461.783    47949.221
112  TIM3e+I       23125.169    201 46652.337    46659.944    48118.513
113  TIM3e+G4      23124.089    201 46650.177    46657.784    48116.353
114  TIM3e+I+G4    23123.003    202 46650.007    46657.690    48123.477
134  TIM2+F+I      23022.994    204 46453.989    46461.826    47942.047
135  TIM2+F+G4     23021.888    204 46451.777    46459.614    47939.835
136  TIM2+F+I+G4   23020.820    205 46451.639    46459.554    47946.993
156  TIM2e+I       23124.309    201 46650.618    46658.225    48116.793
157  TIM2e+G4      23123.209    201 46648.417    46656.024    48114.593
158  TIM2e+I+G4    23122.112    202 46648.225    46655.908    48121.695
178  TIM+F+I       23023.784    204 46455.567    46463.405    47943.626
179  TIM+F+G4      23022.683    204 46453.367    46461.204    47941.426
180  TIM+F+I+G4    23021.612    205 46453.223    46461.138    47948.576
200  TIMe+I        23124.737    201 46651.474    46659.080    48117.649
201  TIMe+G4       23123.642    201 46649.285    46656.892    48115.460
202  TIMe+I+G4     23122.540    202 46649.080    46656.763    48122.550
222  TPM3u+F+I     23114.680    203 46635.360    46643.120    48116.124
223  TPM3u+F+G4    23114.350    203 46634.699    46642.459    48115.464
224  TPM3u+F+I+G4  23112.548    204 46633.097    46640.934    48121.156
244  TPM3+I        23174.265    200 46748.529    46756.060    48207.410
245  TPM3+G4       23173.682    200 46747.364    46754.895    48206.245
246  TPM3+I+G4     23172.189    201 46746.378    46753.985    48212.554
266  TPM2u+F+I     23113.614    203 46633.227    46640.987    48113.991
267  TPM2u+F+G4    23113.265    203 46632.531    46640.291    48113.295
268  TPM2u+F+I+G4  23111.427    204 46630.853    46638.691    48118.912
288  TPM2+I        23173.455    200 46746.910    46754.441    48205.791
289  TPM2+G4       23172.851    200 46745.703    46753.234    48204.584
290  TPM2+I+G4     23171.333    201 46744.666    46752.273    48210.842
310  K3Pu+F+I      23114.382    203 46634.764    46642.524    48115.529
311  K3Pu+F+G4     23114.044    203 46634.087    46641.847    48114.851
312  K3Pu+F+I+G4   23112.211    204 46632.422    46640.260    48120.481
332  K3P+I         23173.842    200 46747.685    46755.216    48206.566
333  K3P+G4        23173.250    200 46746.499    46754.030    48205.380
334  K3P+I+G4      23171.729    201 46745.458    46753.065    48211.634
354  TN+F+I        23025.082    203 46456.165    46463.925    47936.929
355  TN+F+G4       23023.981    203 46453.961    46461.721    47934.725
356  TN+F+I+G4     23022.909    204 46453.818    46461.655    47941.876
376  TNe+I         23126.035    200 46652.071    46659.602    48110.952
377  TNe+G4        23124.940    200 46649.880    46657.411    48108.761
378  TNe+I+G4      23123.840    201 46649.679    46657.286    48115.855
398  HKY+F+I       23115.694    202 46635.388    46643.072    48108.858
399  HKY+F+G4      23115.355    202 46634.709    46642.393    48108.179
400  HKY+F+I+G4    23113.523    203 46633.046    46640.806    48113.810
420  K2P+I         23175.135    199 46748.269    46755.724    48199.856
421  K2P+G4        23174.541    199 46747.083    46754.538    48198.669
422  K2P+I+G4      23173.024    200 46746.049    46753.580    48204.930
442  F81+F+I       23704.476    201 47810.952    47818.559    49277.128
443  F81+F+G4      23703.784    201 47809.569    47817.175    49275.744
444  F81+F+I+G4    23702.471    202 47808.942    47816.626    49282.412
464  JC+I          23770.951    198 47937.901    47945.281    49382.194
465  JC+G4         23770.350    198 47936.701    47944.081    49380.993
466  JC+I+G4       23768.917    199 47935.833    47943.289    49387.420
Akaike Information Criterion:           GTR+F+I+G4
Corrected Akaike Information Criterion: GTR+F+I+G4
Bayesian Information Criterion:         TN+F+G4
Best-fit model: TN+F+G4 chosen according to BIC

All model information printed to results/zika_americas_2015_2016/zika_americas_2015_2016_ml.model.gz
CPU time for ModelFinder: 62.197 seconds (0h:1m:2s)
Wall-clock time for ModelFinder: 23.598 seconds (0h:0m:23s)
Generating 1000 samples for ultrafast bootstrap (seed: 1)...

NOTE: 16 MB RAM (0 GB) is required!
Estimate model parameters (epsilon = 0.100)
1. Initial log-likelihood: -23703.834
2. Current log-likelihood: -23023.996
Optimal log-likelihood: -23023.976
Rate parameters:  A-C: 1.00000  A-G: 7.47056  A-T: 1.00000  C-G: 1.00000  C-T: 20.90814  G-T: 1.00000
Base frequencies:  A: 0.274  C: 0.220  G: 0.292  T: 0.214
Gamma shape alpha: 0.213
Parameters optimization took 2 rounds (5.252 sec)
Wrote distance file to... 
Computing ML distances based on estimated model parameters...
Calculating distance matrix: done in 0.0416621 secs using 311.3% CPU
Computing ML distances took 0.041983 sec (of wall-clock time) 0.130014 sec (of CPU time)
Setting up auxiliary I and S matrices: done in 0.000430026 secs using 336.7% CPU
Computing RapidNJ tree took 0.001931 sec (of wall-clock time) 0.002950 sec (of CPU time)
Log-likelihood of RapidNJ tree: -23108.172
--------------------------------------------------------------------
|             INITIALIZING CANDIDATE TREE SET                      |
--------------------------------------------------------------------
Generating 98 parsimony trees... 1.491 second
Computing log-likelihood of 98 initial trees ... 36.808 seconds
Current best score: -23023.976

Do NNI search on 20 best initial trees
Estimate model parameters (epsilon = 0.100)
BETTER TREE FOUND at iteration 1: -23023.976
Estimate model parameters (epsilon = 0.100)
BETTER TREE FOUND at iteration 2: -23023.965
BETTER TREE FOUND at iteration 4: -23023.956
Iteration 10 / LogL: -23024.003 / Time: 0h:1m:23s
Iteration 20 / LogL: -23023.976 / Time: 0h:3m:33s
Finish initializing candidate tree set (20)
Current best tree score: -23023.956 / CPU time: 183.693
Number of iterations: 20
--------------------------------------------------------------------
|               OPTIMIZING CANDIDATE TREE SET                      |
--------------------------------------------------------------------
Iteration 30 / LogL: -23031.445 / Time: 0h:4m:19s (0h:10m:2s left)
Iteration 40 / LogL: -23051.306 / Time: 0h:4m:40s (0h:7m:2s left)
Iteration 50 / LogL: -23025.581 / Time: 0h:5m:9s (0h:5m:14s left)
Log-likelihood cutoff on original alignment: -23081.686
UFBoot trees printed to results/zika_americas_2015_2016/zika_americas_2015_2016_ml.ufboot
Iteration 60 / LogL: -23024.111 / Time: 0h:5m:34s (0h:3m:51s left)
Iteration 70 / LogL: -23075.462 / Time: 0h:5m:54s (0h:2m:42s left)
Iteration 80 / LogL: -23024.189 / Time: 0h:6m:18s (0h:1m:47s left)
Iteration 90 / LogL: -23027.827 / Time: 0h:6m:46s (0h:1m:0s left)
Iteration 100 / LogL: -23025.632 / Time: 0h:7m:0s (0h:0m:16s left)
Log-likelihood cutoff on original alignment: -23081.686
NOTE: Bootstrap correlation coefficient of split occurrence frequencies: 0.995
UFBoot trees printed to results/zika_americas_2015_2016/zika_americas_2015_2016_ml.ufboot
TREE SEARCH COMPLETED AFTER 105 ITERATIONS / Time: 0h:7m:12s

--------------------------------------------------------------------
|                    FINALIZING TREE SEARCH                        |
--------------------------------------------------------------------
Performs final model parameters optimization
Estimate model parameters (epsilon = 0.010)
1. Initial log-likelihood: -23023.956
Optimal log-likelihood: -23023.956
Rate parameters:  A-C: 1.00000  A-G: 7.46507  A-T: 1.00000  C-G: 1.00000  C-T: 20.89240  G-T: 1.00000
Base frequencies:  A: 0.274  C: 0.220  G: 0.292  T: 0.214
Gamma shape alpha: 0.213
Parameters optimization took 1 rounds (0.026 sec)
BEST SCORE FOUND : -23023.956

Testing tree branches by SH-like aLRT with 1000 replicates...
5.027 sec.
Creating bootstrap support values...
Split supports printed to NEXUS file results/zika_americas_2015_2016/zika_americas_2015_2016_ml.splits.nex
Total tree length: 0.093

Total number of iterations: 105
CPU time used for tree search: 834.332 sec (0h:13m:54s)
Wall-clock time used for tree search: 403.228 sec (0h:6m:43s)
Total CPU time used: 920.903 sec (0h:15m:20s)
Total wall-clock time used: 438.154 sec (0h:7m:18s)
UFBoot trees printed to results/zika_americas_2015_2016/zika_americas_2015_2016_ml.ufboot

Computing bootstrap consensus tree...
Reading input file results/zika_americas_2015_2016/zika_americas_2015_2016_ml.splits.nex...
100 taxa and 728 splits.
Consensus tree written to results/zika_americas_2015_2016/zika_americas_2015_2016_ml.contree
Reading input trees file results/zika_americas_2015_2016/zika_americas_2015_2016_ml.contree
Log-likelihood of consensus tree: -23024.802

Analysis results written to: 
  IQ-TREE report:                results/zika_americas_2015_2016/zika_americas_2015_2016_ml.iqtree
  Maximum-likelihood tree:       results/zika_americas_2015_2016/zika_americas_2015_2016_ml.treefile
  Likelihood distances:          results/zika_americas_2015_2016/zika_americas_2015_2016_ml.mldist

Ultrafast bootstrap approximation results written to:
  Split support values:          results/zika_americas_2015_2016/zika_americas_2015_2016_ml.splits.nex
  Consensus tree:                results/zika_americas_2015_2016/zika_americas_2015_2016_ml.contree
  UFBoot trees:                  results/zika_americas_2015_2016/zika_americas_2015_2016_ml.ufboot
  Screen log file:               results/zika_americas_2015_2016/zika_americas_2015_2016_ml.log

Date and Time: Wed Sep  9 00:32:31 2026
