IQ-TREE multicore version 2.3.6 for Linux x86 64-bit built Aug  1 2024
Developed by Bui Quang Minh, Nguyen Lam Tung, Olga Chernomor, Heiko Schmidt,
Dominik Schrempf, Michael Woodhams, Ly Trong Nhan, Thomas Wong

Host:    07be82772fbe (AVX2, FMA3, 503 GB RAM)
Command: /workspaces/maximum_likelihood_vs_bayesian_20260908_230005_3f2f2099/code/bin/iqtree2 -s /workspaces/maximum_likelihood_vs_bayesian_20260908_230005_3f2f2099/datasets/fmdv_uk_2007/analysis.fasta -m MFP --prefix results/fmdv_uk_2007/fmdv_uk_2007_mlrep2 -T 2 -redo --quiet -seed 2024
Seed:    2024 (Using SPRNG - Scalable Parallel Random Number Generator)
Time:    Wed Sep  9 00:24:40 2026
Kernel:  AVX+FMA - 2 threads (32 CPU cores detected)

Reading alignment file /workspaces/maximum_likelihood_vs_bayesian_20260908_230005_3f2f2099/datasets/fmdv_uk_2007/analysis.fasta ... Fasta format detected
Reading fasta file: done in 0.00860369 secs using 85% CPU
Alignment most likely contains DNA/RNA sequences
WARNING: 10 sites contain only gaps or ambiguous characters.
Alignment has 45 sequences with 8176 columns, 60 distinct patterns
23 parsimony-informative, 30 singleton sites, 8123 constant sites
          Gap/Ambiguity  Composition  p-value
Analyzing sequences: done in 1.45482e-05 secs using 82.48% CPU
   1  EU448371    0.12%    passed     99.99%
   2  KJ560276    0.13%    passed     99.99%
   3  KJ560277    0.13%    passed    100.00%
   4  KJ560278    0.13%    passed    100.00%
   5  KJ560279    0.13%    passed    100.00%
   6  EU448372    0.12%    passed     99.99%
   7  EU448373    0.13%    passed    100.00%
   8  KJ560280    0.13%    passed    100.00%
   9  KJ560281    0.16%    passed    100.00%
  10  KJ560282    0.13%    passed    100.00%
  11  KJ560283    0.13%    passed     99.99%
  12  KJ560284    0.13%    passed    100.00%
  13  KJ560285    0.13%    passed     99.99%
  14  EU448374    0.12%    passed     99.99%
  15  KJ560286    0.13%    passed    100.00%
  16  KJ560287    0.16%    passed     99.99%
  17  EU448375    0.12%    passed    100.00%
  18  KJ560288    0.13%    passed    100.00%
  19  KJ560289    0.15%    passed    100.00%
  20  KJ560290    0.13%    passed    100.00%
  21  KJ560291    0.13%    passed    100.00%
  22  KJ560292    0.15%    passed    100.00%
  23  KJ560293    0.15%    passed    100.00%
  24  KJ560294    0.15%    passed    100.00%
  25  EU448377    0.12%    passed    100.00%
  26  KJ560296    0.13%    passed     99.99%
  27  EU448376    0.12%    passed    100.00%
  28  KJ560295    0.13%    passed    100.00%
  29  EU448378    0.13%    passed     99.99%
  30  KJ560297    0.18%    passed     99.99%
  31  KJ560298    0.15%    passed     99.98%
  32  KJ560299    0.13%    passed    100.00%
  33  KJ560300    0.16%    passed    100.00%
  34  EU448379    0.12%    passed     99.97%
  35  KJ560301    0.13%    passed     99.97%
  36  KJ560302    0.13%    passed     99.97%
  37  EU448380    0.12%    passed    100.00%
  38  KJ560303    0.13%    passed    100.00%
  39  KJ560304    0.13%    passed    100.00%
  40  KJ560305    0.13%    passed    100.00%
  41  KJ560306    0.13%    passed    100.00%
  42  KJ560307    0.13%    passed    100.00%
  43  KJ560308    0.13%    passed     99.99%
  44  KJ560309    0.13%    passed    100.00%
  45  EU448381    0.12%    passed     99.99%
****  TOTAL       0.14%  0 sequences failed composition chi2 test (p-value<5%; df=3)
NOTE: KJ560279 is identical to KJ560278 but kept for subsequent analysis
NOTE: KJ560284 is identical to KJ560280 but kept for subsequent analysis
NOTE: KJ560290 is identical to KJ560288 but kept for subsequent analysis
NOTE: KJ560293 is identical to KJ560292 but kept for subsequent analysis
NOTE: KJ560302 is identical to KJ560301 but kept for subsequent analysis
NOTE: KJ560306 is identical to KJ560303 but kept for subsequent analysis
NOTE: KJ560309 is identical to KJ560305 but kept for subsequent analysis
NOTE: 2 identical sequences (see below) will be ignored for subsequent analysis
NOTE: KJ560282 (identical to KJ560278) is ignored but added at the end
NOTE: KJ560291 (identical to KJ560288) is ignored but added at the end
Alignment was printed to results/fmdv_uk_2007/fmdv_uk_2007_mlrep2.uniqueseq.phy

For your convenience alignment with unique sequences printed to results/fmdv_uk_2007/fmdv_uk_2007_mlrep2.uniqueseq.phy


Create initial parsimony tree by phylogenetic likelihood library (PLL)... 0.001 seconds
WARNING: Number of threads seems too high for short alignments. Use -T AUTO to determine best number of threads.
Perform fast likelihood tree search using GTR+I+G model...
Estimate model parameters (epsilon = 5.000)

WARNING: Estimated model parameters are at boundary that can cause numerical instability!

Perform nearest neighbor interchange...
Estimate model parameters (epsilon = 1.000)
1. Initial log-likelihood: -11794.976
Optimal log-likelihood: -11794.971
Rate parameters:  A-C: 8.21518  A-G: 89.31134  A-T: 9.78968  C-G: 0.00010  C-T: 99.89638  G-T: 1.00000
Warning! Some parameters hit the boundaries
Base frequencies:  A: 0.251  C: 0.283  G: 0.255  T: 0.212
Proportion of invariable sites: 0.497
Gamma shape alpha: 0.181
Parameters optimization took 1 rounds (0.006 sec)

WARNING: Estimated model parameters are at boundary that can cause numerical instability!

Time for fast ML tree search: 0.073 seconds

NOTE: ModelFinder requires 0 MB RAM!
ModelFinder will test up to 484 DNA models (sample size: 8176 epsilon: 0.100) ...
 No. Model         -LnL         df  AIC          AICc         BIC
WARNING: Number of threads seems too high for short alignments. Use -T AUTO to determine best number of threads.
  1  GTR+F         11796.016    91  23774.032    23776.103    24411.847
WARNING: Number of threads seems too high for short alignments. Use -T AUTO to determine best number of threads.
  2  GTR+F+I       11794.957    92  23773.914    23776.031    24418.738
WARNING: Number of threads seems too high for short alignments. Use -T AUTO to determine best number of threads.
  3  GTR+F+G4      11795.059    92  23774.118    23776.235    24418.942
WARNING: Number of threads seems too high for short alignments. Use -T AUTO to determine best number of threads.
  4  GTR+F+I+G4    11794.949    93  23775.897    23778.061    24427.731
WARNING: Number of threads seems too high for short alignments. Use -T AUTO to determine best number of threads.
  5  GTR+F+R2      11795.445    93  23776.890    23779.053    24428.723
WARNING: Number of threads seems too high for short alignments. Use -T AUTO to determine best number of threads.
+R3 reinitialized from +R2 with factor 0.500
  6  GTR+F+R3      11795.498    95  23780.996    23783.254    24446.847
WARNING: Number of threads seems too high for short alignments. Use -T AUTO to determine best number of threads.
 14  GTR+F+I+R2    11795.045    94  23778.090    23780.300    24436.932
WARNING: Number of threads seems too high for short alignments. Use -T AUTO to determine best number of threads.
 15  GTR+F+I+R3    11795.123    96  23782.246    23784.551    24455.106
WARNING: Number of threads seems too high for short alignments. Use -T AUTO to determine best number of threads.
 23  SYM           11836.775    88  23849.551    23851.488    24466.339
WARNING: Number of threads seems too high for short alignments. Use -T AUTO to determine best number of threads.
 24  SYM+I         11835.771    89  23849.543    23851.524    24473.340
WARNING: Number of threads seems too high for short alignments. Use -T AUTO to determine best number of threads.
 25  SYM+G4        11835.856    89  23849.712    23851.693    24473.509
WARNING: Number of threads seems too high for short alignments. Use -T AUTO to determine best number of threads.
 45  TVM+F         11795.934    90  23771.868    23773.894    24402.674
WARNING: Number of threads seems too high for short alignments. Use -T AUTO to determine best number of threads.
 46  TVM+F+I       11794.835    91  23771.669    23773.740    24409.484
WARNING: Number of threads seems too high for short alignments. Use -T AUTO to determine best number of threads.
 47  TVM+F+G4      11794.938    91  23771.877    23773.948    24409.692
WARNING: Number of threads seems too high for short alignments. Use -T AUTO to determine best number of threads.
 67  TVMe          11836.749    87  23847.497    23849.390    24457.276
WARNING: Number of threads seems too high for short alignments. Use -T AUTO to determine best number of threads.
 68  TVMe+I        11835.732    88  23847.464    23849.401    24464.252
WARNING: Number of threads seems too high for short alignments. Use -T AUTO to determine best number of threads.
 69  TVMe+G4       11835.818    88  23847.636    23849.573    24464.424
WARNING: Number of threads seems too high for short alignments. Use -T AUTO to determine best number of threads.
 89  TIM3+F        11795.623    89  23769.245    23771.226    24393.042
WARNING: Number of threads seems too high for short alignments. Use -T AUTO to determine best number of threads.
 90  TIM3+F+I      11794.579    90  23769.157    23771.183    24399.963
WARNING: Number of threads seems too high for short alignments. Use -T AUTO to determine best number of threads.
 91  TIM3+F+G4     11794.682    90  23769.364    23771.390    24400.170
WARNING: Number of threads seems too high for short alignments. Use -T AUTO to determine best number of threads.
111  TIM3e         11836.532    86  23845.063    23846.913    24447.834
WARNING: Number of threads seems too high for short alignments. Use -T AUTO to determine best number of threads.
112  TIM3e+I       11835.526    87  23845.052    23846.945    24454.831
WARNING: Number of threads seems too high for short alignments. Use -T AUTO to determine best number of threads.
113  TIM3e+G4      11835.610    87  23845.220    23847.113    24454.999
WARNING: Number of threads seems too high for short alignments. Use -T AUTO to determine best number of threads.
133  TIM2+F        11795.260    89  23768.520    23770.501    24392.317
WARNING: Number of threads seems too high for short alignments. Use -T AUTO to determine best number of threads.
134  TIM2+F+I      11794.230    90  23768.461    23770.487    24399.267
WARNING: Number of threads seems too high for short alignments. Use -T AUTO to determine best number of threads.
135  TIM2+F+G4     11794.322    90  23768.645    23770.671    24399.451
WARNING: Number of threads seems too high for short alignments. Use -T AUTO to determine best number of threads.
155  TIM2e         11836.092    86  23844.185    23846.035    24446.955
WARNING: Number of threads seems too high for short alignments. Use -T AUTO to determine best number of threads.
156  TIM2e+I       11835.097    87  23844.193    23846.086    24453.972
WARNING: Number of threads seems too high for short alignments. Use -T AUTO to determine best number of threads.
157  TIM2e+G4      11835.176    87  23844.352    23846.245    24454.131
WARNING: Number of threads seems too high for short alignments. Use -T AUTO to determine best number of threads.
177  TIM+F         11795.138    89  23768.275    23770.256    24392.072
WARNING: Number of threads seems too high for short alignments. Use -T AUTO to determine best number of threads.
178  TIM+F+I       11794.105    90  23768.210    23770.236    24399.017
WARNING: Number of threads seems too high for short alignments. Use -T AUTO to determine best number of threads.
179  TIM+F+G4      11794.204    90  23768.408    23770.434    24399.214
WARNING: Number of threads seems too high for short alignments. Use -T AUTO to determine best number of threads.
199  TIMe          11835.990    86  23843.981    23845.831    24446.751
WARNING: Number of threads seems too high for short alignments. Use -T AUTO to determine best number of threads.
200  TIMe+I        11834.993    87  23843.985    23845.878    24453.764
WARNING: Number of threads seems too high for short alignments. Use -T AUTO to determine best number of threads.
201  TIMe+G4       11835.077    87  23844.154    23846.047    24453.933
WARNING: Number of threads seems too high for short alignments. Use -T AUTO to determine best number of threads.
221  TPM3u+F       11795.786    88  23767.572    23769.509    24384.361
WARNING: Number of threads seems too high for short alignments. Use -T AUTO to determine best number of threads.
222  TPM3u+F+I     11794.477    89  23766.953    23768.935    24390.751
WARNING: Number of threads seems too high for short alignments. Use -T AUTO to determine best number of threads.
223  TPM3u+F+G4    11794.581    89  23767.161    23769.142    24390.958
WARNING: Number of threads seems too high for short alignments. Use -T AUTO to determine best number of threads.
243  TPM3          11836.428    85  23842.855    23844.663    24438.617
WARNING: Number of threads seems too high for short alignments. Use -T AUTO to determine best number of threads.
244  TPM3+I        11835.424    86  23842.848    23844.698    24445.618
WARNING: Number of threads seems too high for short alignments. Use -T AUTO to determine best number of threads.
245  TPM3+G4       11835.512    86  23843.024    23844.874    24445.794
WARNING: Number of threads seems too high for short alignments. Use -T AUTO to determine best number of threads.
265  TPM2u+F       11795.379    88  23766.757    23768.694    24383.545
WARNING: Number of threads seems too high for short alignments. Use -T AUTO to determine best number of threads.
266  TPM2u+F+I     11794.156    89  23766.311    23768.293    24390.109
WARNING: Number of threads seems too high for short alignments. Use -T AUTO to determine best number of threads.
267  TPM2u+F+G4    11794.250    89  23766.501    23768.482    24390.298
WARNING: Number of threads seems too high for short alignments. Use -T AUTO to determine best number of threads.
287  TPM2          11835.977    85  23841.953    23843.760    24437.715
WARNING: Number of threads seems too high for short alignments. Use -T AUTO to determine best number of threads.
288  TPM2+I        11834.986    86  23841.972    23843.821    24444.742
WARNING: Number of threads seems too high for short alignments. Use -T AUTO to determine best number of threads.
289  TPM2+G4       11835.067    86  23842.135    23843.985    24444.905
WARNING: Number of threads seems too high for short alignments. Use -T AUTO to determine best number of threads.
309  K3Pu+F        11795.270    88  23766.539    23768.476    24383.328
WARNING: Number of threads seems too high for short alignments. Use -T AUTO to determine best number of threads.
310  K3Pu+F+I      11794.236    89  23766.472    23768.454    24390.270
WARNING: Number of threads seems too high for short alignments. Use -T AUTO to determine best number of threads.
311  K3Pu+F+G4     11794.333    89  23766.665    23768.647    24390.463
WARNING: Number of threads seems too high for short alignments. Use -T AUTO to determine best number of threads.
331  K3P           11836.071    85  23842.141    23843.948    24437.903
WARNING: Number of threads seems too high for short alignments. Use -T AUTO to determine best number of threads.
332  K3P+I         11835.073    86  23842.146    23843.996    24444.916
WARNING: Number of threads seems too high for short alignments. Use -T AUTO to determine best number of threads.
333  K3P+G4        11835.156    86  23842.312    23844.162    24445.082
WARNING: Number of threads seems too high for short alignments. Use -T AUTO to determine best number of threads.
353  TN+F          11795.782    88  23767.564    23769.501    24384.352
WARNING: Number of threads seems too high for short alignments. Use -T AUTO to determine best number of threads.
354  TN+F+I        11794.746    89  23767.492    23769.473    24391.289
WARNING: Number of threads seems too high for short alignments. Use -T AUTO to determine best number of threads.
355  TN+F+G4       11794.846    89  23767.693    23769.674    24391.490
WARNING: Number of threads seems too high for short alignments. Use -T AUTO to determine best number of threads.
375  TNe           11836.642    85  23843.283    23845.091    24439.045
WARNING: Number of threads seems too high for short alignments. Use -T AUTO to determine best number of threads.
376  TNe+I         11835.636    86  23843.273    23845.123    24446.043
WARNING: Number of threads seems too high for short alignments. Use -T AUTO to determine best number of threads.
377  TNe+G4        11835.720    86  23843.440    23845.290    24446.210
WARNING: Number of threads seems too high for short alignments. Use -T AUTO to determine best number of threads.
397  HKY+F         11795.837    87  23765.674    23767.567    24375.453
WARNING: Number of threads seems too high for short alignments. Use -T AUTO to determine best number of threads.
398  HKY+F+I       11794.804    88  23765.609    23767.546    24382.397
WARNING: Number of threads seems too high for short alignments. Use -T AUTO to determine best number of threads.
399  HKY+F+G4      11794.902    88  23765.805    23767.741    24382.593
WARNING: Number of threads seems too high for short alignments. Use -T AUTO to determine best number of threads.
419  K2P           11836.636    84  23841.271    23843.036    24430.024
WARNING: Number of threads seems too high for short alignments. Use -T AUTO to determine best number of threads.
420  K2P+I         11835.635    85  23841.270    23843.077    24437.031
WARNING: Number of threads seems too high for short alignments. Use -T AUTO to determine best number of threads.
421  K2P+G4        11835.719    85  23841.438    23843.245    24437.199
WARNING: Number of threads seems too high for short alignments. Use -T AUTO to determine best number of threads.
441  F81+F         11829.724    86  23831.447    23833.297    24434.218
WARNING: Number of threads seems too high for short alignments. Use -T AUTO to determine best number of threads.
442  F81+F+I       11828.722    87  23831.445    23833.338    24441.224
WARNING: Number of threads seems too high for short alignments. Use -T AUTO to determine best number of threads.
443  F81+F+G4      11828.810    87  23831.619    23833.513    24441.399
WARNING: Number of threads seems too high for short alignments. Use -T AUTO to determine best number of threads.
463  JC            11870.235    83  23906.471    23908.194    24488.214
WARNING: Number of threads seems too high for short alignments. Use -T AUTO to determine best number of threads.
464  JC+I          11869.244    84  23906.488    23908.253    24495.240
WARNING: Number of threads seems too high for short alignments. Use -T AUTO to determine best number of threads.
465  JC+G4         11869.327    84  23906.654    23908.419    24495.407
Akaike Information Criterion:           HKY+F+I
Corrected Akaike Information Criterion: HKY+F+I
Bayesian Information Criterion:         HKY+F
Best-fit model: HKY+F chosen according to BIC

All model information printed to results/fmdv_uk_2007/fmdv_uk_2007_mlrep2.model.gz
CPU time for ModelFinder: 1.070 seconds (0h:0m:1s)
Wall-clock time for ModelFinder: 0.586 seconds (0h:0m:0s)

NOTE: 0 MB RAM (0 GB) is required!
WARNING: Number of threads seems too high for short alignments. Use -T AUTO to determine best number of threads.
Estimate model parameters (epsilon = 0.100)
1. Initial log-likelihood: -11829.724
2. Current log-likelihood: -11797.365
Optimal log-likelihood: -11797.350
Rate parameters:  A-C: 1.00000  A-G: 29.87073  A-T: 1.00000  C-G: 1.00000  C-T: 29.87073  G-T: 1.00000
Base frequencies:  A: 0.251  C: 0.283  G: 0.255  T: 0.212
Parameters optimization took 2 rounds (0.006 sec)
Wrote distance file to... 
Computing ML distances based on estimated model parameters...
Calculating distance matrix: done in 0.00197227 secs using 201.5% CPU
Computing ML distances took 0.002027 sec (of wall-clock time) 0.004033 sec (of CPU time)
Setting up auxiliary I and S matrices: done in 0.000117664 secs using 90.09% CPU
Computing RapidNJ tree took 0.000589 sec (of wall-clock time) 0.000537 sec (of CPU time)
Log-likelihood of RapidNJ tree: -11798.080
--------------------------------------------------------------------
|             INITIALIZING CANDIDATE TREE SET                      |
--------------------------------------------------------------------
Generating 98 parsimony trees... 0.107 second
Computing log-likelihood of 98 initial trees ... 0.134 seconds
Current best score: -11797.350

Do NNI search on 20 best initial trees
Estimate model parameters (epsilon = 0.100)
BETTER TREE FOUND at iteration 1: -11797.336
Iteration 10 / LogL: -11797.344 / Time: 0h:0m:1s
Iteration 20 / LogL: -11797.376 / Time: 0h:0m:1s
Finish initializing candidate tree set (20)
Current best tree score: -11797.336 / CPU time: 0.663
Number of iterations: 20
--------------------------------------------------------------------
|               OPTIMIZING CANDIDATE TREE SET                      |
--------------------------------------------------------------------
Iteration 30 / LogL: -11797.416 / Time: 0h:0m:1s (0h:0m:2s left)
Iteration 40 / LogL: -11797.405 / Time: 0h:0m:1s (0h:0m:2s left)
Iteration 50 / LogL: -11797.437 / Time: 0h:0m:2s (0h:0m:1s left)
Iteration 60 / LogL: -11797.410 / Time: 0h:0m:2s (0h:0m:1s left)
Iteration 70 / LogL: -11801.243 / Time: 0h:0m:2s (0h:0m:1s left)
Iteration 80 / LogL: -11811.409 / Time: 0h:0m:3s (0h:0m:0s left)
Iteration 90 / LogL: -11806.408 / Time: 0h:0m:3s (0h:0m:0s left)
Iteration 100 / LogL: -11831.783 / Time: 0h:0m:3s (0h:0m:0s left)
TREE SEARCH COMPLETED AFTER 102 ITERATIONS / Time: 0h:0m:3s

--------------------------------------------------------------------
|                    FINALIZING TREE SEARCH                        |
--------------------------------------------------------------------
Performs final model parameters optimization
Estimate model parameters (epsilon = 0.010)
1. Initial log-likelihood: -11797.336
2. Current log-likelihood: -11797.321
3. Current log-likelihood: -11797.307
4. Current log-likelihood: -11797.293
5. Current log-likelihood: -11797.278
6. Current log-likelihood: -11797.264
7. Current log-likelihood: -11797.250
8. Current log-likelihood: -11797.235
9. Current log-likelihood: -11797.221
10. Current log-likelihood: -11797.206
11. Current log-likelihood: -11797.192
12. Current log-likelihood: -11797.177
13. Current log-likelihood: -11797.163
14. Current log-likelihood: -11797.148
15. Current log-likelihood: -11797.134
16. Current log-likelihood: -11795.806
Optimal log-likelihood: -11795.805
Rate parameters:  A-C: 1.00000  A-G: 14.63483  A-T: 1.00000  C-G: 1.00000  C-T: 14.63483  G-T: 1.00000
Base frequencies:  A: 0.251  C: 0.283  G: 0.255  T: 0.212
Parameters optimization took 16 rounds (0.048 sec)
BEST SCORE FOUND : -11795.805
Total tree length: 0.007

Total number of iterations: 102
CPU time used for tree search: 5.361 sec (0h:0m:5s)
Wall-clock time used for tree search: 3.264 sec (0h:0m:3s)
Total CPU time used: 6.558 sec (0h:0m:6s)
Total wall-clock time used: 3.921 sec (0h:0m:3s)

Analysis results written to: 
  IQ-TREE report:                results/fmdv_uk_2007/fmdv_uk_2007_mlrep2.iqtree
  Maximum-likelihood tree:       results/fmdv_uk_2007/fmdv_uk_2007_mlrep2.treefile
  Likelihood distances:          results/fmdv_uk_2007/fmdv_uk_2007_mlrep2.mldist
  Screen log file:               results/fmdv_uk_2007/fmdv_uk_2007_mlrep2.log

Date and Time: Wed Sep  9 00:24:43 2026
