IQ-TREE multicore version 2.3.6 for Linux x86 64-bit built Aug  1 2024
Developed by Bui Quang Minh, Nguyen Lam Tung, Olga Chernomor, Heiko Schmidt,
Dominik Schrempf, Michael Woodhams, Ly Trong Nhan, Thomas Wong

Host:    07be82772fbe (AVX2, FMA3, 503 GB RAM)
Command: /workspaces/maximum_likelihood_vs_bayesian_20260908_230005_3f2f2099/code/bin/iqtree2 -s /workspaces/maximum_likelihood_vs_bayesian_20260908_230005_3f2f2099/datasets/fmdv_uk_2007/analysis.fasta -m GTR+F+I+G4 --prefix results/fmdv_uk_2007/fmdv_uk_2007_mlgtr -T 2 -redo --quiet -B 1000 --wbtl -alrt 1000 -seed 1
Seed:    1 (Using SPRNG - Scalable Parallel Random Number Generator)
Time:    Wed Sep  9 00:42:03 2026
Kernel:  AVX+FMA - 2 threads (32 CPU cores detected)

Reading alignment file /workspaces/maximum_likelihood_vs_bayesian_20260908_230005_3f2f2099/datasets/fmdv_uk_2007/analysis.fasta ... Fasta format detected
Reading fasta file: done in 0.00583802 secs using 64.42% CPU
Alignment most likely contains DNA/RNA sequences
WARNING: 10 sites contain only gaps or ambiguous characters.
Alignment has 45 sequences with 8176 columns, 60 distinct patterns
23 parsimony-informative, 30 singleton sites, 8123 constant sites
          Gap/Ambiguity  Composition  p-value
Analyzing sequences: done in 1.72218e-05 secs
   1  EU448371    0.12%    passed     99.99%
   2  KJ560276    0.13%    passed     99.99%
   3  KJ560277    0.13%    passed    100.00%
   4  KJ560278    0.13%    passed    100.00%
   5  KJ560279    0.13%    passed    100.00%
   6  EU448372    0.12%    passed     99.99%
   7  EU448373    0.13%    passed    100.00%
   8  KJ560280    0.13%    passed    100.00%
   9  KJ560281    0.16%    passed    100.00%
  10  KJ560282    0.13%    passed    100.00%
  11  KJ560283    0.13%    passed     99.99%
  12  KJ560284    0.13%    passed    100.00%
  13  KJ560285    0.13%    passed     99.99%
  14  EU448374    0.12%    passed     99.99%
  15  KJ560286    0.13%    passed    100.00%
  16  KJ560287    0.16%    passed     99.99%
  17  EU448375    0.12%    passed    100.00%
  18  KJ560288    0.13%    passed    100.00%
  19  KJ560289    0.15%    passed    100.00%
  20  KJ560290    0.13%    passed    100.00%
  21  KJ560291    0.13%    passed    100.00%
  22  KJ560292    0.15%    passed    100.00%
  23  KJ560293    0.15%    passed    100.00%
  24  KJ560294    0.15%    passed    100.00%
  25  EU448377    0.12%    passed    100.00%
  26  KJ560296    0.13%    passed     99.99%
  27  EU448376    0.12%    passed    100.00%
  28  KJ560295    0.13%    passed    100.00%
  29  EU448378    0.13%    passed     99.99%
  30  KJ560297    0.18%    passed     99.99%
  31  KJ560298    0.15%    passed     99.98%
  32  KJ560299    0.13%    passed    100.00%
  33  KJ560300    0.16%    passed    100.00%
  34  EU448379    0.12%    passed     99.97%
  35  KJ560301    0.13%    passed     99.97%
  36  KJ560302    0.13%    passed     99.97%
  37  EU448380    0.12%    passed    100.00%
  38  KJ560303    0.13%    passed    100.00%
  39  KJ560304    0.13%    passed    100.00%
  40  KJ560305    0.13%    passed    100.00%
  41  KJ560306    0.13%    passed    100.00%
  42  KJ560307    0.13%    passed    100.00%
  43  KJ560308    0.13%    passed     99.99%
  44  KJ560309    0.13%    passed    100.00%
  45  EU448381    0.12%    passed     99.99%
****  TOTAL       0.14%  0 sequences failed composition chi2 test (p-value<5%; df=3)
NOTE: KJ560279 is identical to KJ560278 but kept for subsequent analysis
NOTE: KJ560284 is identical to KJ560280 but kept for subsequent analysis
NOTE: KJ560290 is identical to KJ560288 but kept for subsequent analysis
NOTE: KJ560293 is identical to KJ560292 but kept for subsequent analysis
NOTE: KJ560302 is identical to KJ560301 but kept for subsequent analysis
NOTE: KJ560306 is identical to KJ560303 but kept for subsequent analysis
NOTE: KJ560309 is identical to KJ560305 but kept for subsequent analysis
NOTE: 2 identical sequences (see below) will be ignored for subsequent analysis
NOTE: KJ560282 (identical to KJ560278) is ignored but added at the end
NOTE: KJ560291 (identical to KJ560288) is ignored but added at the end
Alignment was printed to results/fmdv_uk_2007/fmdv_uk_2007_mlgtr.uniqueseq.phy

For your convenience alignment with unique sequences printed to results/fmdv_uk_2007/fmdv_uk_2007_mlgtr.uniqueseq.phy

Create initial parsimony tree by phylogenetic likelihood library (PLL)... 0.001 seconds
Generating 1000 samples for ultrafast bootstrap (seed: 1)...

NOTE: 0 MB RAM (0 GB) is required!
WARNING: Number of threads seems too high for short alignments. Use -T AUTO to determine best number of threads.
Estimate model parameters (epsilon = 0.100)
Thoroughly optimizing +I+G parameters from 10 start values...
Init pinv, alpha: 0.000, 1.000 / Estimate: 0.000, 0.020 / LogL: -11794.803
Init pinv, alpha: 0.110, 1.000 / Estimate: 0.110, 0.020 / LogL: -11794.758
Init pinv, alpha: 0.221, 1.000 / Estimate: 0.221, 0.020 / LogL: -11794.720
Init pinv, alpha: 0.331, 1.000 / Estimate: 0.331, 0.020 / LogL: -11794.695
Init pinv, alpha: 0.442, 1.000 / Estimate: 0.442, 0.132 / LogL: -11794.690
Init pinv, alpha: 0.552, 1.000 / Estimate: 0.552, 0.272 / LogL: -11794.689
Init pinv, alpha: 0.662, 1.000 / Estimate: 0.662, 0.551 / LogL: -11794.689
Init pinv, alpha: 0.773, 1.000 / Estimate: 0.773, 1.679 / LogL: -11794.688
Init pinv, alpha: 0.883, 1.000 / Estimate: 0.883, 998.437 / LogL: -11794.728
Init pinv, alpha: 0.994, 1.000 / Estimate: 0.975, 998.447 / LogL: -11799.801
Optimal pinv,alpha: 0.773, 1.679 / LogL: -11794.688

Parameters optimization took 0.303 sec
Wrote distance file to... 
Computing ML distances based on estimated model parameters...
Calculating distance matrix: done in 0.00727651 secs using 203% CPU
Computing ML distances took 0.007365 sec (of wall-clock time) 0.014860 sec (of CPU time)
Setting up auxiliary I and S matrices: done in 0.000159553 secs
Computing RapidNJ tree took 0.000741 sec (of wall-clock time) 0.000000 sec (of CPU time)
Log-likelihood of RapidNJ tree: -11795.324
--------------------------------------------------------------------
|             INITIALIZING CANDIDATE TREE SET                      |
--------------------------------------------------------------------
Generating 98 parsimony trees... 0.103 second
Computing log-likelihood of 98 initial trees ... 0.168 seconds
Current best score: -11794.655

Do NNI search on 20 best initial trees
Estimate model parameters (epsilon = 0.100)
BETTER TREE FOUND at iteration 1: -11794.638
Estimate model parameters (epsilon = 0.100)
BETTER TREE FOUND at iteration 2: -11794.626
BETTER TREE FOUND at iteration 8: -11794.625
BETTER TREE FOUND at iteration 10: -11794.625
Iteration 10 / LogL: -11794.625 / Time: 0h:0m:1s
Iteration 20 / LogL: -11794.641 / Time: 0h:0m:1s
Finish initializing candidate tree set (20)
Current best tree score: -11794.625 / CPU time: 1.363
Number of iterations: 20
--------------------------------------------------------------------
|               OPTIMIZING CANDIDATE TREE SET                      |
--------------------------------------------------------------------
Iteration 30 / LogL: -11794.712 / Time: 0h:0m:2s (0h:0m:6s left)
Iteration 40 / LogL: -11794.656 / Time: 0h:0m:2s (0h:0m:5s left)
Iteration 50 / LogL: -11794.763 / Time: 0h:0m:3s (0h:0m:4s left)
Log-likelihood cutoff on original alignment: -11842.838
UFBoot trees printed to results/fmdv_uk_2007/fmdv_uk_2007_mlgtr.ufboot
Iteration 60 / LogL: -11798.556 / Time: 0h:0m:4s (0h:0m:3s left)
Iteration 70 / LogL: -11794.747 / Time: 0h:0m:4s (0h:0m:2s left)
Iteration 80 / LogL: -11794.681 / Time: 0h:0m:5s (0h:0m:2s left)
Iteration 90 / LogL: -11794.724 / Time: 0h:0m:6s (0h:0m:1s left)
BETTER TREE FOUND at iteration 95: -11794.625
Iteration 100 / LogL: -11798.512 / Time: 0h:0m:6s (0h:0m:6s left)
Log-likelihood cutoff on original alignment: -11844.260
NOTE: Bootstrap correlation coefficient of split occurrence frequencies: 0.977
NOTE: UFBoot does not converge, continue at least 100 more iterations
UFBoot trees printed to results/fmdv_uk_2007/fmdv_uk_2007_mlgtr.ufboot
Iteration 110 / LogL: -11794.681 / Time: 0h:0m:7s (0h:0m:6s left)
Iteration 120 / LogL: -11798.493 / Time: 0h:0m:8s (0h:0m:5s left)
Iteration 130 / LogL: -11794.680 / Time: 0h:0m:8s (0h:0m:4s left)
Iteration 140 / LogL: -11794.649 / Time: 0h:0m:9s (0h:0m:4s left)
Iteration 150 / LogL: -11794.679 / Time: 0h:0m:10s (0h:0m:3s left)
Log-likelihood cutoff on original alignment: -11844.260
UFBoot trees printed to results/fmdv_uk_2007/fmdv_uk_2007_mlgtr.ufboot
Iteration 160 / LogL: -11794.723 / Time: 0h:0m:11s (0h:0m:2s left)
Iteration 170 / LogL: -11794.751 / Time: 0h:0m:11s (0h:0m:2s left)
Iteration 180 / LogL: -11794.777 / Time: 0h:0m:12s (0h:0m:1s left)
Iteration 190 / LogL: -11809.860 / Time: 0h:0m:12s (0h:0m:0s left)
Iteration 200 / LogL: -11819.843 / Time: 0h:0m:13s (0h:0m:0s left)
Log-likelihood cutoff on original alignment: -11844.978
NOTE: Bootstrap correlation coefficient of split occurrence frequencies: 0.995
UFBoot trees printed to results/fmdv_uk_2007/fmdv_uk_2007_mlgtr.ufboot
TREE SEARCH COMPLETED AFTER 200 ITERATIONS / Time: 0h:0m:13s

--------------------------------------------------------------------
|                    FINALIZING TREE SEARCH                        |
--------------------------------------------------------------------
Performs final model parameters optimization
Estimate model parameters (epsilon = 0.010)
1. Initial log-likelihood: -11794.625
Optimal log-likelihood: -11794.624
Rate parameters:  A-C: 9.14877  A-G: 76.14538  A-T: 7.55264  C-G: 0.00010  C-T: 82.14112  G-T: 1.00000
Warning! Some parameters hit the boundaries
Base frequencies:  A: 0.251  C: 0.283  G: 0.255  T: 0.212
Proportion of invariable sites: 0.773
Gamma shape alpha: 1.659
Parameters optimization took 1 rounds (0.005 sec)
BEST SCORE FOUND : -11794.624

Testing tree branches by SH-like aLRT with 1000 replicates...
0.079 sec.
Creating bootstrap support values...
Split supports printed to NEXUS file results/fmdv_uk_2007/fmdv_uk_2007_mlgtr.splits.nex
Total tree length: 0.007

Total number of iterations: 200
CPU time used for tree search: 23.361 sec (0h:0m:23s)
Wall-clock time used for tree search: 13.419 sec (0h:0m:13s)
Total CPU time used: 24.307 sec (0h:0m:24s)
Total wall-clock time used: 13.978 sec (0h:0m:13s)
UFBoot trees printed to results/fmdv_uk_2007/fmdv_uk_2007_mlgtr.ufboot

Computing bootstrap consensus tree...
Reading input file results/fmdv_uk_2007/fmdv_uk_2007_mlgtr.splits.nex...
43 taxa and 670 splits.
Consensus tree written to results/fmdv_uk_2007/fmdv_uk_2007_mlgtr.contree
Reading input trees file results/fmdv_uk_2007/fmdv_uk_2007_mlgtr.contree
Log-likelihood of consensus tree: -11795.382

Analysis results written to: 
  IQ-TREE report:                results/fmdv_uk_2007/fmdv_uk_2007_mlgtr.iqtree
  Maximum-likelihood tree:       results/fmdv_uk_2007/fmdv_uk_2007_mlgtr.treefile
  Likelihood distances:          results/fmdv_uk_2007/fmdv_uk_2007_mlgtr.mldist

Ultrafast bootstrap approximation results written to:
  Split support values:          results/fmdv_uk_2007/fmdv_uk_2007_mlgtr.splits.nex
  Consensus tree:                results/fmdv_uk_2007/fmdv_uk_2007_mlgtr.contree
  UFBoot trees:                  results/fmdv_uk_2007/fmdv_uk_2007_mlgtr.ufboot
  Screen log file:               results/fmdv_uk_2007/fmdv_uk_2007_mlgtr.log

Date and Time: Wed Sep  9 00:42:17 2026
