

                            MrBayes 3.2.7a x86_64

                      (Bayesian Analysis of Phylogeny)

              Distributed under the GNU General Public License


               Type "help" or "help <command>" for information
                     on the commands that are available.

                   Type "about" for authorship and general
                       information about the program.



   Executing file "results/fmdv_uk_2007/fmdv_uk_2007_mb.mb.nex"
   UNIX line termination
   Longest line length = 75
   Parsing file
   Expecting NEXUS formatted file
   Reading mrbayes block
      Setting autoclose to yes
      Setting nowarnings to yes
      Setting seed to 42
      Setting swapseed to 42

      Executing file "datasets/fmdv_uk_2007/analysis.nex"...

   UNIX line termination
   Longest line length = 8191
   Parsing file
   Expecting NEXUS formatted file
   Reading data block
      Allocated taxon set
      Allocated matrix
      Defining new matrix with 45 taxa and 8176 characters
      Data is Dna
      Missing data coded as ?
      Gaps coded as -
      Taxon  1 -> EU448371
      Taxon  2 -> KJ560276
      Taxon  3 -> KJ560277
      Taxon  4 -> KJ560278
      Taxon  5 -> KJ560279
      Taxon  6 -> EU448372
      Taxon  7 -> EU448373
      Taxon  8 -> KJ560280
      Taxon  9 -> KJ560281
      Taxon 10 -> KJ560282
      Taxon 11 -> KJ560283
      Taxon 12 -> KJ560284
      Taxon 13 -> KJ560285
      Taxon 14 -> EU448374
      Taxon 15 -> KJ560286
      Taxon 16 -> KJ560287
      Taxon 17 -> EU448375
      Taxon 18 -> KJ560288
      Taxon 19 -> KJ560289
      Taxon 20 -> KJ560290
      Taxon 21 -> KJ560291
      Taxon 22 -> KJ560292
      Taxon 23 -> KJ560293
      Taxon 24 -> KJ560294
      Taxon 25 -> EU448377
      Taxon 26 -> KJ560296
      Taxon 27 -> EU448376
      Taxon 28 -> KJ560295
      Taxon 29 -> EU448378
      Taxon 30 -> KJ560297
      Taxon 31 -> KJ560298
      Taxon 32 -> KJ560299
      Taxon 33 -> KJ560300
      Taxon 34 -> EU448379
      Taxon 35 -> KJ560301
      Taxon 36 -> KJ560302
      Taxon 37 -> EU448380
      Taxon 38 -> KJ560303
      Taxon 39 -> KJ560304
      Taxon 40 -> KJ560305
      Taxon 41 -> KJ560306
      Taxon 42 -> KJ560307
      Taxon 43 -> KJ560308
      Taxon 44 -> KJ560309
      Taxon 45 -> EU448381
      Successfully read matrix
      Setting default partition (does not divide up characters)
      Setting model defaults
      Seed (for generating default start values) = 42
      Setting output file names to "datasets/fmdv_uk_2007/analysis.nex.run<i>.<p|t>"
   Exiting data block
   Reached end of file

   Returning execution to calling file ...

      Setting Nst to 6
      Setting Rates to Invgamma
      Successfully set likelihood model parameters
      Setting Statefreqpr to Dirichlet(1.00,1.00,1.00,1.00)
      Setting Revmatpr to Dirichlet(1.00,1.00,1.00,1.00,1.00,1.00)
      Setting Shapepr to Exponential(1.00)
      Setting Pinvarpr to Uniform(0.00,1.00)
      Setting Brlenspr to Unconstrained:GammaDir(1.00,1000.0000,1.00,1.00)
      Successfully set prior model parameters
      Setting number of generations to 4000000
      Setting number of runs to 2
      Setting number of chains to 4
      Setting sample frequency to 400
      Setting print frequency to 200000
      Setting diagnosing frequency to 200000
      Setting chain output file names to "results/fmdv_uk_2007/fmdv_uk_2007_mb.run<i>.<p/t>"
      Successfully set chain parameters
      Running Markov chain
      MCMC stamp = 7313498599
      Seed = 240252019
      Swapseed = 42
      Model settings:

         Data not partitioned --
            Datatype  = DNA
            Nucmodel  = 4by4
            Nst       = 6
                        Substitution rates, expressed as proportions
                        of the rate sum, have a Dirichlet prior
                        (1.00,1.00,1.00,1.00,1.00,1.00)
            Covarion  = No
            # States  = 4
                        State frequencies have a Dirichlet prior
                        (1.00,1.00,1.00,1.00)
            Rates     = Invgamma
                        The distribution is approximated using 4 categories.
                        Shape parameter is exponentially
                        distributed with parameter (1.00).
                        Proportion of invariable sites is uniformly dist-
                        ributed on the interval (0.00,1.00).

      Active parameters: 

         Parameters
         ---------------------
         Revmat              1
         Statefreq           2
         Shape               3
         Pinvar              4
         Ratemultiplier      5
         Topology            6
         Brlens              7
         ---------------------

         1 --  Parameter  = Revmat
               Type       = Rates of reversible rate matrix
               Prior      = Dirichlet(1.00,1.00,1.00,1.00,1.00,1.00)

         2 --  Parameter  = Pi
               Type       = Stationary state frequencies
               Prior      = Dirichlet

         3 --  Parameter  = Alpha
               Type       = Shape of scaled gamma distribution of site rates
               Prior      = Exponential(1.00)

         4 --  Parameter  = Pinvar
               Type       = Proportion of invariable sites
               Prior      = Uniform(0.00,1.00)

         5 --  Parameter  = Ratemultiplier
               Type       = Partition-specific rate multiplier
               Prior      = Fixed(1.0)

         6 --  Parameter  = Tau
               Type       = Topology
               Prior      = All topologies equally probable a priori
               Subparam.  = V

         7 --  Parameter  = V
               Type       = Branch lengths
               Prior      = Unconstrained:GammaDir(1.0,1000.0000,1.0,1.0)



      The MCMC sampler will use the following moves:
         With prob.  Chain will use move
            0.93 %   Dirichlet(Revmat)
            0.93 %   Slider(Revmat)
            0.93 %   Dirichlet(Pi)
            0.93 %   Slider(Pi)
            1.85 %   Multiplier(Alpha)
            1.85 %   Slider(Pinvar)
            9.26 %   ExtSPR(Tau,V)
            9.26 %   ExtTBR(Tau,V)
            9.26 %   NNI(Tau,V)
            9.26 %   ParsSPR(Tau,V)
           37.04 %   Multiplier(V)
           12.96 %   Nodeslider(V)
            5.56 %   TLMultiplier(V)

      Division 1 has 60 unique site patterns
      Initializing conditional likelihoods
      Using standard FMA likelihood calculator for division 1 (single-precision)
      Initializing invariable-site conditional likelihoods

      Initial log likelihoods and log prior probs for run 1:
         Chain 1 -- -20724.983245 -- -1623.808703
         Chain 2 -- -20771.152872 -- -1623.808703
         Chain 3 -- -20821.729621 -- -1623.808703
         Chain 4 -- -20795.228011 -- -1623.808703

      Initial log likelihoods and log prior probs for run 2:
         Chain 1 -- -20762.093733 -- -1623.808703
         Chain 2 -- -20872.652861 -- -1623.808703
         Chain 3 -- -20800.463194 -- -1623.808703
         Chain 4 -- -20782.771832 -- -1623.808703


      Using a relative burnin of 25.0 % for diagnostics

      Chain results (4000000 generations requested):

          0 -- [-20724.983] (-20771.153) (-20821.730) (-20795.228) * [-20762.094] (-20872.653) (-20800.463) (-20782.772) 
      200000 -- (-11839.715) (-11843.615) (-11831.750) [-11840.431] * (-11835.072) (-11837.161) [-11845.978] (-11838.013) -- 0:16:27

      Average standard deviation of split frequencies: 0.014077

      400000 -- (-11837.258) (-11854.660) (-11836.040) [-11828.498] * [-11827.556] (-11838.804) (-11852.508) (-11842.825) -- 0:15:44

      Average standard deviation of split frequencies: 0.010073

      600000 -- (-11840.440) (-11843.075) [-11833.723] (-11838.592) * (-11847.755) (-11841.294) (-11842.420) [-11837.496] -- 0:14:55

      Average standard deviation of split frequencies: 0.008645

      800000 -- [-11835.561] (-11838.256) (-11836.904) (-11836.788) * (-11831.622) (-11840.439) (-11847.637) [-11842.156] -- 0:14:04

      Average standard deviation of split frequencies: 0.007402

      1000000 -- (-11839.348) [-11839.960] (-11844.792) (-11841.848) * (-11839.631) (-11851.782) [-11830.685] (-11836.726) -- 0:13:09

      Average standard deviation of split frequencies: 0.006012

      1200000 -- (-11840.760) [-11838.833] (-11838.824) (-11836.657) * [-11844.024] (-11842.548) (-11848.179) (-11838.843) -- 0:12:17

      Average standard deviation of split frequencies: 0.004497

      1400000 -- [-11837.584] (-11843.789) (-11842.044) (-11830.490) * (-11835.337) [-11829.035] (-11844.551) (-11843.321) -- 0:11:27

      Average standard deviation of split frequencies: 0.003810

      1600000 -- (-11840.214) (-11834.603) [-11834.458] (-11838.310) * (-11849.172) [-11834.589] (-11845.264) (-11833.404) -- 0:10:33

      Average standard deviation of split frequencies: 0.003868

      1800000 -- (-11843.118) (-11837.971) (-11850.647) [-11833.341] * [-11829.573] (-11852.290) (-11839.982) (-11852.613) -- 0:09:40

      Average standard deviation of split frequencies: 0.003686

      2000000 -- (-11855.884) [-11834.784] (-11829.632) (-11840.042) * (-11842.857) [-11849.030] (-11836.947) (-11856.137) -- 0:08:52

      Average standard deviation of split frequencies: 0.004039

      2200000 -- (-11839.317) (-11842.417) [-11837.495] (-11825.741) * (-11850.924) (-11831.340) [-11834.382] (-11848.170) -- 0:08:07

      Average standard deviation of split frequencies: 0.003796

      2400000 -- (-11848.246) [-11839.195] (-11840.884) (-11842.045) * (-11837.437) (-11840.839) [-11830.791] (-11859.136) -- 0:07:12

      Average standard deviation of split frequencies: 0.003678

      2600000 -- (-11843.498) [-11827.685] (-11828.897) (-11840.753) * (-11842.392) (-11841.790) [-11835.856] (-11833.848) -- 0:06:17

      Average standard deviation of split frequencies: 0.003851

      2800000 -- (-11853.942) (-11837.356) [-11833.938] (-11865.713) * (-11840.422) (-11840.233) (-11843.471) [-11837.706] -- 0:05:23

      Average standard deviation of split frequencies: 0.003651

      3000000 -- (-11849.474) [-11840.640] (-11837.998) (-11836.336) * [-11842.202] (-11844.713) (-11850.518) (-11830.970) -- 0:04:28

      Average standard deviation of split frequencies: 0.003465

      3200000 -- (-11832.736) (-11835.105) (-11842.689) [-11839.791] * [-11845.622] (-11844.223) (-11847.775) (-11848.686) -- 0:03:34

      Average standard deviation of split frequencies: 0.003686

      3400000 -- [-11837.621] (-11842.893) (-11830.582) (-11837.505) * [-11841.605] (-11848.522) (-11843.684) (-11837.366) -- 0:02:40

      Average standard deviation of split frequencies: 0.003403

      3600000 -- [-11854.361] (-11835.098) (-11847.364) (-11843.264) * (-11847.783) [-11827.720] (-11846.147) (-11826.898) -- 0:01:47

      Average standard deviation of split frequencies: 0.003170

      3800000 -- [-11842.377] (-11837.432) (-11838.070) (-11847.417) * (-11846.865) (-11841.715) [-11831.264] (-11836.981) -- 0:00:53

      Average standard deviation of split frequencies: 0.003115
      4000000 -- (-11838.355) (-11845.776) (-11848.348) [-11834.940] * (-11845.450) (-11844.648) (-11848.151) [-11836.392] -- 0:00:00

      Average standard deviation of split frequencies: 0.003188

      Analysis completed in 17 mins 50 seconds
      Analysis used 1070.63 seconds of CPU time
      Likelihood of best state for "cold" chain of run 1 was -11817.01
      Likelihood of best state for "cold" chain of run 2 was -11817.18

      Acceptance rates for the moves in the "cold" chain of run 1:
         With prob.   (last 100)   chain accepted proposals by move
            36.7 %     ( 24 %)     Dirichlet(Revmat)
            53.7 %     ( 47 %)     Slider(Revmat)
            17.4 %     ( 22 %)     Dirichlet(Pi)
            23.6 %     ( 21 %)     Slider(Pi)
            47.3 %     ( 38 %)     Multiplier(Alpha)
            85.8 %     ( 84 %)     Slider(Pinvar)
            57.0 %     ( 55 %)     ExtSPR(Tau,V)
            46.0 %     ( 39 %)     ExtTBR(Tau,V)
            66.9 %     ( 65 %)     NNI(Tau,V)
            32.8 %     ( 34 %)     ParsSPR(Tau,V)
            26.3 %     ( 31 %)     Multiplier(V)
            74.2 %     ( 70 %)     Nodeslider(V)
            25.6 %     ( 17 %)     TLMultiplier(V)

      Acceptance rates for the moves in the "cold" chain of run 2:
         With prob.   (last 100)   chain accepted proposals by move
            36.8 %     ( 30 %)     Dirichlet(Revmat)
            53.5 %     ( 47 %)     Slider(Revmat)
            17.6 %     ( 26 %)     Dirichlet(Pi)
            24.1 %     ( 25 %)     Slider(Pi)
            47.2 %     ( 34 %)     Multiplier(Alpha)
            85.5 %     ( 84 %)     Slider(Pinvar)
            57.0 %     ( 61 %)     ExtSPR(Tau,V)
            45.8 %     ( 42 %)     ExtTBR(Tau,V)
            67.0 %     ( 64 %)     NNI(Tau,V)
            32.7 %     ( 34 %)     ParsSPR(Tau,V)
            26.4 %     ( 27 %)     Multiplier(V)
            74.3 %     ( 80 %)     Nodeslider(V)
            25.6 %     ( 22 %)     TLMultiplier(V)

      Chain swap information for run 1:

                   1       2       3       4 
           ----------------------------------
         1 |            0.38    0.10    0.02 
         2 |  666529            0.43    0.13 
         3 |  667491  665666            0.47 
         4 |  666866  666699  666749         

      Chain swap information for run 2:

                   1       2       3       4 
           ----------------------------------
         1 |            0.38    0.10    0.02 
         2 |  666796            0.43    0.13 
         3 |  665835  667721            0.47 
         4 |  665632  666593  667423         

      Upper diagonal: Proportion of successful state exchanges between chains
      Lower diagonal: Number of attempted state exchanges between chains

      Chain information:

        ID -- Heat 
       -----------
         1 -- 1.00  (cold chain)
         2 -- 0.91 
         3 -- 0.83 
         4 -- 0.77 

      Heat = 1 / (1 + T * (ID - 1))
         (where T = 0.10 is the temperature and ID is the chain number)

      Using relative burnin (a fraction of samples discarded).
      Setting burnin fraction to 0.25
      Setting sumt conformat to Simple
      Setting sumt contype to Allcompat
      Summarizing trees in files "results/fmdv_uk_2007/fmdv_uk_2007_mb.run1.t" and "results/fmdv_uk_2007/fmdv_uk_2007_mb.run2.t"
      Using relative burnin ('relburnin=yes'), discarding the first 25 % of sampled trees
      Writing statistics to files results/fmdv_uk_2007/fmdv_uk_2007_mb.<parts|tstat|vstat|trprobs|con>
      Examining first file ...
      Found one tree block in file "results/fmdv_uk_2007/fmdv_uk_2007_mb.run1.t" with 10001 trees in last block
      Expecting the same number of trees in the last tree block of all files

      Tree reading status:

      0      10      20      30      40      50      60      70      80      90     100
      v-------v-------v-------v-------v-------v-------v-------v-------v-------v-------v
      *********************************************************************************

      Read a total of 20002 trees in 2 files (sampling 15002 of them)
         (Each file contained 10001 trees of which 7501 were sampled)
                                                                                   
      General explanation:                                                          
                                                                                   
      In an unrooted tree, a taxon bipartition (split) is specified by removing a   
      branch, thereby dividing the species into those to the left and those to the  
      right of the branch. Here, taxa to one side of the removed branch are denoted 
      '.' and those to the other side are denoted '*'. Specifically, the '.' symbol 
      is used for the taxa on the same side as the outgroup.                        
                                                                                   
      In a rooted or clock tree, the tree is rooted using the model and not by      
      reference to an outgroup. Each bipartition therefore corresponds to a clade,  
      that is, a group that includes all the descendants of a particular branch in  
      the tree.  Taxa that are included in each clade are denoted using '*', and    
      taxa that are not included are denoted using the '.' symbol.                  
                                                                                   
      The output first includes a key to all the bipartitions with frequency larger 
      or equual to (Minpartfreq) in at least one run. Minpartfreq is a parameter to 
      sumt command and currently it is set to 0.10.  This is followed by a table  
      with statistics for the informative bipartitions (those including at least    
      two taxa), sorted from highest to lowest probability. For each bipartition,   
      the table gives the number of times the partition or split was observed in all
      runs (#obs) and the posterior probability of the bipartition (Probab.), which 
      is the same as the split frequency. If several runs are summarized, this is   
      followed by the minimum split frequency (Min(s)), the maximum frequency       
      (Max(s)), and the standard deviation of frequencies (Stddev(s)) across runs.  
      The latter value should approach 0 for all bipartitions as MCMC runs converge.
                                                                                   
      This is followed by a table summarizing branch lengths, node heights (if a    
      clock model was used) and relaxed clock parameters (if a relaxed clock model  
      was used). The mean, variance, and 95 % credible interval are given for each 
      of these parameters. If several runs are summarized, the potential scale      
      reduction factor (PSRF) is also given; it should approach 1 as runs converge. 
      Node heights will take calibration points into account, if such points were   
      used in the analysis.                                                         
                                                                                    
      Note that Stddev may be unreliable if the partition is not present in all     
      runs (the last column indicates the number of runs that sampled the partition 
      if more than one run is summarized). The PSRF is not calculated at all if     
      the partition is not present in all runs.The PSRF is also sensitive to small  
      sample sizes and it should only be considered a rough guide to convergence    
      since some of the assumptions allowing one to interpret it as a true potential
      scale reduction factor are violated in MrBayes.                               
                                                                                    
      List of taxa in bipartitions:                                                 
                                                                                   
         1 -- EU448371
         2 -- KJ560276
         3 -- KJ560277
         4 -- KJ560278
         5 -- KJ560279
         6 -- EU448372
         7 -- EU448373
         8 -- KJ560280
         9 -- KJ560281
        10 -- KJ560282
        11 -- KJ560283
        12 -- KJ560284
        13 -- KJ560285
        14 -- EU448374
        15 -- KJ560286
        16 -- KJ560287
        17 -- EU448375
        18 -- KJ560288
        19 -- KJ560289
        20 -- KJ560290
        21 -- KJ560291
        22 -- KJ560292
        23 -- KJ560293
        24 -- KJ560294
        25 -- EU448377
        26 -- KJ560296
        27 -- EU448376
        28 -- KJ560295
        29 -- EU448378
        30 -- KJ560297
        31 -- KJ560298
        32 -- KJ560299
        33 -- KJ560300
        34 -- EU448379
        35 -- KJ560301
        36 -- KJ560302
        37 -- EU448380
        38 -- KJ560303
        39 -- KJ560304
        40 -- KJ560305
        41 -- KJ560306
        42 -- KJ560307
        43 -- KJ560308
        44 -- KJ560309
        45 -- EU448381

      Key to taxon bipartitions (saved to file "results/fmdv_uk_2007/fmdv_uk_2007_mb.parts"):

       ID -- Partition
      ----------------------------------------------------
        1 -- .********************************************
        2 -- .*...........................................
        3 -- ..*..........................................
        4 -- ...*.........................................
        5 -- ....*........................................
        6 -- .....*.......................................
        7 -- ......*......................................
        8 -- .......*.....................................
        9 -- ........*....................................
       10 -- .........*...................................
       11 -- ..........*..................................
       12 -- ...........*.................................
       13 -- ............*................................
       14 -- .............*...............................
       15 -- ..............*..............................
       16 -- ...............*.............................
       17 -- ................*............................
       18 -- .................*...........................
       19 -- ..................*..........................
       20 -- ...................*.........................
       21 -- ....................*........................
       22 -- .....................*.......................
       23 -- ......................*......................
       24 -- .......................*.....................
       25 -- ........................*....................
       26 -- .........................*...................
       27 -- ..........................*..................
       28 -- ...........................*.................
       29 -- ............................*................
       30 -- .............................*...............
       31 -- ..............................*..............
       32 -- ...............................*.............
       33 -- ................................*............
       34 -- .................................*...........
       35 -- ..................................*..........
       36 -- ...................................*.........
       37 -- ....................................*........
       38 -- .....................................*.......
       39 -- ......................................*......
       40 -- .......................................*.....
       41 -- ........................................*....
       42 -- .........................................*...
       43 -- ..........................................*..
       44 -- ...........................................*.
       45 -- ............................................*
       46 -- .....................................*..***.*
       47 -- ................************.....************
       48 -- ................*******..........************
       49 -- .............***.............................
       50 -- .................................***.........
       51 -- ....................................*********
       52 -- ........*...*................................
       53 -- .....................................*..*...*
       54 -- ..........................**.................
       55 -- ....................................*..*...*.
       56 -- .......*...*.................................
       57 -- ........*...*...*****************************
       58 -- ................*****************************
       59 -- .....................................*..**..*
       60 -- .........................................**..
       61 -- ....................................*..*.....
       62 -- .............*.*.............................
       63 -- .....................................*......*
       64 -- ....................................*.**...*.
       65 -- ..................................**.........
       66 -- .......................................*...*.
       67 -- .................................*.*.........
       68 -- ..............**.............................
       69 -- .....................................**.***.*
       70 -- ........................................*...*
       71 -- .................................**..........
       72 -- .....................................*..*....
       73 -- ....................................**.******
       74 -- .............**..............................
       75 -- ....................................*......*.
       76 -- .....................................*..*.*.*
       77 -- ................*************.***************
       78 -- ......*.*...*...*****************************
       79 -- .........................***.................
       80 -- ................*******.*........************
       81 -- ................********.***.....************
       82 -- ................*******..*.......************
       83 -- ................*******.****.....************
       84 -- ................********.........************
       85 -- .......................**....................
       86 -- .......................*.*...................
       87 -- ................*******...**.....************
       88 -- .......................*****.................
       89 -- ................*********.**.....************
       90 -- ........................**...................
       91 -- .......................*..**.................
       92 -- ........................*.**.................
       93 -- ................**********.......************
       94 -- ................************..*..************
       95 -- ...............................**............
       96 -- ................************...*.************
       97 -- ............................*..*.............
       98 -- ............................*...*............
       99 -- ............................*.*..............
      100 -- ..............................**.............
      101 -- ................*************....************
      102 -- ................************....*************
      103 -- ..............................*.*............
      104 -- .....*.......***.............................
      ----------------------------------------------------

      Summary statistics for informative taxon bipartitions
         (saved to file "results/fmdv_uk_2007/fmdv_uk_2007_mb.tstat"):

       ID   #obs     Probab.     Sd(s)+      Min(s)      Max(s)   Nruns 
      ------------------------------------------------------------------
       46  15002    1.000000    0.000000    1.000000    1.000000    2
       47  15002    1.000000    0.000000    1.000000    1.000000    2
       48  15002    1.000000    0.000000    1.000000    1.000000    2
       49  15002    1.000000    0.000000    1.000000    1.000000    2
       50  15002    1.000000    0.000000    1.000000    1.000000    2
       51  15002    1.000000    0.000000    1.000000    1.000000    2
       52  14974    0.998134    0.000566    0.997734    0.998534    2
       53  14963    0.997400    0.000660    0.996934    0.997867    2
       54  14962    0.997334    0.000189    0.997200    0.997467    2
       55  14960    0.997200    0.000566    0.996800    0.997600    2
       56  14948    0.996400    0.000000    0.996400    0.996400    2
       57  14761    0.983935    0.000094    0.983869    0.984002    2
       58  12495    0.832889    0.004996    0.829356    0.836422    2
       59   5091    0.339355    0.008013    0.333689    0.345021    2
       60   5084    0.338888    0.002262    0.337288    0.340488    2
       61   5070    0.337955    0.002828    0.335955    0.339955    2
       62   5067    0.337755    0.002168    0.336222    0.339288    2
       63   5058    0.337155    0.018100    0.324357    0.349953    2
       64   5055    0.336955    0.002357    0.335289    0.338622    2
       65   5025    0.334955    0.003111    0.332756    0.337155    2
       66   5016    0.334355    0.004902    0.330889    0.337822    2
       67   5009    0.333889    0.002734    0.331956    0.335822    2
       68   5005    0.333622    0.001980    0.332222    0.335022    2
       69   4989    0.332556    0.011784    0.324223    0.340888    2
       70   4981    0.332022    0.012161    0.323424    0.340621    2
       71   4968    0.331156    0.000377    0.330889    0.331422    2
       72   4950    0.329956    0.006410    0.325423    0.334489    2
       73   4949    0.329889    0.009521    0.323157    0.336622    2
       74   4930    0.328623    0.004148    0.325690    0.331556    2
       75   4902    0.326756    0.002828    0.324757    0.328756    2
       76   4819    0.321224    0.005939    0.317024    0.325423    2
       77   4804    0.320224    0.003205    0.317958    0.322490    2
       78   4457    0.297094    0.004431    0.293961    0.300227    2
       79   2223    0.148180    0.000094    0.148114    0.148247    2
       80   2197    0.146447    0.001225    0.145581    0.147314    2
       81   2193    0.146181    0.001414    0.145181    0.147180    2
       82   2167    0.144447    0.003865    0.141714    0.147180    2
       83   2167    0.144447    0.011029    0.136648    0.152246    2
       84   2164    0.144247    0.002262    0.142648    0.145847    2
       85   2162    0.144114    0.000566    0.143714    0.144514    2
       86   2151    0.143381    0.000094    0.143314    0.143448    2
       87   2143    0.142848    0.001603    0.141714    0.143981    2
       88   2116    0.141048    0.007541    0.135715    0.146380    2
       89   2111    0.140715    0.007447    0.135449    0.145981    2
       90   2101    0.140048    0.001980    0.138648    0.141448    2
       91   2094    0.139581    0.005845    0.135449    0.143714    2
       92   2083    0.138848    0.002545    0.137048    0.140648    2
       93   2072    0.138115    0.003017    0.135982    0.140248    2
       94   1883    0.125517    0.003865    0.122784    0.128250    2
       95   1835    0.122317    0.000283    0.122117    0.122517    2
       96   1791    0.119384    0.004808    0.115985    0.122784    2
       97   1780    0.118651    0.002262    0.117051    0.120251    2
       98   1772    0.118118    0.002074    0.116651    0.119584    2
       99   1767    0.117784    0.000094    0.117718    0.117851    2
      100   1767    0.117784    0.000848    0.117184    0.118384    2
      101   1762    0.117451    0.001320    0.116518    0.118384    2
      102   1753    0.116851    0.001603    0.115718    0.117984    2
      103   1735    0.115651    0.003676    0.113052    0.118251    2
      104   1504    0.100253    0.000377    0.099987    0.100520    2
      ------------------------------------------------------------------
      + Convergence diagnostic (standard deviation of split frequencies)
        should approach 0.0 as runs converge.


      Summary statistics for branch and node parameters
         (saved to file "results/fmdv_uk_2007/fmdv_uk_2007_mb.vstat"):

                                               95% HPD Interval
                                             --------------------
      Parameter       Mean       Variance     Lower       Upper       Median     PSRF+  Nruns
      ---------------------------------------------------------------------------------------
      length[1]      0.000043    0.000000    0.000000    0.000129    0.000030    1.000    2
      length[2]      0.000085    0.000000    0.000002    0.000203    0.000071    1.000    2
      length[3]      0.000085    0.000000    0.000003    0.000209    0.000070    1.000    2
      length[4]      0.000043    0.000000    0.000000    0.000129    0.000030    1.000    2
      length[5]      0.000042    0.000000    0.000000    0.000127    0.000029    1.000    2
      length[6]      0.000085    0.000000    0.000001    0.000207    0.000070    1.000    2
      length[7]      0.000085    0.000000    0.000001    0.000207    0.000070    1.000    2
      length[8]      0.000042    0.000000    0.000000    0.000128    0.000029    1.000    2
      length[9]      0.000042    0.000000    0.000000    0.000129    0.000029    1.000    2
      length[10]     0.000043    0.000000    0.000000    0.000131    0.000029    1.000    2
      length[11]     0.000209    0.000000    0.000052    0.000402    0.000193    1.000    2
      length[12]     0.000043    0.000000    0.000000    0.000130    0.000030    1.000    2
      length[13]     0.000043    0.000000    0.000000    0.000130    0.000030    1.000    2
      length[14]     0.000043    0.000000    0.000000    0.000130    0.000029    1.000    2
      length[15]     0.000043    0.000000    0.000000    0.000127    0.000030    1.000    2
      length[16]     0.000043    0.000000    0.000000    0.000129    0.000029    1.000    2
      length[17]     0.000043    0.000000    0.000000    0.000129    0.000030    1.000    2
      length[18]     0.000043    0.000000    0.000000    0.000129    0.000029    1.000    2
      length[19]     0.000043    0.000000    0.000000    0.000127    0.000030    1.000    2
      length[20]     0.000043    0.000000    0.000000    0.000129    0.000029    1.000    2
      length[21]     0.000042    0.000000    0.000000    0.000127    0.000029    1.000    2
      length[22]     0.000043    0.000000    0.000000    0.000127    0.000029    1.000    2
      length[23]     0.000043    0.000000    0.000000    0.000130    0.000029    1.000    2
      length[24]     0.000043    0.000000    0.000000    0.000128    0.000029    1.000    2
      length[25]     0.000043    0.000000    0.000000    0.000129    0.000030    1.000    2
      length[26]     0.000127    0.000000    0.000012    0.000273    0.000113    1.000    2
      length[27]     0.000044    0.000000    0.000000    0.000131    0.000030    1.000    2
      length[28]     0.000043    0.000000    0.000000    0.000130    0.000030    1.000    2
      length[29]     0.000171    0.000000    0.000031    0.000344    0.000157    1.000    2
      length[30]     0.000297    0.000000    0.000097    0.000533    0.000281    1.000    2
      length[31]     0.000341    0.000000    0.000127    0.000599    0.000324    1.000    2
      length[32]     0.000085    0.000000    0.000003    0.000206    0.000071    1.000    2
      length[33]     0.000043    0.000000    0.000000    0.000130    0.000030    1.000    2
      length[34]     0.000042    0.000000    0.000000    0.000129    0.000029    1.000    2
      length[35]     0.000042    0.000000    0.000000    0.000126    0.000030    1.000    2
      length[36]     0.000043    0.000000    0.000000    0.000131    0.000030    1.000    2
      length[37]     0.000042    0.000000    0.000000    0.000128    0.000030    1.000    2
      length[38]     0.000042    0.000000    0.000000    0.000128    0.000029    1.000    2
      length[39]     0.000043    0.000000    0.000000    0.000130    0.000030    1.000    2
      length[40]     0.000043    0.000000    0.000000    0.000132    0.000029    1.000    2
      length[41]     0.000043    0.000000    0.000000    0.000130    0.000030    1.000    2
      length[42]     0.000086    0.000000    0.000001    0.000207    0.000072    1.000    2
      length[43]     0.000129    0.000000    0.000013    0.000279    0.000114    1.000    2
      length[44]     0.000042    0.000000    0.000000    0.000126    0.000029    1.000    2
      length[45]     0.000084    0.000000    0.000002    0.000203    0.000070    1.000    2
      length[46]     0.000128    0.000000    0.000012    0.000276    0.000114    1.000    2
      length[47]     0.000212    0.000000    0.000050    0.000408    0.000197    1.000    2
      length[48]     0.000171    0.000000    0.000031    0.000346    0.000156    1.000    2
      length[49]     0.000128    0.000000    0.000014    0.000278    0.000114    1.000    2
      length[50]     0.000128    0.000000    0.000017    0.000277    0.000113    1.000    2
      length[51]     0.000128    0.000000    0.000014    0.000277    0.000112    1.000    2
      length[52]     0.000087    0.000000    0.000001    0.000208    0.000072    1.000    2
      length[53]     0.000086    0.000000    0.000002    0.000206    0.000071    1.000    2
      length[54]     0.000084    0.000000    0.000002    0.000206    0.000070    1.000    2
      length[55]     0.000085    0.000000    0.000002    0.000205    0.000071    1.000    2
      length[56]     0.000086    0.000000    0.000001    0.000206    0.000071    1.000    2
      length[57]     0.000085    0.000000    0.000001    0.000204    0.000070    1.000    2
      length[58]     0.000082    0.000000    0.000000    0.000205    0.000067    1.000    2
      length[59]     0.000043    0.000000    0.000000    0.000129    0.000029    1.000    2
      length[60]     0.000043    0.000000    0.000000    0.000127    0.000031    1.000    2
      length[61]     0.000043    0.000000    0.000000    0.000129    0.000029    1.000    2
      length[62]     0.000043    0.000000    0.000000    0.000129    0.000029    1.000    2
      length[63]     0.000044    0.000000    0.000000    0.000134    0.000030    1.000    2
      length[64]     0.000042    0.000000    0.000000    0.000128    0.000029    1.000    2
      length[65]     0.000043    0.000000    0.000000    0.000133    0.000030    1.000    2
      length[66]     0.000042    0.000000    0.000000    0.000127    0.000029    1.000    2
      length[67]     0.000043    0.000000    0.000000    0.000129    0.000029    1.000    2
      length[68]     0.000043    0.000000    0.000000    0.000132    0.000029    1.000    2
      length[69]     0.000042    0.000000    0.000000    0.000124    0.000029    1.000    2
      length[70]     0.000044    0.000000    0.000000    0.000131    0.000031    1.000    2
      length[71]     0.000043    0.000000    0.000000    0.000130    0.000029    1.000    2
      length[72]     0.000043    0.000000    0.000000    0.000129    0.000029    1.000    2
      length[73]     0.000043    0.000000    0.000000    0.000128    0.000030    1.000    2
      length[74]     0.000043    0.000000    0.000000    0.000132    0.000029    1.000    2
      length[75]     0.000042    0.000000    0.000000    0.000123    0.000029    1.000    2
      length[76]     0.000044    0.000000    0.000000    0.000133    0.000031    1.000    2
      length[77]     0.000074    0.000000    0.000000    0.000189    0.000059    1.000    2
      length[78]     0.000062    0.000000    0.000000    0.000169    0.000047    1.000    2
      length[79]     0.000042    0.000000    0.000000    0.000127    0.000028    1.001    2
      length[80]     0.000044    0.000000    0.000000    0.000128    0.000031    1.000    2
      length[81]     0.000041    0.000000    0.000000    0.000121    0.000029    1.000    2
      length[82]     0.000043    0.000000    0.000000    0.000128    0.000029    1.000    2
      length[83]     0.000044    0.000000    0.000000    0.000127    0.000030    1.000    2
      length[84]     0.000043    0.000000    0.000000    0.000128    0.000030    1.000    2
      length[85]     0.000041    0.000000    0.000000    0.000131    0.000027    1.000    2
      length[86]     0.000044    0.000000    0.000000    0.000133    0.000030    1.000    2
      length[87]     0.000041    0.000000    0.000000    0.000124    0.000028    1.001    2
      length[88]     0.000042    0.000000    0.000000    0.000125    0.000029    1.000    2
      length[89]     0.000043    0.000000    0.000000    0.000129    0.000030    1.000    2
      length[90]     0.000043    0.000000    0.000000    0.000123    0.000031    1.000    2
      length[91]     0.000042    0.000000    0.000000    0.000123    0.000028    1.000    2
      length[92]     0.000042    0.000000    0.000000    0.000125    0.000028    1.001    2
      length[93]     0.000043    0.000000    0.000000    0.000128    0.000030    1.000    2
      length[94]     0.000044    0.000000    0.000000    0.000131    0.000031    1.000    2
      length[95]     0.000042    0.000000    0.000000    0.000124    0.000029    1.000    2
      length[96]     0.000043    0.000000    0.000000    0.000135    0.000029    1.000    2
      length[97]     0.000044    0.000000    0.000000    0.000134    0.000030    0.999    2
      length[98]     0.000044    0.000000    0.000000    0.000134    0.000031    1.000    2
      length[99]     0.000042    0.000000    0.000000    0.000127    0.000029    1.000    2
      length[100]    0.000043    0.000000    0.000000    0.000127    0.000031    0.999    2
      length[101]    0.000043    0.000000    0.000000    0.000124    0.000030    1.000    2
      length[102]    0.000043    0.000000    0.000000    0.000129    0.000029    1.000    2
      length[103]    0.000043    0.000000    0.000000    0.000128    0.000030    0.999    2
      length[104]    0.000045    0.000000    0.000000    0.000137    0.000031    0.999    2
      ---------------------------------------------------------------------------------------
      + Convergence diagnostic (PSRF = Potential Scale Reduction Factor; Gelman
        and Rubin, 1992) should approach 1.0 as runs converge. NA is reported when
        deviation of parameter values within all runs is 0 or when a parameter
        value (a branch length, for instance) is not sampled in all runs.


      Summary statistics for partitions with frequency >= 0.10 in at least one run:
          Average standard deviation of split frequencies = 0.003188
          Maximum standard deviation of split frequencies = 0.018100
          Average PSRF for parameter values (excluding NA and >10.0) = 1.000
          Maximum PSRF for parameter values = 1.001


      Clade credibility values:

      Subtree rooted at node 72:

                                                                  /----- EU448375 (17)
                                                             /--7-+                   
                                                             |    \----- KJ560290 (20)
                                    /------------1-----------+                        
                                    |                        |    /----- KJ560288 (18)
                                    |                        \--7-+                   
                                    |                             \----- KJ560289 (19)
                                    |                                                 
                                    |    /------------------------------ KJ560292 (22)
                               /--1-+    |                                            
                               |    |    |                        /----- EU448380 (37)
                               |    |    |                   /-34-+                   
                               |    |    |                   |    \----- KJ560305 (40)
                               |    |    |              /-100+                        
                               |    \--7-+              |    \---------- KJ560309 (44)
                               |         |    /----34---+                             
                               |         |    |         \--------------- KJ560304 (39)
                               |         |    |                                       
                               |         |    |                   /----- KJ560303 (38)
                               |         |    |              /-34-+                   
                          /--7-+         \-100+              |    \----- EU448381 (45)
                          |    |              |         /-100+                        
                          |    |              |         |    \---------- KJ560306 (41)
                          |    |              |    /-34-+                             
                          |    |              |    |    \--------------- KJ560307 (42)
                          |    |              \-100+                                  
                          |    |                   \-------------------- KJ560308 (43)
                          |    |                                                      
                     /-100+    |                        /--------------- KJ560293 (23)
                     |    |    |                        |                             
                     |    |    \------------7-----------+    /---------- EU448379 (34)
                     |    |                             |    |                        
                     |    |                             \-100+    /----- KJ560301 (35)
                /-15-+    |                                  \-33-+                   
                |    |    |                                       \----- KJ560302 (36)
                |    |    |                                                           
                |    |    \--------------------------------------------- KJ560291 (21)
                |    |                                                                
           /-14-+    \-------------------------------------------------- EU448377 (25)
           |    |                                                                     
           |    |                                            /---------- KJ560296 (26)
           |    |                                            |                        
      --100+    \---------------------15---------------------+    /----- EU448376 (27)
           |                                                 \-100+                   
           |                                                      \----- KJ560295 (28)
           |                                                                          
           \------------------------------------------------------------ KJ560294 (24)
                                                                                      
      Root part of tree:

      /----------------------------------------------------------------- EU448371 (1)
      |                                                                               
      |                                              /------------------ EU448372 (6)
      |                                              |                                
      |                                              |           /------ EU448374 (14)
      |----------------------10----------------------+     /--34-+                    
      |                                              |     |     \------ KJ560287 (16)
      |                                              \-100-+                          
      |                                                    \------------ KJ560286 (15)
      |                                                                               
      |                                                          /------ KJ560276 (2)
      |                 /--------------------5-------------------+                    
      |                 |                                        \------ KJ560283 (11)
      |                 |                                                             
      |                 |     /----------------------------------------- KJ560279 (5)
      |           /--1--+     |                                                       
      |           |     |     |     /----------------------------------- EU448373 (7)
      +           |     |     |     |                                                 
      |           |     \--6--+     |                            /------ KJ560281 (9)
      |           |           |     |    /----------100----------+                    
      |           |           |     |    |                       \------ KJ560285 (13)
      |           |           \--30-+    |                                            
      |           |                 |    |                       /------ (72)
      |           |                 |    |                 /--13-+                    
      |           |                 |    |                 |     \------ KJ560298 (31)
      |           |                 \-98-+           /--7--+                          
      |     /--1--+                      |           |     |     /------ KJ560299 (32)
      |     |     |                      |           |     \--12-+                    
      |     |     |                      |     /--32-+           \------ KJ560300 (33)
      |     |     |                      |     |     |                                
      |     |     |                      \--83-+     \------------------ EU448378 (29)
      |     |     |                            |                                      
      |     |     |                            \------------------------ KJ560297 (30)
      |     |     |                                                                   
      \--6--+     |                                        /------------ KJ560277 (3)
            |     |                                        |                          
            |     \--------------------5-------------------+     /------ KJ560280 (8)
            |                                              \-100-+                    
            |                                                    \------ KJ560284 (12)
            |                                                                         
            |                                                    /------ KJ560278 (4)
            \--------------------------5-------------------------+                    
                                                                 \------ KJ560282 (10)
                                                                                      

      Phylogram (based on average branch lengths):

      /- EU448371 (1)
      |                                                                               
      |/---- EU448372 (6)
      ||                                                                              
      ||      /- EU448374 (14)
      |+     /+                                                                       
      ||     |\- KJ560287 (16)
      |\-----+                                                                        
      |      \- KJ560286 (15)
      |                                                                               
      |       /--- KJ560276 (2)
      |     /-+                                                                       
      |     | \-------- KJ560283 (11)
      |     |                                                                         
      |     | /-- KJ560279 (5)
      |     | |                                                                       
      |     | |  /--- EU448373 (7)
      |   /-+ |  |                                                                    
      |   | | |  |     /- KJ560281 (9)
      |   | | |  |  /--+                                                              
      |   | | |  |  |  \- KJ560285 (13)
      |   | | |  |  |                                                                 
      |   | | |  |  |                                /- EU448375 (17)
      |   | \-+  |  |                              /-+                                
      |   |   |  |  |                              | \- KJ560290 (20)
      |   |   |  |  |                             /+                                  
      |   |   |  |  |                             || /- KJ560288 (18)
      |   |   |  |  |                             |\-+                                
      |   |   |  |  |                             |  \- KJ560289 (19)
      |   |   |  |  |                             |                                   
      |   |   |  |  |                             |/-- KJ560292 (22)
      |   |   |  |  |                            /+|                                  
      |   |   \--+  |                            |||           /- EU448380 (37)
      |   |      |  |                            |||         /-+                      
      |   |      |  |                            |||         | \- KJ560305 (40)
      +   |      |  |                            |||      /--+                        
      |   |      |  |                            |\+      |  \-- KJ560309 (44)
      |   |      |  |                            | |     /+                           
      |   |      |  |                            | |     |\- KJ560304 (39)
      |   |      |  |                            | |     |                            
      |   |      |  |                            | |     |          /- KJ560303 (38)
      |   |      |  |                            | |     |        /-+                 
      |   |      |  |                          /-+ \-----+        | \--- EU448381 (45)
      |   |      |  |                          | |       |     /--+                   
      |   |      |  |                          | |       |     |  \-- KJ560306 (41)
      |   |      |  |                          | |       |    /+                      
      |   |      |  |                          | |       |    |\--- KJ560307 (42)
      |   |      |  |                          | |       \----+                       
      |   |      \--+                          | |            \----- KJ560308 (43)
      |   |         |                          | |                                    
      | /-+         |                   /------+ |/- KJ560293 (23)
      | | |         |                   |      | ||                                   
      | | |         |                   |      | \+    /- EU448379 (34)
      | | |         |                   |      |  |    |                              
      | | |         |                   |      |  \----+ /- KJ560301 (35)
      | | |         |                  /+      |       \-+                            
      | | |         |                  ||      |         \- KJ560302 (36)
      | | |         |                  ||      |                                      
      | | |         |                  ||      \-- KJ560291 (21)
      | | |         |                  ||                                             
      | | |         |                /-+\-- EU448377 (25)
      | | |         |                | |                                              
      | | |         |                | |/----- KJ560296 (26)
      | | |         |                | ||                                             
      | | |         |       /--------+ \+  /-- EU448376 (27)
      | | |         |       |        |  \--+                                          
      | | |         |       |        |     \-- KJ560295 (28)
      | | |         |      /+        |                                                
      | | |         |      ||        \-- KJ560294 (24)
      \-+ |         |      ||                                                         
        | |         |     /+\--------------- KJ560298 (31)
        | |         |     ||                                                          
        | |         |     ||/--- KJ560299 (32)
        | |         |  /--+\+                                                         
        | |         |  |  | \-- KJ560300 (33)
        | |         |  |  |                                                           
        | |         \--+  \------- EU448378 (29)
        | |            |                                                              
        | |            \------------- KJ560297 (30)
        | |                                                                           
        | | /--- KJ560277 (3)
        | | |                                                                         
        | \-+  /- KJ560280 (8)
        |   \--+                                                                      
        |      \- KJ560284 (12)
        |                                                                             
        | /- KJ560278 (4)
        \-+                                                                           
          \- KJ560282 (10)
                                                                                      
      |--------| 0.000 expected changes per site

      Calculating tree probabilities...

      Credible sets of trees (15002 trees sampled):
         50 % credible set contains 7501 trees
         90 % credible set contains 13502 trees
         95 % credible set contains 14252 trees
         99 % credible set contains 14852 trees

      Using relative burnin (a fraction of samples discarded).
      Setting burnin fraction to 0.25
      Summarizing parameters in files results/fmdv_uk_2007/fmdv_uk_2007_mb.run1.p and results/fmdv_uk_2007/fmdv_uk_2007_mb.run2.p
      Writing summary statistics to file results/fmdv_uk_2007/fmdv_uk_2007_mb.pstat
      Using relative burnin ('relburnin=yes'), discarding the first 25 % of samples

      Below are rough plots of the generation (x-axis) versus the log   
      probability of observing the data (y-axis). You can use these     
      graphs to determine what the burn in for your analysis should be. 
      When the log probability starts to plateau you may be at station- 
      arity. Sample trees and parameters after the log probability      
      plateaus. Of course, this is not a guarantee that you are at sta- 
      tionarity. Also examine the convergence diagnostics provided by   
      the 'sump' and 'sumt' commands for all the parameters in your     
      model. Remember that the burn in is the number of samples to dis- 
      card. There are a total of ngen / samplefreq samples taken during 
      a MCMC analysis.                                                  

      Overlay plot for both runs:
      (1 = Run number 1; 2 = Run number 2; * = Both runs)

      +------------------------------------------------------------+ -11834.40
      |   1                                                        |
      |                                                            |
      |         1                                                  |
      |  2                     2                                   |
      |                             1  2  2       1     1     11   |
      |            2 12        1                     2 2  2  2  2  |
      |  1     2  11      1           2  2 1          2            |
      |21  1    2      2 2 11        1 1    121    1     2      1 1|
      |    222   2   2   1    2    2    21   1 111     12         2|
      |           2 1   1   21   22     1          21      *112  1 |
      |   2 1 11                  1  2        2222          2  2 2 |
      | 2     2         2 22 2  11 1                               |
      |1     1                1 2   2     12        21   1         |
      |          1  2 11              1     2             1        |
      |                                           2   1            |
      +------+-----+-----+-----+-----+-----+-----+-----+-----+-----+ -11838.24
      ^                                                            ^
      1000000                                                      4000000


      Estimated marginal likelihoods for runs sampled in files
         "results/fmdv_uk_2007/fmdv_uk_2007_mb.run1.p" and "results/fmdv_uk_2007/fmdv_uk_2007_mb.run2.p":
         (Use the harmonic mean for Bayes factor comparisons of models)

         (Values are saved to the file results/fmdv_uk_2007/fmdv_uk_2007_mb.lstat)

      Run   Arithmetic mean   Harmonic mean
      --------------------------------------
        1     -11826.54        -11852.91
        2     -11827.09        -11853.27
      --------------------------------------
      TOTAL   -11826.78        -11853.11
      --------------------------------------


      Model parameter summaries over the runs sampled in files
         "results/fmdv_uk_2007/fmdv_uk_2007_mb.run1.p" and "results/fmdv_uk_2007/fmdv_uk_2007_mb.run2.p":
         Summaries are based on a total of 15002 samples from 2 runs.
         Each run produced 10001 samples of which 7501 samples were included.
         Parameter summaries saved to file "results/fmdv_uk_2007/fmdv_uk_2007_mb.pstat".

                                            95% HPD Interval
                                          --------------------
      Parameter      Mean      Variance     Lower       Upper       Median    min ESS*  avg ESS    PSRF+ 
      --------------------------------------------------------------------------------------------------
      TL          0.006014    0.000001    0.004481    0.007662    0.005968   6321.59   6350.38    1.000
      r(A<->C)    0.058304    0.000790    0.011601    0.113643    0.054107   3895.54   4048.44    1.000
      r(A<->G)    0.386719    0.004027    0.261855    0.510230    0.385627   3066.67   3252.52    1.000
      r(A<->T)    0.056731    0.001008    0.006269    0.118791    0.051476   3868.78   3897.68    1.000
      r(C<->G)    0.014390    0.000201    0.000007    0.042597    0.010025   4373.24   4501.34    1.000
      r(C<->T)    0.427800    0.004192    0.304633    0.554903    0.426408   3121.44   3308.79    1.000
      r(G<->T)    0.056056    0.000982    0.005600    0.116609    0.050370   3938.87   4075.96    1.000
      pi(A)       0.250377    0.000023    0.240698    0.259528    0.250408   4455.62   4732.91    1.000
      pi(C)       0.282207    0.000025    0.272309    0.291766    0.282170   4255.05   4649.68    1.000
      pi(G)       0.254800    0.000024    0.245714    0.264683    0.254788   4905.51   5332.03    1.000
      pi(T)       0.212616    0.000020    0.204152    0.221706    0.212596   5264.20   5422.72    1.000
      alpha       0.955968    0.931867    0.000031    2.880782    0.652593   7049.38   7116.34    1.000
      pinvar      0.475485    0.062985    0.002439    0.856055    0.490027   6509.50   6548.33    1.000
      --------------------------------------------------------------------------------------------------
      * Convergence diagnostic (ESS = Estimated Sample Size); min and avg values
        correspond to minimal and average ESS among runs. 
        ESS value below 100 may indicate that the parameter is undersampled. 
      + Convergence diagnostic (PSRF = Potential Scale Reduction Factor; Gelman
        and Rubin, 1992) should approach 1.0 as runs converge.


   Exiting mrbayes block
   Reached end of file

   Tasks completed, exiting program because mode is noninteractive
   To return control to the command line after completion of file processing, 
   set mode to interactive with 'mb -i <filename>' (i is for interactive)
   or use 'set mode=interactive'

