IQ-TREE multicore version 2.3.6 for Linux x86 64-bit built Aug  1 2024
Developed by Bui Quang Minh, Nguyen Lam Tung, Olga Chernomor, Heiko Schmidt,
Dominik Schrempf, Michael Woodhams, Ly Trong Nhan, Thomas Wong

Host:    07be82772fbe (AVX2, FMA3, 503 GB RAM)
Command: /workspaces/maximum_likelihood_vs_bayesian_20260908_230005_3f2f2099/code/bin/iqtree2 -s /workspaces/maximum_likelihood_vs_bayesian_20260908_230005_3f2f2099/datasets/ebov_sierraleone_2014/analysis.fasta -m MFP --prefix results/ebov_sierraleone_2014/ebov_sierraleone_2014_mlrep5 -T 2 -redo --quiet -seed 777
Seed:    777 (Using SPRNG - Scalable Parallel Random Number Generator)
Time:    Wed Sep  9 00:24:44 2026
Kernel:  AVX+FMA - 2 threads (32 CPU cores detected)

Reading alignment file /workspaces/maximum_likelihood_vs_bayesian_20260908_230005_3f2f2099/datasets/ebov_sierraleone_2014/analysis.fasta ... Fasta format detected
Reading fasta file: done in 0.0417449 secs using 54.39% CPU
Alignment most likely contains DNA/RNA sequences
Alignment has 110 sequences with 18959 columns, 284 distinct patterns
78 parsimony-informative, 141 singleton sites, 18740 constant sites
          Gap/Ambiguity  Composition  p-value
Analyzing sequences: done in 7.1967e-05 secs using 732.3% CPU
   1  KM034549    0.82%    passed     99.99%
   2  KM034551    0.17%    passed     99.89%
   3  KM034554    0.06%    passed     99.66%
   4  KM034562    0.01%    passed     99.78%
   5  KM034563    2.60%    passed     98.33%
   6  KM233049    0.07%    passed     99.62%
   7  KM233039    0.03%    passed     99.74%
   8  KM233116    0.17%    passed     99.83%
   9  KM233053    0.01%    passed     99.74%
  10  KM233054    0.06%    passed     99.75%
  11  KM233056    0.01%    passed     99.80%
  12  KM233047    0.20%    passed     99.80%
  13  KM233048    0.69%    passed     99.99%
  14  KM233050    0.02%    passed     99.70%
  15  KM233057    0.03%    passed     99.77%
  16  KM233058    0.57%    passed    100.00%
  17  KM233061    0.36%    passed    100.00%
  18  KM233065    0.18%    passed     99.91%
  19  KM233069    0.01%    passed     99.78%
  20  KM233060    1.31%    passed     99.80%
  21  KM233073    0.25%    passed     99.91%
  22  KM233074    0.36%    passed    100.00%
  23  KM233075    0.15%    passed     99.71%
  24  KM233067    0.26%    passed     99.93%
  25  KM233077    0.33%    passed     99.99%
  26  KM233080    0.07%    passed     99.70%
  27  KM233086    0.68%    passed    100.00%
  28  KM233092    0.06%    passed     99.67%
  29  KM233093    0.42%    passed    100.00%
  30  KM233068    0.18%    passed     99.91%
  31  KM233100    0.14%    passed     99.66%
  32  KM233105    0.24%    passed     99.93%
  33  KM233106    0.07%    passed     99.75%
  34  KM233108    0.23%    passed     99.90%
  35  KM233110    0.02%    passed     99.83%
  36  KM233112    0.19%    passed     99.88%
  37  KM233115    0.65%    passed    100.00%
  38  KM233083    0.98%    passed     99.85%
  39  KP759747    0.41%    passed     99.99%
  40  KP759640    1.30%    passed     99.89%
  41  KP759630    1.17%    passed     98.99%
  42  KP759642    1.18%    passed     99.55%
  43  KP759688    0.41%    passed     99.99%
  44  KP759608    0.69%    passed     99.98%
  45  KP759644    1.18%    passed     99.54%
  46  KP759652    1.16%    passed     99.44%
  47  KP759666    0.41%    passed     99.99%
  48  KP759670    0.41%    passed     99.99%
  49  KP759683    0.41%    passed     99.97%
  50  KP759620    1.18%    passed     99.56%
  51  KP759694    0.41%    passed    100.00%
  52  KP759629    1.18%    passed     99.45%
  53  KP759712    0.41%    passed     99.99%
  54  KP759635    1.22%    passed     99.35%
  55  KP759714    0.41%    passed     99.99%
  56  KP759719    0.41%    passed     99.98%
  57  KP759723    0.41%    passed     99.99%
  58  KP759633    1.17%    passed     99.83%
  59  KP759717    0.41%    passed    100.00%
  60  KP759634    1.18%    passed     99.30%
  61  KP759725    0.41%    passed    100.00%
  62  KP759728    0.41%    passed     99.99%
  63  KP759729    0.41%    passed    100.00%
  64  KP759731    0.41%    passed    100.00%
  65  KP759732    0.41%    passed     99.99%
  66  KP759737    0.41%    passed    100.00%
  67  KP759638    1.17%    passed     99.55%
  68  KP759730    0.41%    passed     99.98%
  69  KP759739    0.41%    passed     99.99%
  70  KP759750    0.41%    passed     99.99%
  71  KP759751    0.41%    passed     99.98%
  72  KP759753    0.41%    passed    100.00%
  73  KP759645    1.34%    passed     99.77%
  74  KP759744    0.41%    passed     99.97%
  75  KP759752    0.41%    passed    100.00%
  76  KP759648    1.22%    passed     99.76%
  77  KP759649    1.18%    passed     99.78%
  78  KP759760    0.41%    passed     99.97%
  79  KP759653    1.18%    passed     99.26%
  80  KP759657    1.19%    passed     99.91%
  81  KP759761    0.41%    passed    100.00%
  82  KP759764    0.41%    passed     99.99%
  83  KP759767    0.41%    passed    100.00%
  84  KP759597    1.22%    passed     99.72%
  85  KP759656    1.18%    passed     99.67%
  86  KP759669    0.41%    passed     99.98%
  87  KP759765    0.41%    passed     99.98%
  88  KP759766    0.41%    passed     99.97%
  89  KP759595    0.69%    passed     99.97%
  90  KP759599    0.69%    passed     99.95%
  91  KP759603    0.69%    passed     99.99%
  92  KP759664    0.41%    passed    100.00%
  93  KP759676    0.41%    passed     99.96%
  94  KP759594    1.18%    passed     99.55%
  95  KP759682    0.41%    passed     99.98%
  96  KP759684    0.41%    passed     99.99%
  97  KP759686    0.41%    passed     99.99%
  98  KP759600    0.69%    passed     99.99%
  99  KP759679    0.41%    passed     99.99%
 100  KP759690    0.41%    passed     99.99%
 101  KP759689    0.41%    passed     99.99%
 102  KP759693    0.41%    passed     99.99%
 103  KP759616    1.30%    passed     99.86%
 104  KP759695    0.41%    passed     99.98%
 105  KP759702    0.41%    passed    100.00%
 106  KP759703    0.41%    passed     99.99%
 107  KP759626    1.18%    passed     99.60%
 108  KP759627    1.18%    passed     99.76%
 109  KP759705    0.41%    passed     99.97%
 110  KP759709    0.41%    passed     99.99%
****  TOTAL       0.55%  0 sequences failed composition chi2 test (p-value<5%; df=3)
NOTE: KM233068 is identical to KM233065 but kept for subsequent analysis
NOTE: KP759684 is identical to KP759712 but kept for subsequent analysis
NOTE: KP759729 is identical to KP759725 but kept for subsequent analysis
NOTE: KP759752 is identical to KP759753 but kept for subsequent analysis
NOTE: KP759693 is identical to KP759686 but kept for subsequent analysis


Create initial parsimony tree by phylogenetic likelihood library (PLL)... 0.006 seconds
Perform fast likelihood tree search using GTR+I+G model...
Estimate model parameters (epsilon = 5.000)
Perform nearest neighbor interchange...
Estimate model parameters (epsilon = 1.000)
1. Initial log-likelihood: -28281.283
Optimal log-likelihood: -28281.279
Rate parameters:  A-C: 0.90915  A-G: 9.20064  A-T: 0.92968  C-G: 0.27559  C-T: 10.74999  G-T: 1.00000
Base frequencies:  A: 0.319  C: 0.214  G: 0.198  T: 0.269
Proportion of invariable sites: 0.494
Gamma shape alpha: 0.282
Parameters optimization took 1 rounds (0.032 sec)
Time for fast ML tree search: 0.247 seconds

NOTE: ModelFinder requires 10 MB RAM!
ModelFinder will test up to 484 DNA models (sample size: 18959 epsilon: 0.100) ...
 No. Model         -LnL         df  AIC          AICc         BIC
  1  GTR+F         28287.705    225 57025.411    57030.840    58791.668
  2  GTR+F+I       28281.242    226 57014.484    57019.961    58788.591
  3  GTR+F+G4      28281.614    226 57015.228    57020.706    58789.336
  4  GTR+F+I+G4    28281.256    227 57016.511    57022.037    58798.469
  5  GTR+F+R2      28284.012    227 57022.023    57027.550    58803.981
WARNING: Numerical underflow for lh-branch, use `-safe` option to avoid this warning
Pattern 123 likelihood is underflown
Pattern 125 likelihood is underflown
Pattern 161 likelihood is underflown
WARNING: Numerical underflow for lh-branch, use `-safe` option to avoid this warning
Pattern 123 likelihood is underflown
Pattern 125 likelihood is underflown
Pattern 161 likelihood is underflown
WARNING: Numerical underflow for lh-branch, use `-safe` option to avoid this warning
Pattern 123 likelihood is underflown
Pattern 125 likelihood is underflown
Pattern 161 likelihood is underflown
WARNING: Numerical underflow for lh-branch, use `-safe` option to avoid this warning
Pattern 123 likelihood is underflown
Pattern 125 likelihood is underflown
Pattern 161 likelihood is underflown
WARNING: Numerical underflow for lh-branch, use `-safe` option to avoid this warning
Pattern 123 likelihood is underflown
Pattern 125 likelihood is underflown
Pattern 161 likelihood is underflown
WARNING: Numerical underflow for lh-branch, use `-safe` option to avoid this warning
Pattern 123 likelihood is underflown
Pattern 125 likelihood is underflown
Pattern 161 likelihood is underflown
WARNING: Numerical underflow for lh-branch, use `-safe` option to avoid this warning
Pattern 123 likelihood is underflown
Pattern 125 likelihood is underflown
Pattern 161 likelihood is underflown
WARNING: Numerical underflow for lh-branch, use `-safe` option to avoid this warning
Pattern 123 likelihood is underflown
Pattern 125 likelihood is underflown
Pattern 161 likelihood is underflown
WARNING: Numerical underflow for lh-branch, use `-safe` option to avoid this warning
Pattern 123 likelihood is underflown
Pattern 125 likelihood is underflown
Pattern 161 likelihood is underflown
  6  GTR+F+R3      28283.091    229 57024.181    57029.806    58821.839
 14  GTR+F+I+R2    28281.561    228 57019.122    57024.697    58808.930
+I+R3 reinitialized from +I+R2 with factor 0.500
+I+R3 reinitialized from +I+R2 with factor 0.250
 15  GTR+F+I+R3    28281.639    230 57023.278    57028.952    58828.786
 23  SYM           28624.035    222 57692.069    57697.354    59434.777
 24  SYM+I         28617.908    223 57681.817    57687.149    59432.374
 25  SYM+G4        28618.168    223 57682.337    57687.669    59432.895
 26  SYM+I+G4      28617.925    224 57683.850    57689.231    59442.258
 45  TVM+F         28288.113    224 57024.226    57029.607    58782.634
 46  TVM+F+I       28281.584    225 57013.168    57018.597    58779.426
 47  TVM+F+G4      28281.973    225 57013.945    57019.374    58780.203
 48  TVM+F+I+G4    28281.598    226 57015.196    57020.674    58789.304
 67  TVMe          28624.241    221 57690.482    57695.719    59425.339
 68  TVMe+I        28618.114    222 57680.227    57685.512    59422.935
 69  TVMe+G4       28618.377    222 57680.754    57686.039    59423.462
 70  TVMe+I+G4     28618.123    223 57682.246    57687.578    59432.803
 89  TIM3+F        28288.965    223 57023.929    57029.261    58774.487
 90  TIM3+F+I      28282.466    224 57012.932    57018.313    58771.340
 91  TIM3+F+G4     28282.848    224 57013.697    57019.077    58772.104
 92  TIM3+F+I+G4   28282.473    225 57014.946    57020.375    58781.204
111  TIM3e         28626.175    220 57692.350    57697.540    59419.358
112  TIM3e+I       28620.038    221 57682.075    57687.312    59416.933
113  TIM3e+G4      28620.312    221 57682.624    57687.861    59417.482
114  TIM3e+I+G4    28620.060    222 57684.120    57689.404    59426.827
133  TIM2+F        28288.783    223 57023.565    57028.898    58774.123
134  TIM2+F+I      28281.919    224 57011.839    57017.219    58770.246
135  TIM2+F+G4     28282.305    224 57012.610    57017.991    58771.018
136  TIM2+F+I+G4   28281.934    225 57013.868    57019.297    58780.126
155  TIM2e         28625.236    220 57690.472    57695.661    59417.479
156  TIM2e+I       28619.077    221 57680.154    57685.391    59415.011
157  TIM2e+G4      28619.333    221 57680.665    57685.902    59415.523
158  TIM2e+I+G4    28619.049    222 57682.098    57687.382    59424.805
177  TIM+F         28288.982    223 57023.963    57029.296    58774.521
178  TIM+F+I       28282.445    224 57012.891    57018.271    58771.298
179  TIM+F+G4      28282.850    224 57013.700    57019.081    58772.108
180  TIM+F+I+G4    28282.463    225 57014.927    57020.355    58781.184
199  TIMe          28626.643    220 57693.285    57698.475    59420.293
200  TIMe+I        28620.484    221 57682.968    57688.205    59417.825
201  TIMe+G4       28620.760    221 57683.521    57688.757    59418.378
202  TIMe+I+G4     28620.502    222 57685.004    57690.289    59427.712
221  TPM3u+F       28289.336    222 57022.672    57027.957    58765.380
222  TPM3u+F+I     28282.757    223 57011.514    57016.847    58762.072
223  TPM3u+F+G4    28283.169    223 57012.338    57017.670    58762.895
224  TPM3u+F+I+G4  28282.770    224 57013.540    57018.921    58771.948
243  TPM3          28626.635    219 57691.271    57696.413    59410.428
244  TPM3+I        28620.470    220 57680.939    57686.129    59407.947
245  TPM3+G4       28620.750    220 57681.499    57686.689    59408.507
246  TPM3+I+G4     28620.487    221 57682.975    57688.212    59417.832
265  TPM2u+F       28288.704    222 57021.408    57026.692    58764.115
266  TPM2u+F+I     28282.176    223 57010.353    57015.685    58760.910
267  TPM2u+F+G4    28282.573    223 57011.145    57016.478    58761.703
268  TPM2u+F+I+G4  28282.184    224 57012.368    57017.749    58770.776
287  TPM2          28625.161    219 57688.322    57693.465    59407.480
288  TPM2+I        28619.007    220 57678.013    57683.202    59405.021
289  TPM2+G4       28619.277    220 57678.555    57683.744    59405.562
290  TPM2+I+G4     28619.015    221 57680.030    57685.267    59414.888
309  K3Pu+F        28289.514    222 57023.028    57028.313    58765.736
310  K3Pu+F+I      28282.872    223 57011.744    57017.076    58762.301
311  K3Pu+F+G4     28283.293    223 57012.586    57017.919    58763.144
312  K3Pu+F+I+G4   28282.890    224 57013.779    57019.160    58772.187
331  K3P           28626.963    219 57691.927    57697.069    59411.084
332  K3P+I         28620.782    220 57681.564    57686.753    59408.571
333  K3P+G4        28621.065    220 57682.129    57687.319    59409.137
334  K3P+I+G4      28620.801    221 57683.601    57688.838    59418.459
353  TN+F          28288.989    222 57021.979    57027.264    58764.687
354  TN+F+I        28282.463    223 57010.926    57016.258    58761.483
355  TN+F+G4       28282.864    223 57011.729    57017.061    58762.286
356  TN+F+I+G4     28282.481    224 57012.962    57018.342    58771.369
375  TNe           28626.612    219 57691.224    57696.366    59410.381
376  TNe+I         28620.459    220 57680.917    57686.106    59407.925
377  TNe+G4        28620.738    220 57681.476    57686.665    59408.483
378  TNe+I+G4      28620.483    221 57682.965    57688.202    59417.823
397  HKY+F         28289.502    221 57021.004    57026.241    58755.861
398  HKY+F+I       28282.928    222 57009.856    57015.140    58752.563
399  HKY+F+G4      28283.347    222 57010.694    57015.979    58753.402
400  HKY+F+I+G4    28282.946    223 57011.891    57017.224    58762.449
419  K2P           28626.967    218 57689.934    57695.029    59401.242
420  K2P+I         28620.794    219 57679.589    57684.731    59398.746
421  K2P+G4        28621.079    219 57680.158    57685.301    59399.316
422  K2P+I+G4      28620.816    220 57681.632    57686.821    59408.639
441  F81+F         28429.958    220 57299.916    57305.105    59026.923
442  F81+F+I       28423.703    221 57289.407    57294.644    59024.265
443  F81+F+G4      28424.016    221 57290.032    57295.268    59024.889
444  F81+F+I+G4    28423.727    222 57291.453    57296.738    59034.161
463  JC            28763.412    217 57960.823    57965.872    59664.281
464  JC+I          28757.257    218 57950.514    57955.609    59661.822
465  JC+G4         28757.538    218 57951.076    57956.171    59662.383
466  JC+I+G4       28757.280    219 57952.561    57957.703    59671.718
Akaike Information Criterion:           HKY+F+I
Corrected Akaike Information Criterion: HKY+F+I
Bayesian Information Criterion:         HKY+F+I
Best-fit model: HKY+F+I chosen according to BIC

All model information printed to results/ebov_sierraleone_2014/ebov_sierraleone_2014_mlrep5.model.gz
CPU time for ModelFinder: 9.210 seconds (0h:0m:9s)
Wall-clock time for ModelFinder: 4.744 seconds (0h:0m:4s)

NOTE: 1 MB RAM (0 GB) is required!
Estimate model parameters (epsilon = 0.100)
1. Initial log-likelihood: -28423.705
2. Current log-likelihood: -28317.262
Optimal log-likelihood: -28317.192
Rate parameters:  A-C: 1.00000  A-G: 99.52061  A-T: 1.00000  C-G: 1.00000  C-T: 99.52061  G-T: 1.00000
Base frequencies:  A: 0.319  C: 0.214  G: 0.198  T: 0.269
Proportion of invariable sites: 0.829
Parameters optimization took 2 rounds (0.042 sec)

WARNING: Estimated model parameters are at boundary that can cause numerical instability!

Wrote distance file to... 
Computing ML distances based on estimated model parameters...
Calculating distance matrix: done in 0.0193384 secs using 210.2% CPU
Computing ML distances took 0.019490 sec (of wall-clock time) 0.040804 sec (of CPU time)
Setting up auxiliary I and S matrices: done in 0.000469061 secs using 96.58% CPU
Computing RapidNJ tree took 0.002524 sec (of wall-clock time) 0.002564 sec (of CPU time)
Log-likelihood of RapidNJ tree: -28319.682
--------------------------------------------------------------------
|             INITIALIZING CANDIDATE TREE SET                      |
--------------------------------------------------------------------
Generating 98 parsimony trees... 0.581 second
Computing log-likelihood of 98 initial trees ... 0.527 seconds
Current best score: -28317.192

Do NNI search on 20 best initial trees
Estimate model parameters (epsilon = 0.100)

WARNING: Estimated model parameters are at boundary that can cause numerical instability!

BETTER TREE FOUND at iteration 1: -28317.121
Iteration 10 / LogL: -28317.134 / Time: 0h:0m:6s
Iteration 20 / LogL: -28317.134 / Time: 0h:0m:7s
Finish initializing candidate tree set (20)
Current best tree score: -28317.121 / CPU time: 2.212
Number of iterations: 20
--------------------------------------------------------------------
|               OPTIMIZING CANDIDATE TREE SET                      |
--------------------------------------------------------------------
Iteration 30 / LogL: -28320.405 / Time: 0h:0m:8s (0h:0m:8s left)
Iteration 40 / LogL: -28354.819 / Time: 0h:0m:9s (0h:0m:7s left)
Iteration 50 / LogL: -28323.571 / Time: 0h:0m:9s (0h:0m:5s left)
Iteration 60 / LogL: -28317.577 / Time: 0h:0m:10s (0h:0m:4s left)
Iteration 70 / LogL: -28317.529 / Time: 0h:0m:11s (0h:0m:2s left)
Iteration 80 / LogL: -28317.542 / Time: 0h:0m:11s (0h:0m:1s left)
Iteration 90 / LogL: -28317.784 / Time: 0h:0m:12s (0h:0m:0s left)
Iteration 100 / LogL: -28320.678 / Time: 0h:0m:13s (0h:0m:0s left)
TREE SEARCH COMPLETED AFTER 102 ITERATIONS / Time: 0h:0m:13s

--------------------------------------------------------------------
|                    FINALIZING TREE SEARCH                        |
--------------------------------------------------------------------
Performs final model parameters optimization
Estimate model parameters (epsilon = 0.010)
1. Initial log-likelihood: -28317.121
2. Current log-likelihood: -28317.051
3. Current log-likelihood: -28316.980
4. Current log-likelihood: -28316.909
5. Current log-likelihood: -28316.837
6. Current log-likelihood: -28316.765
7. Current log-likelihood: -28316.693
8. Current log-likelihood: -28316.620
9. Current log-likelihood: -28316.547
10. Current log-likelihood: -28316.474
11. Current log-likelihood: -28316.401
12. Current log-likelihood: -28316.327
13. Current log-likelihood: -28316.252
14. Current log-likelihood: -28316.178
15. Current log-likelihood: -28316.103
16. Current log-likelihood: -28316.027
17. Current log-likelihood: -28315.952
18. Current log-likelihood: -28315.876
19. Current log-likelihood: -28315.799
20. Current log-likelihood: -28315.723
21. Current log-likelihood: -28315.646
22. Current log-likelihood: -28315.568
23. Current log-likelihood: -28315.490
24. Current log-likelihood: -28315.412
25. Current log-likelihood: -28315.333
26. Current log-likelihood: -28315.254
27. Current log-likelihood: -28315.175
28. Current log-likelihood: -28315.095
29. Current log-likelihood: -28315.015
30. Current log-likelihood: -28314.934
31. Current log-likelihood: -28314.853
32. Current log-likelihood: -28314.772
33. Current log-likelihood: -28314.690
34. Current log-likelihood: -28314.608
35. Current log-likelihood: -28314.525
36. Current log-likelihood: -28314.442
37. Current log-likelihood: -28314.358
38. Current log-likelihood: -28314.274
39. Current log-likelihood: -28314.190
40. Current log-likelihood: -28314.105
41. Current log-likelihood: -28314.020
42. Current log-likelihood: -28313.934
43. Current log-likelihood: -28313.848
44. Current log-likelihood: -28313.761
45. Current log-likelihood: -28313.674
46. Current log-likelihood: -28313.586
47. Current log-likelihood: -28313.498
48. Current log-likelihood: -28313.409
49. Current log-likelihood: -28313.320
50. Current log-likelihood: -28313.231
51. Current log-likelihood: -28313.141
52. Current log-likelihood: -28313.050
53. Current log-likelihood: -28312.959
54. Current log-likelihood: -28312.867
55. Current log-likelihood: -28312.775
56. Current log-likelihood: -28312.682
57. Current log-likelihood: -28312.589
58. Current log-likelihood: -28312.495
59. Current log-likelihood: -28312.401
60. Current log-likelihood: -28312.306
61. Current log-likelihood: -28312.211
62. Current log-likelihood: -28312.115
63. Current log-likelihood: -28312.018
64. Current log-likelihood: -28311.921
65. Current log-likelihood: -28311.823
66. Current log-likelihood: -28311.725
67. Current log-likelihood: -28311.626
68. Current log-likelihood: -28311.527
69. Current log-likelihood: -28311.426
70. Current log-likelihood: -28311.326
71. Current log-likelihood: -28311.224
72. Current log-likelihood: -28311.122
73. Current log-likelihood: -28311.020
74. Current log-likelihood: -28310.916
75. Current log-likelihood: -28310.812
76. Current log-likelihood: -28310.708
77. Current log-likelihood: -28310.602
78. Current log-likelihood: -28310.496
79. Current log-likelihood: -28310.390
80. Current log-likelihood: -28310.282
81. Current log-likelihood: -28310.174
82. Current log-likelihood: -28310.065
83. Current log-likelihood: -28309.956
84. Current log-likelihood: -28309.845
85. Current log-likelihood: -28309.734
86. Current log-likelihood: -28309.623
87. Current log-likelihood: -28309.510
88. Current log-likelihood: -28309.397
89. Current log-likelihood: -28309.283
90. Current log-likelihood: -28309.168
91. Current log-likelihood: -28309.052
92. Current log-likelihood: -28308.935
93. Current log-likelihood: -28308.818
94. Current log-likelihood: -28308.700
95. Current log-likelihood: -28308.581
96. Current log-likelihood: -28308.461
97. Current log-likelihood: -28308.340
98. Current log-likelihood: -28308.218
99. Current log-likelihood: -28308.095
Optimal log-likelihood: -28308.095
Rate parameters:  A-C: 1.00000  A-G: 69.63204  A-T: 1.00000  C-G: 1.00000  C-T: 69.63204  G-T: 1.00000
Base frequencies:  A: 0.319  C: 0.214  G: 0.198  T: 0.269
Proportion of invariable sites: 0.828
Parameters optimization took 99 rounds (0.772 sec)
BEST SCORE FOUND : -28308.095
Total tree length: 0.012

Total number of iterations: 102
CPU time used for tree search: 13.867 sec (0h:0m:13s)
Wall-clock time used for tree search: 8.529 sec (0h:0m:8s)
Total CPU time used: 24.699 sec (0h:0m:24s)
Total wall-clock time used: 14.155 sec (0h:0m:14s)

Analysis results written to: 
  IQ-TREE report:                results/ebov_sierraleone_2014/ebov_sierraleone_2014_mlrep5.iqtree
  Maximum-likelihood tree:       results/ebov_sierraleone_2014/ebov_sierraleone_2014_mlrep5.treefile
  Likelihood distances:          results/ebov_sierraleone_2014/ebov_sierraleone_2014_mlrep5.mldist
  Screen log file:               results/ebov_sierraleone_2014/ebov_sierraleone_2014_mlrep5.log

Date and Time: Wed Sep  9 00:24:58 2026
